Component: ARM Compiler 5.05 update 2 (build 169) Tool: armlink [4d0f33]

==============================================================================

Section Cross References

    web.o(i.imageFileInfo) refers to web.o(i.crc32_8bit) for crc32_8bit
    web.o(i.imageFileInfo) refers to web.o(.constdata) for imageFileTable
    board_led.o(i.LED_Initialize) refers to gpio_stm32f10x.o(i.GPIO_PortClock) for GPIO_PortClock
    board_led.o(i.LED_Initialize) refers to gpio_stm32f10x.o(i.GPIO_PinConfigure) for GPIO_PinConfigure
    board_led.o(i.LED_Initialize) refers to board_led.o(.constdata) for Pin_LED
    board_led.o(i.LED_Off) refers to board_led.o(.constdata) for Pin_LED
    board_led.o(i.LED_On) refers to board_led.o(.constdata) for Pin_LED
    board_led.o(i.LED_SetOut) refers to board_led.o(i.LED_On) for LED_On
    board_led.o(i.LED_SetOut) refers to board_led.o(i.LED_Off) for LED_Off
    board_led.o(i.LED_Uninitialize) refers to gpio_stm32f10x.o(i.GPIO_PinConfigure) for GPIO_PinConfigure
    board_led.o(i.LED_Uninitialize) refers to board_led.o(.constdata) for Pin_LED
    esp8266.o(i.ESP8266_GPIO_Config) refers to stm32f10x_rcc.o(i.RCC_APB2PeriphClockCmd) for RCC_APB2PeriphClockCmd
    esp8266.o(i.ESP8266_GPIO_Config) refers to stm32f10x_gpio.o(i.GPIO_Init) for GPIO_Init
    esp8266.o(i.ESP8266_init) refers to esp8266.o(i.ESP8266_GPIO_Config) for ESP8266_GPIO_Config
    esp8266.o(i.ESP8266_init) refers to stm32f10x_gpio.o(i.GPIO_SetBits) for GPIO_SetBits
    esp8266.o(i.ESP8266_init) refers to stm32f10x_gpio.o(i.GPIO_ResetBits) for GPIO_ResetBits
    esp8266.o(i.ESP8266_rst) refers to stm32f10x_gpio.o(i.GPIO_ResetBits) for GPIO_ResetBits
    esp8266.o(i.ESP8266_rst) refers to rt_cmsis.o(i.osDelay) for osDelay
    esp8266.o(i.ESP8266_rst) refers to stm32f10x_gpio.o(i.GPIO_SetBits) for GPIO_SetBits
    http_server_cgi.o(i.netCGI_ProcessData) refers to printfa.o(i.__0printf) for __2printf
    http_server_cgi.o(i.netCGI_ProcessData) refers to board_led.o(i.LED_SetOut) for LED_SetOut
    http_server_cgi.o(i.netCGI_ProcessData) refers to net_http_server.o(i.netCGI_GetEnvVar) for netCGI_GetEnvVar
    http_server_cgi.o(i.netCGI_ProcessData) refers to strcmp.o(.text) for strcmp
    http_server_cgi.o(i.netCGI_ProcessData) refers to strncmp.o(.text) for strncmp
    http_server_cgi.o(i.netCGI_ProcessData) refers to strcpy.o(.text) for strcpy
    http_server_cgi.o(i.netCGI_ProcessData) refers to http_server_cgi.o(.conststring) for .conststring
    http_server_cgi.o(i.netCGI_ProcessData) refers to http_server_cgi.o(.data) for P2
    http_server_cgi.o(i.netCGI_ProcessData) refers to main.o(.data) for LEDrun
    http_server_cgi.o(i.netCGI_ProcessData) refers to net_config.o(.constdata) for net_http_config
    http_server_cgi.o(i.netCGI_ProcessQuery) refers to printfa.o(i.__0printf) for __2printf
    http_server_cgi.o(i.netCGI_ProcessQuery) refers to net_http_server.o(i.netCGI_GetEnvVar) for netCGI_GetEnvVar
    http_server_cgi.o(i.netCGI_ProcessQuery) refers to strncmp.o(.text) for strncmp
    http_server_cgi.o(i.netCGI_ProcessQuery) refers to net_addr.o(i.netIP_aton) for netIP_aton
    http_server_cgi.o(i.netCGI_ProcessQuery) refers to net_config.o(.constdata) for net_localm
    http_server_cgi.o(i.netCGI_Script) refers to printfa.o(i.__0printf) for __2printf
    http_server_cgi.o(i.netCGI_Script) refers to net_addr.o(i.netIP_ntoa) for netIP_ntoa
    http_server_cgi.o(i.netCGI_Script) refers to printfa.o(i.__0sprintf) for __2sprintf
    http_server_cgi.o(i.netCGI_Script) refers to net_tcp.o(i.net_tcp_ntoa) for net_tcp_ntoa
    http_server_cgi.o(i.netCGI_Script) refers to net_http_server.o(i.netHTTPs_GetLanguage) for netHTTPs_GetLanguage
    http_server_cgi.o(i.netCGI_Script) refers to strncmp.o(.text) for strncmp
    http_server_cgi.o(i.netCGI_Script) refers to ffltui.o(.text) for __aeabi_ui2f
    http_server_cgi.o(i.netCGI_Script) refers to fmul.o(.text) for __aeabi_fmul
    http_server_cgi.o(i.netCGI_Script) refers to fdiv.o(.text) for __aeabi_fdiv
    http_server_cgi.o(i.netCGI_Script) refers to f2d.o(.text) for __aeabi_f2d
    http_server_cgi.o(i.netCGI_Script) refers to net_config.o(.constdata) for net_localm
    http_server_cgi.o(i.netCGI_Script) refers to main.o(.data) for LEDrun
    http_server_cgi.o(i.netCGI_Script) refers to http_server_cgi.o(.data) for P2
    http_server_cgi.o(i.netCGI_Script) refers to http_server_cgi.o(.conststring) for .conststring
    http_server_cgi.o(i.netCGI_Script) refers to http_server_cgi.o(.bss) for IP_Addr
    main.o(i.BlinkLed) refers to board_led.o(i.LED_SetOut) for LED_SetOut
    main.o(i.BlinkLed) refers to rt_cmsis.o(i.osDelay) for osDelay
    main.o(i.BlinkLed) refers to main.o(.data) for LEDrun
    main.o(i.main) refers to flash_spi.o(i.FLASH_SPI_initialize) for FLASH_SPI_initialize
    main.o(i.main) refers to port_08_12.o(i.Port_08_12_GPIO_Config) for Port_08_12_GPIO_Config
[...]
    isr_mbx_receive                          0x0800646d   Thumb Code    82  rt_mailbox.o(i.isr_mbx_receive)
    isr_mbx_send                             0x080064bf   Thumb Code    14  rt_mailbox.o(i.isr_mbx_send)
    isr_sem_send                             0x080064cd   Thumb Code    16  rt_semaphore.o(i.isr_sem_send)
    main                                     0x080064dd   Thumb Code    68  main.o(i.main)
    netCGI_Charset                           0x080065c9   Thumb Code     4  net_http_server.o(i.netCGI_Charset)
    netCGI_ContentType                       0x080065cd   Thumb Code     4  net_http_server.o(i.netCGI_ContentType)
    netCGI_GetEnvVar                         0x080065d1   Thumb Code   104  net_http_server.o(i.netCGI_GetEnvVar)
    netCGI_ProcessData                       0x0800663d   Thumb Code   400  http_server_cgi.o(i.netCGI_ProcessData)
    netCGI_ProcessQuery                      0x0800684d   Thumb Code   186  http_server_cgi.o(i.netCGI_ProcessQuery)
    netCGI_Redirect                          0x08006951   Thumb Code     4  net_http_server.o(i.netCGI_Redirect)
    netCGI_Script                            0x08006955   Thumb Code   932  http_server_cgi.o(i.netCGI_Script)
    netCGX_ContentType                       0x08006dc1   Thumb Code     4  net_http_server.o(i.netCGX_ContentType)
    netCore_Thread                           0x08006dc5   Thumb Code    76  net_sys.o(i.netCore_Thread)
    netHTTPs_AcceptClient                    0x08006e1d   Thumb Code     4  net_http_server.o(i.netHTTPs_AcceptClient)
    netHTTPs_CheckAccount                    0x08006e21   Thumb Code     4  net_http_server.o(i.netHTTPs_CheckAccount)
    netHTTPs_FileAccess                      0x08006e25   Thumb Code     4  net_http_server.o(i.netHTTPs_FileAccess)
    netHTTPs_GetLanguage                     0x08006e29   Thumb Code    24  net_http_server.o(i.netHTTPs_GetLanguage)
    netHTTPs_fclose                          0x08006e49   Thumb Code     2  net_config.o(i.netHTTPs_fclose)
    netHTTPs_fgets                           0x08006e4b   Thumb Code     4  net_config.o(i.netHTTPs_fgets)
    netHTTPs_fopen                           0x08006e4f   Thumb Code     4  net_config.o(i.netHTTPs_fopen)
    netHTTPs_fread                           0x08006e53   Thumb Code     4  net_config.o(i.netHTTPs_fread)
    netHTTPs_fstat                           0x08006e57   Thumb Code     2  net_config.o(i.netHTTPs_fstat)
    netIP_aton                               0x08006e59   Thumb Code    16  net_addr.o(i.netIP_aton)
    netIP_ntoa                               0x08006e69   Thumb Code    30  net_addr.o(i.netIP_ntoa)
    netInitialize                            0x08006e89   Thumb Code   162  net_sys.o(i.netInitialize)
    netSLIP_Listen                           0x08006f9d   Thumb Code    48  net_slip.o(i.netSLIP_Listen)
    netSLIP_Thread                           0x08006fe5   Thumb Code    90  net_slip.o(i.netSLIP_Thread)
    netTLS_buf                               0x08007049   Thumb Code     4  net_config.o(i.netTLS_buf)
    netTLS_close                             0x0800704d   Thumb Code     2  net_config.o(i.netTLS_close)
    netTLS_send                              0x0800704f   Thumb Code     2  net_config.o(i.netTLS_send)
    netTLS_socket                            0x08007051   Thumb Code     4  net_config.o(i.netTLS_socket)
    net_addr4_aton                           0x08007055   Thumb Code    82  net_addr.o(i.net_addr4_aton)
    net_addr4_is_subnet                      0x080070bd   Thumb Code    26  net_addr.o(i.net_addr4_is_subnet)
    net_addr4_ntoa                           0x080070d9   Thumb Code     6  net_addr.o(i.net_addr4_ntoa)
    net_addr_ntoa                            0x080070e5   Thumb Code    14  net_addr.o(i.net_addr_ntoa)
    net_b64_decode                           0x080070f9   Thumb Code   122  net_common.o(i.net_b64_decode)
    net_com_flush_buf                        0x08007175   Thumb Code    28  net_serial.o(i.net_com_flush_buf)
    net_com_init                             0x08007199   Thumb Code   104  net_serial.o(i.net_com_init)
    net_com_recv_char                        0x08007209   Thumb Code    40  net_serial.o(i.net_com_recv_char)
    net_com_send_char                        0x08007235   Thumb Code    46  net_serial.o(i.net_com_send_char)
    net_com_tx_active                        0x08007269   Thumb Code    22  net_serial.o(i.net_com_tx_active)
    net_dbg_error                            0x08007285   Thumb Code   106  net_debug.o(i.net_dbg_error)
    net_dbg_info                             0x08007301   Thumb Code     4  net_debug.o(i.net_dbg_info)
    net_dbg_proc                             0x08007305   Thumb Code    12  net_sys.o(i.net_dbg_proc)
    net_debug_init                           0x08007315   Thumb Code     2  net_debug.o(i.net_debug_init)
    net_eth_is_my_addr                       0x08007317   Thumb Code     4  net_config.o(i.net_eth_is_my_addr)
    net_eth_send_frame                       0x0800731b   Thumb Code     4  net_config.o(i.net_eth_send_frame)
    net_http_server_init                     0x08007321   Thumb Code   182  net_http_server.o(i.net_http_server_init)
    net_http_server_run                      0x08007439   Thumb Code    14  net_http_server.o(i.net_http_server_run)
    net_icmp_process                         0x0800744d   Thumb Code   290  net_icmp.o(i.net_icmp_process)
    net_icmp_send_echo                       0x080076b9   Thumb Code   122  net_icmp.o(i.net_icmp_send_echo)
    net_igmp_is_member                       0x0800773d   Thumb Code     4  net_config.o(i.net_igmp_is_member)
    net_ip4_checksum                         0x08007741   Thumb Code    76  net_ip4.o(i.net_ip4_checksum)
    net_ip4_chk_frame                        0x0800778d   Thumb Code   250  net_ip4.o(i.net_ip4_chk_frame)
    net_ip4_chksum_buf                       0x08007969   Thumb Code    50  net_ip4.o(i.net_ip4_chksum_buf)
    net_ip4_get_local                        0x0800799d   Thumb Code    52  net_ip4.o(i.net_ip4_get_local)
    net_ip4_init                             0x080079dd   Thumb Code    12  net_ip4.o(i.net_ip4_init)
    net_ip4_is_subcast                       0x080079ed   Thumb Code    38  net_ip4.o(i.net_ip4_is_subcast)
    net_ip4_send_frame                       0x08007a19   Thumb Code   310  net_ip4.o(i.net_ip4_send_frame)
    net_ip4_tx_offload                       0x08007ba1   Thumb Code    44  net_ip4.o(i.net_ip4_tx_offload)
    net_loop_iface_init                      0x08007bd5   Thumb Code    34  net_loop.o(i.net_loop_iface_init)
    net_loop_iface_run                       0x08007c11   Thumb Code   108  net_loop.o(i.net_loop_iface_run)
    net_loop_send_frame                      0x08007ca1   Thumb Code    94  net_loop.o(i.net_loop_send_frame)
    net_mem_alloc                            0x08007d2d   Thumb Code   168  net_mem.o(i.net_mem_alloc)
    net_mem_avail                            0x08007e51   Thumb Code    22  net_mem.o(i.net_mem_avail)
    net_mem_free                             0x08007e6d   Thumb Code   136  net_mem.o(i.net_mem_free)
    net_mem_init                             0x08007f59   Thumb Code   110  net_mem.o(i.net_mem_init)
    net_mem_shrink                           0x08008009   Thumb Code    60  net_mem.o(i.net_mem_shrink)
    net_modem_hangup                         0x08008069   Thumb Code    16  net_modem_drv.o(i.net_modem_hangup)
    net_modem_init                           0x0800807d   Thumb Code    30  net_modem_drv.o(i.net_modem_init)
    net_modem_listen                         0x080080a5   Thumb Code    22  net_modem_drv.o(i.net_modem_listen)
    net_modem_online                         0x080080c1   Thumb Code    10  net_modem_drv.o(i.net_modem_online)
    net_modem_process                        0x080080d1   Thumb Code   130  net_modem_drv.o(i.net_modem_process)
    net_modem_run                            0x08008159   Thumb Code    74  net_modem_drv.o(i.net_modem_run)
    net_path                                 0x080081a9   Thumb Code    48  net_sys.o(i.net_path)
    net_ping_client_init                     0x080081dd   Thumb Code    20  net_ping.o(i.net_ping_client_init)
    net_ping_client_run                      0x08008205   Thumb Code    88  net_ping.o(i.net_ping_client_run)
    net_ppp_send_frame                       0x08008291   Thumb Code     4  net_config.o(i.net_ppp_send_frame)
    net_rand32                               0x08008295   Thumb Code    18  net_sys.o(i.net_rand32)
    net_slip_iface_init                      0x080082b1   Thumb Code   136  net_slip.o(i.net_slip_iface_init)
    net_slip_iface_run                       0x08008385   Thumb Code   150  net_slip.o(i.net_slip_iface_run)
    net_slip_send_frame                      0x08008471   Thumb Code    94  net_slip.o(i.net_slip_send_frame)
    net_strchr                               0x0800852d   Thumb Code    22  net_common.o(i.net_strchr)
    net_strcmp                               0x08008543   Thumb Code    26  net_common.o(i.net_strcmp)
    net_strcpy                               0x0800855d   Thumb Code    18  net_common.o(i.net_strcpy)
    net_sys_error                            0x0800856f   Thumb Code     2  net_config.o(i.net_sys_error)
    net_sys_lock                             0x08008571   Thumb Code    12  net_sys.o(i.net_sys_lock)
    net_sys_unlock                           0x08008595   Thumb Code     8  net_sys.o(i.net_sys_unlock)
    net_sys_wakeup                           0x080085a1   Thumb Code    24  net_sys.o(i.net_sys_wakeup)
    net_tcp_abort                            0x080085c1   Thumb Code   120  net_tcp.o(i.net_tcp_abort)
    net_tcp_close                            0x0800868d   Thumb Code   206  net_tcp.o(i.net_tcp_close)
    net_tcp_get_buf                          0x080087cd   Thumb Code    40  net_tcp.o(i.net_tcp_get_buf)
    net_tcp_get_mss                          0x08008811   Thumb Code    34  net_tcp.o(i.net_tcp_get_mss)
    net_tcp_get_socket                       0x08008839   Thumb Code    96  net_tcp.o(i.net_tcp_get_socket)
    net_tcp_get_state                        0x080088f1   Thumb Code    40  net_tcp.o(i.net_tcp_get_state)
    net_tcp_listen                           0x0800891d   Thumb Code   150  net_tcp.o(i.net_tcp_listen)
    net_tcp_ntoa                             0x08008a31   Thumb Code     8  net_tcp.o(i.net_tcp_ntoa)
    net_tcp_process                          0x08008a3d   Thumb Code  2254  net_tcp.o(i.net_tcp_process)
    net_tcp_send                             0x08009551   Thumb Code   306  net_tcp.o(i.net_tcp_send)
    net_tcp_set_option                       0x080097a1   Thumb Code   260  net_tcp.o(i.net_tcp_set_option)
    net_tcp_socket_init                      0x08009999   Thumb Code    40  net_tcp.o(i.net_tcp_socket_init)
    net_tcp_socket_run                       0x080099e9   Thumb Code   788  net_tcp.o(i.net_tcp_socket_run)
    net_udp_process                          0x08009e89   Thumb Code     2  net_config.o(i.net_udp_process)
    osDelay                                  0x08009e8d   Thumb Code    18  rt_cmsis.o(i.osDelay)
    osKernelInitialize                       0x08009ea5   Thumb Code    30  rt_cmsis.o(i.osKernelInitialize)
    osKernelStart                            0x08009ec9   Thumb Code    98  rt_cmsis.o(i.osKernelStart)
    osMessageGet                             0x08009f35   Thumb Code    18  rt_cmsis.o(i.osMessageGet)
    osMutexCreate                            0x08009f4d   Thumb Code    38  rt_cmsis.o(i.osMutexCreate)
    osMutexRelease                           0x08009f7d   Thumb Code    18  rt_cmsis.o(i.osMutexRelease)
    osMutexWait                              0x08009f95   Thumb Code    18  rt_cmsis.o(i.osMutexWait)
    osSemaphoreCreate                        0x08009fad   Thumb Code    38  rt_cmsis.o(i.osSemaphoreCreate)
    osSemaphoreRelease                       0x08009fdd   Thumb Code    18  rt_cmsis.o(i.osSemaphoreRelease)
    osSemaphoreWait                          0x08009ff5   Thumb Code    20  rt_cmsis.o(i.osSemaphoreWait)
    osSignalClear                            0x0800a00d   Thumb Code    20  rt_cmsis.o(i.osSignalClear)
    osSignalSet                              0x0800a025   Thumb Code    18  rt_cmsis.o(i.osSignalSet)
    osSignalWait                             0x0800a03d   Thumb Code    18  rt_cmsis.o(i.osSignalWait)
    osThreadCreate                           0x0800a055   Thumb Code    38  rt_cmsis.o(i.osThreadCreate)
    osThreadExit                             0x0800a085   Thumb Code    14  rt_cmsis.o(i.osThreadExit)
    osThreadYield                            0x0800a09d   Thumb Code    18  rt_cmsis.o(i.osThreadYield)
    osTimerCall                              0x0800a0b5   Thumb Code     8  rt_cmsis.o(i.osTimerCall)
    osTimerCreate                            0x0800a0c1   Thumb Code    44  rt_cmsis.o(i.osTimerCreate)
    osTimerStart                             0x0800a0f5   Thumb Code    18  rt_cmsis.o(i.osTimerStart)
    osTimerThread                            0x0800a10d   Thumb Code    38  rt_cmsis.o(i.osTimerThread)
    os_error                                 0x0800a139   Thumb Code    32  rtx_conf_cm.o(i.os_error)
    os_idle_demon                            0x0800a159   Thumb Code     4  rtx_conf_cm.o(i.os_idle_demon)
    os_tick_init                             0x0800a15d   Thumb Code    32  rt_system.o(i.os_tick_init)
    os_tick_irqack                           0x0800a185   Thumb Code     2  rt_system.o(i.os_tick_irqack)
    rt_alloc_box                             0x0800a287   Thumb Code    26  rt_membox.o(i.rt_alloc_box)
    rt_alloc_mem                             0x0800a2a1   Thumb Code    62  rt_memory.o(i.rt_alloc_mem)
    rt_block                                 0x0800a2e1   Thumb Code    48  rt_task.o(i.rt_block)
    rt_chk_robin                             0x0800a319   Thumb Code    60  rt_robin.o(i.rt_chk_robin)
    rt_dec_dly                               0x0800a361   Thumb Code   102  rt_list.o(i.rt_dec_dly)
    rt_dispatch                              0x0800a3d1   Thumb Code    60  rt_task.o(i.rt_dispatch)
    rt_dly_wait                              0x0800a415   Thumb Code     6  rt_time.o(i.rt_dly_wait)
    rt_evt_clr                               0x0800a41d   Thumb Code    22  rt_event.o(i.rt_evt_clr)
    rt_evt_psh                               0x0800a439   Thumb Code    76  rt_event.o(i.rt_evt_psh)
    rt_evt_set                               0x0800a489   Thumb Code    88  rt_event.o(i.rt_evt_set)
    rt_evt_wait                              0x0800a4e5   Thumb Code    56  rt_event.o(i.rt_evt_wait)
    rt_free_box                              0x0800a521   Thumb Code    32  rt_membox.o(i.rt_free_box)
    rt_free_mem                              0x0800a541   Thumb Code    40  rt_memory.o(i.rt_free_mem)
    rt_get_first                             0x0800a569   Thumb Code    40  rt_list.o(i.rt_get_first)
    rt_get_same_rdy_prio                     0x0800a591   Thumb Code    26  rt_list.o(i.rt_get_same_rdy_prio)
    rt_init_mem                              0x0800a605   Thumb Code    26  rt_memory.o(i.rt_init_mem)
    rt_init_robin                            0x0800a621   Thumb Code    14  rt_robin.o(i.rt_init_robin)
    rt_init_stack                            0x0800a639   Thumb Code   118  hal_cm.o(i.rt_init_stack)
    rt_mbx_check                             0x0800a6b9   Thumb Code     8  rt_mailbox.o(i.rt_mbx_check)
    rt_mbx_init                              0x0800a6c1   Thumb Code    26  rt_mailbox.o(i.rt_mbx_init)
    rt_mbx_psh                               0x0800a6dd   Thumb Code   236  rt_mailbox.o(i.rt_mbx_psh)
    rt_mbx_wait                              0x0800a7cd   Thumb Code   174  rt_mailbox.o(i.rt_mbx_wait)
    rt_mut_init                              0x0800a8bd   Thumb Code    16  rt_mutex.o(i.rt_mut_init)
    rt_mut_release                           0x0800a8cd   Thumb Code   208  rt_mutex.o(i.rt_mut_release)
    rt_mut_wait                              0x0800a9a5   Thumb Code   100  rt_mutex.o(i.rt_mut_wait)
    rt_pop_req                               0x0800aa0d   Thumb Code   112  rt_system.o(i.rt_pop_req)
    rt_psh_req                               0x0800aa89   Thumb Code    22  rt_system.o(i.rt_psh_req)
    rt_psq_enq                               0x0800aaa9   Thumb Code    88  rt_list.o(i.rt_psq_enq)
    rt_put_dly                               0x0800ab05   Thumb Code    68  rt_list.o(i.rt_put_dly)
    rt_put_prio                              0x0800ab4d   Thumb Code    54  rt_list.o(i.rt_put_prio)
    rt_put_rdy_first                         0x0800ab85   Thumb Code    14  rt_list.o(i.rt_put_rdy_first)
    rt_resort_prio                           0x0800ab99   Thumb Code    46  rt_list.o(i.rt_resort_prio)
    rt_ret_val                               0x0800abcd   Thumb Code     6  hal_cm.o(i.rt_ret_val)
    rt_ret_val2                              0x0800abd3   Thumb Code     8  hal_cm.o(i.rt_ret_val2)
    rt_rmv_dly                               0x0800abdb   Thumb Code    40  rt_list.o(i.rt_rmv_dly)
    rt_rmv_list                              0x0800ac05   Thumb Code    44  rt_list.o(i.rt_rmv_list)
    rt_sem_init                              0x0800ac35   Thumb Code    12  rt_semaphore.o(i.rt_sem_init)
    rt_sem_psh                               0x0800ac41   Thumb Code    48  rt_semaphore.o(i.rt_sem_psh)
    rt_sem_send                              0x0800ac75   Thumb Code    42  rt_semaphore.o(i.rt_sem_send)
    rt_sem_wait                              0x0800aca1   Thumb Code    58  rt_semaphore.o(i.rt_sem_wait)
    rt_stk_check                             0x0800ace1   Thumb Code    28  rt_system.o(i.rt_stk_check)
    rt_switch_req                            0x0800ad05   Thumb Code    30  rt_task.o(i.rt_switch_req)
    rt_sys_init                              0x0800ad2d   Thumb Code   138  rt_task.o(i.rt_sys_init)
    rt_sys_start                             0x0800adf9   Thumb Code   110  rt_task.o(i.rt_sys_start)
    rt_systick                               0x0800ae71   Thumb Code    50  rt_system.o(i.rt_systick)
    rt_tsk_create                            0x0800af35   Thumb Code   112  rt_task.o(i.rt_tsk_create)
    rt_tsk_delete                            0x0800afb5   Thumb Code   342  rt_task.o(i.rt_tsk_delete)
    rt_tsk_pass                              0x0800b129   Thumb Code    38  rt_task.o(i.rt_tsk_pass)
    rt_tsk_prio                              0x0800b159   Thumb Code   108  rt_task.o(i.rt_tsk_prio)
    rt_tsk_self                              0x0800b1d5   Thumb Code    12  rt_task.o(i.rt_tsk_self)
    svcDelay                                 0x0800b3f9   Thumb Code    20  rt_cmsis.o(i.svcDelay)
    svcKernelInitialize                      0x0800b40d   Thumb Code    80  rt_cmsis.o(i.svcKernelInitialize)
    svcKernelStart                           0x0800b47d   Thumb Code    62  rt_cmsis.o(i.svcKernelStart)
    svcMessageCreate                         0x0800b4c5   Thumb Code    36  rt_cmsis.o(i.svcMessageCreate)
    svcMessageGet                            0x0800b4e9   Thumb Code    58  rt_cmsis.o(i.svcMessageGet)
    svcMutexCreate                           0x0800b523   Thumb Code    28  rt_cmsis.o(i.svcMutexCreate)
    svcMutexRelease                          0x0800b53f   Thumb Code    34  rt_cmsis.o(i.svcMutexRelease)
    svcMutexWait                             0x0800b561   Thumb Code    54  rt_cmsis.o(i.svcMutexWait)
    svcSemaphoreCreate                       0x0800b597   Thumb Code    36  rt_cmsis.o(i.svcSemaphoreCreate)
    svcSemaphoreRelease                      0x0800b5bb   Thumb Code    40  rt_cmsis.o(i.svcSemaphoreRelease)
    svcSemaphoreWait                         0x0800b5e3   Thumb Code    50  rt_cmsis.o(i.svcSemaphoreWait)
    svcSignalClear                           0x0800b615   Thumb Code    36  rt_cmsis.o(i.svcSignalClear)
    svcSignalSet                             0x0800b639   Thumb Code    36  rt_cmsis.o(i.svcSignalSet)
    svcSignalWait                            0x0800b65d   Thumb Code    80  rt_cmsis.o(i.svcSignalWait)
    svcThreadCreate                          0x0800b6b1   Thumb Code   100  rt_cmsis.o(i.svcThreadCreate)
    svcThreadGetId                           0x0800b721   Thumb Code    22  rt_cmsis.o(i.svcThreadGetId)
    svcThreadTerminate                       0x0800b73d   Thumb Code    50  rt_cmsis.o(i.svcThreadTerminate)
    svcThreadYield                           0x0800b775   Thumb Code    10  rt_cmsis.o(i.svcThreadYield)
    svcTimerCall                             0x0800b77f   Thumb Code    24  rt_cmsis.o(i.svcTimerCall)
    svcTimerCreate                           0x0800b799   Thumb Code    52  rt_cmsis.o(i.svcTimerCreate)
    svcTimerStart                            0x0800b7d1   Thumb Code    96  rt_cmsis.o(i.svcTimerStart)
    sysTimerTick                             0x0800b835   Thumb Code    84  rt_cmsis.o(i.sysTimerTick)
    imageLastModified                        0x0800c17c   Data           4  web.o(.constdata)
    Pin_LED                                  0x0800fb68   Data          24  board_led.o(.constdata)
    os_thread_def_BlinkLed                   0x0800fb80   Data          16  main.o(.constdata)
    ascii_Dot                                0x0800fb90   Data        1520  led_display.o(.constdata)
    os_thread_def_LED_Display                0x08010180   Data          16  led_display.o(.constdata)
    os_maxtaskrun                            0x08010190   Data           2  rtx_conf_cm.o(.constdata)
    os_stackinfo                             0x08010194   Data           4  rtx_conf_cm.o(.constdata)
    os_rrobin                                0x08010198   Data           4  rtx_conf_cm.o(.constdata)
    os_tickfreq                              0x0801019c   Data           4  rtx_conf_cm.o(.constdata)
    os_tickus_i                              0x080101a0   Data           2  rtx_conf_cm.o(.constdata)
    os_tickus_f                              0x080101a2   Data           2  rtx_conf_cm.o(.constdata)
    os_trv                                   0x080101a4   Data           4  rtx_conf_cm.o(.constdata)
    os_flags                                 0x080101a8   Data           1  rtx_conf_cm.o(.constdata)
    CMSIS_RTOS_API_Version                   0x080101ac   Data           4  rtx_conf_cm.o(.constdata)
    CMSIS_RTOS_RTX_Version                   0x080101b0   Data           4  rtx_conf_cm.o(.constdata)
    os_clockrate                             0x080101b4   Data           4  rtx_conf_cm.o(.constdata)
    os_timernum                              0x080101b8   Data           4  rtx_conf_cm.o(.constdata)
    mp_tcb_size                              0x080101bc   Data           2  rtx_conf_cm.o(.constdata)
    mp_stk_size                              0x080101c0   Data           4  rtx_conf_cm.o(.constdata)
    os_stack_sz                              0x080101c4   Data           4  rtx_conf_cm.o(.constdata)
    os_fifo_size                             0x080101c8   Data           1  rtx_conf_cm.o(.constdata)
    os_thread_def_osTimerThread              0x080101cc   Data          16  rtx_conf_cm.o(.constdata)
    os_messageQ_def_osTimerMessageQ          0x080101dc   Data           8  rtx_conf_cm.o(.constdata)
    mp_tmr_size                              0x080101e4   Data           2  rtx_conf_cm.o(.constdata)
    Driver_USART1                            0x080102c4   Data          56  usart_stm32f10x.o(.constdata)
    Driver_USART2                            0x080102fc   Data          56  usart_stm32f10x.o(.constdata)
    Driver_USART3                            0x08010334   Data          56  usart_stm32f10x.o(.constdata)
    Driver_MODEM                             0x0801036c   Data          28  modem_null.o(.constdata)
    os_mutex_def_net_lock                    0x08010398   Data           4  net_config.o(.constdata)
    os_mutex_def_mem_lock                    0x0801039c   Data           4  net_config.o(.constdata)
    net_sys_config                           0x080103a0   Data          32  net_config.o(.constdata)
    os_semaphore_def_slip_lock               0x080103d0   Data           4  net_config.o(.constdata)
    net_slip_config                          0x080103d4   Data          40  net_config.o(.constdata)
    net_localm                               0x080103fc   Data          12  net_config.o(.constdata)
    net_localm6                              0x08010408   Data          12  net_config.o(.constdata)
    net_tcp_config                           0x08010414   Data          20  net_config.o(.constdata)
    net_http_config                          0x08010428   Data          40  net_config.o(.constdata)
    net_sys_func                             0x08010450   Data          48  net_config.o(.constdata)
    net_ping_payload                         0x080105be   Data          18  net_ping.o(.constdata)
    os_timer_def_net_tick                    0x080105d0   Data           8  net_sys.o(.constdata)
    net_addr4_bcast                          0x08010686   Data           4  net_ip4.o(.constdata)
    net_addr4_loopback                       0x0801068a   Data           4  net_ip4.o(.constdata)
    net_http_error                           0x080106c0   Data          24  net_http_server_err.o(.constdata)
    __ctype_table                            0x080106d8   Data         129  ctype_o.o(.constdata)
    Region$$Table$$Base                      0x08010b70   Number         0  anon$$obj.o(Region$$Table)
    Region$$Table$$Limit                     0x08010b90   Number         0  anon$$obj.o(Region$$Table)
    LEDrun                                   0x20000008   Data           1  main.o(.data)
    osThreadId_osTimerThread                 0x20000024   Data           4  rtx_conf_cm.o(.data)
    osMessageQId_osTimerMessageQ             0x20000028   Data           4  rtx_conf_cm.o(.data)
    os_tmr                                   0x2000002c   Data           4  rtx_conf_cm.o(.data)
    m_tmr                                    0x20000030   Data           4  rtx_conf_cm.o(.data)
    os_thread_def_main                       0x20000034   Data          16  rtx_conf_cm.o(.data)
    os_initialized                           0x20000054   Data           1  rt_cmsis.o(.data)
    os_running                               0x20000055   Data           1  rt_cmsis.o(.data)
    os_timer_head                            0x20000058   Data           4  rt_cmsis.o(.data)
    os_tsk                                   0x2000008c   Data           8  rt_task.o(.data)
    os_tick_irqn                             0x20000098   Data           4  rt_system.o(.data)
    os_time                                  0x2000009c   Data           4  rt_time.o(.data)
    dbg_msg                                  0x200000a0   Data           1  hal_cm.o(.data)
    os_robin                                 0x200000ac   Data           8  rt_robin.o(.data)
    __stdout                                 0x200000b4   Data           4  stdout.o(.data)
    IP_Addr                                  0x200000bc   Data          20  http_server_cgi.o(.bss)
    data                                     0x200000d0   Data         304  led_display.o(.bss)
    mp_tcb                                   0x20000200   Data         688  rtx_conf_cm.o(.bss)
    mp_stk                                   0x200004b0   Data        5616  rtx_conf_cm.o(.bss)
    os_stack_mem                             0x20001aa0   Data        4368  rtx_conf_cm.o(.bss)
    os_fifo                                  0x20002bb0   Data         132  rtx_conf_cm.o(.bss)
    os_active_TCB                            0x20002c34   Data          52  rtx_conf_cm.o(.bss)
    os_messageQ_q_osTimerMessageQ            0x20002c68   Data          32  rtx_conf_cm.o(.bss)
    net_ping_control                         0x2000606c   Data          32  net_ping.o(.bss)
    net_sys_control                          0x2000608c   Data          48  net_sys.o(.bss)
    os_timer_cb_net_tick                     0x200060bc   Data          24  net_sys.o(.bss)
    os_idle_TCB                              0x200060f8   Data          52  rt_task.o(.bss)
    os_rdy                                   0x2000612c   Data          24  rt_list.o(.bss)
    os_dly                                   0x20006144   Data          24  rt_list.o(.bss)
    __initial_sp                             0x200066f8   Data           0  startup_stm32f10x_hd.o(STACK)



==============================================================================

Memory Map of the image

  Image Entry point : 0x08000131

  Load Region LR_IROM1 (Base: 0x08000000, Size: 0x00010c4c, Max: 0x00080000, ABSOLUTE)

    Execution Region ER_IROM1 (Base: 0x08000000, Size: 0x00010b90, Max: 0x00080000, ABSOLUTE)

    Base Addr    Size         Type   Attr      Idx    E Section Name        Object

    0x08000000   0x00000130   Data   RO         2070    RESET               startup_stm32f10x_hd.o
    0x08000130   0x00000000   Code   RO         4117  * .ARM.Collect$$$$00000000  mc_w.l(entry.o)
    0x08000130   0x00000004   Code   RO         4413    .ARM.Collect$$$$00000001  mc_w.l(entry2.o)
    0x08000134   0x00000004   Code   RO         4416    .ARM.Collect$$$$00000004  mc_w.l(entry5.o)
    0x08000138   0x00000000   Code   RO         4418    .ARM.Collect$$$$00000008  mc_w.l(entry7b.o)
    0x08000138   0x00000000   Code   RO         4420    .ARM.Collect$$$$0000000A  mc_w.l(entry8b.o)
    0x08000138   0x00000000   Code   RO         4421    .ARM.Collect$$$$0000000D  mc_w.l(entry10a.o)
    0x08000138   0x00000000   Code   RO         4423    .ARM.Collect$$$$0000000F  mc_w.l(entry11a.o)
    0x08000138   0x00000018   Code   RO         1447    .ARM.Collect$$$$000000FF  rtx_conf_cm.o
    0x08000150   0x00000004   Code   RO         4414    .ARM.Collect$$$$00002712  mc_w.l(entry2.o)
    0x08000154   0x00000008   Code   RO         3299    .emb_text           Net4_Dbg_CM3_L.lib(net_sys.o)
    0x0800015c   0x00000130   Code   RO         4104    .emb_text           RTX_CM3.lib(hal_cm3.o)
    0x0800028c   0x00000024   Code   RO         2071    .text               startup_stm32f10x_hd.o
    0x080002b0   0x00000062   Code   RO         4120    .text               mc_w.l(uldiv.o)
    0x08000312   0x00000024   Code   RO         4122    .text               mc_w.l(memcpya.o)
    0x08000336   0x00000024   Code   RO         4124    .text               mc_w.l(memseta.o)
    0x0800035a   0x0000000e   Code   RO         4126    .text               mc_w.l(strlen.o)
    0x08000368   0x0000001c   Code   RO         4128    .text               mc_w.l(strcmp.o)
    0x08000384   0x0000001a   Code   RO         4130    .text               mc_w.l(memcmp.o)
    0x0800039e   0x00000012   Code   RO         4132    .text               mc_w.l(strcpy.o)
    0x080003b0   0x0000001e   Code   RO         4134    .text               mc_w.l(strncmp.o)
    0x080003ce   0x00000002   PAD
    0x080003d0   0x00000038   Code   RO         4399    .text               mc_w.l(__0sscanf.o)
    0x08000408   0x0000014c   Code   RO         4401    .text               mc_w.l(_scanf_int.o)
    0x08000554   0x0000001a   Code   RO         4403    .text               mc_w.l(atoi.o)
    0x0800056e   0x00000064   Code   RO         4405    .text               mf_w.l(fmul.o)
    0x080005d2   0x0000007c   Code   RO         4407    .text               mf_w.l(fdiv.o)
    0x0800064e   0x0000000a   Code   RO         4409    .text               mf_w.l(ffltui.o)
    0x08000658   0x00000026   Code   RO         4411    .text               mf_w.l(f2d.o)
    0x0800067e   0x0000002c   Code   RO         4426    .text               mc_w.l(uidiv.o)
    0x080006aa   0x0000001e   Code   RO         4428    .text               mc_w.l(llshl.o)
    0x080006c8   0x00000020   Code   RO         4430    .text               mc_w.l(llushr.o)
    0x080006e8   0x0000001c   Code   RO         4439    .text               mc_w.l(_chval.o)
    0x08000704   0x00000028   Code   RO         4441    .text               mc_w.l(scanf_char.o)
    0x0800072c   0x00000040   Code   RO         4443    .text               mc_w.l(_sgetc.o)
    0x0800076c   0x00000070   Code   RO         4445    .text               mc_w.l(strtol.o)
    0x080007dc   0x00000000   Code   RO         4447    .text               mc_w.l(iusefp.o)
    0x080007dc   0x0000006e   Code   RO         4448    .text               mf_w.l(fepilogue.o)
    0x0800084a   0x0000014e   Code   RO         4450    .text               mf_w.l(dadd.o)
    0x08000998   0x000000e4   Code   RO         4452    .text               mf_w.l(dmul.o)
    0x08000a7c   0x000000de   Code   RO         4454    .text               mf_w.l(ddiv.o)
    0x08000b5a   0x00000030   Code   RO         4456    .text               mf_w.l(dfixul.o)
    0x08000b8a   0x00000002   PAD
    0x08000b8c   0x00000030   Code   RO         4458    .text               mf_w.l(cdrcmple.o)
    0x08000bbc   0x00000024   Code   RO         4460    .text               mc_w.l(init.o)
    0x08000be0   0x00000024   Code   RO         4462    .text               mc_w.l(llsshr.o)
    0x08000c04   0x00000008   Code   RO         4466    .text               mc_w.l(ctype_o.o)
    0x08000c0c   0x00000012   Code   RO         4488    .text               mc_w.l(isspace_o.o)
    0x08000c1e   0x00000002   PAD
    0x08000c20   0x0000032c   Code   RO         4494    .text               mc_w.l(_scanf.o)
    0x08000f4c   0x0000009e   Code   RO         4496    .text               mc_w.l(_strtoul.o)
    0x08000fea   0x000000ba   Code   RO         4498    .text               mf_w.l(depilogue.o)
    0x080010a4   0x00000004   Code   RO         4114    SVC_TABLE           RTX_CM3.lib(svc_table.o)
    0x080010a8   0x00000048   Code   RO          245    i.BlinkLed          main.o
    0x080010f0   0x00000002   Code   RO         1822    i.DMA1_Channel1_Event  dma_stm32f10x.o
    0x080010f2   0x00000002   PAD
    0x080010f4   0x0000001c   Code   RO         1823    i.DMA1_Channel1_IRQHandler  dma_stm32f10x.o
    0x08001110   0x00000002   Code   RO         1824    i.DMA1_Channel2_Event  dma_stm32f10x.o
    0x08001112   0x00000002   PAD
    0x08001114   0x0000001c   Code   RO         1825    i.DMA1_Channel2_IRQHandler  dma_stm32f10x.o
    0x08001130   0x00000002   Code   RO         1826    i.DMA1_Channel3_Event  dma_stm32f10x.o
    0x08001132   0x00000002   PAD
    0x08001134   0x0000001c   Code   RO         1827    i.DMA1_Channel3_IRQHandler  dma_stm32f10x.o
    0x08001150   0x00000002   Code   RO         1828    i.DMA1_Channel4_Event  dma_stm32f10x.o
    0x08001152   0x00000002   PAD
    0x08001154   0x0000001c   Code   RO         1829    i.DMA1_Channel4_IRQHandler  dma_stm32f10x.o
    0x08001170   0x00000002   Code   RO         1830    i.DMA1_Channel5_Event  dma_stm32f10x.o
    0x08001172   0x00000002   PAD
    0x08001174   0x0000001c   Code   RO         1831    i.DMA1_Channel5_IRQHandler  dma_stm32f10x.o
    0x08001190   0x00000002   Code   RO         1832    i.DMA1_Channel6_Event  dma_stm32f10x.o
    0x08001192   0x00000002   PAD
    0x08001194   0x0000001c   Code   RO         1833    i.DMA1_Channel6_IRQHandler  dma_stm32f10x.o
    0x080011b0   0x00000002   Code   RO         1834    i.DMA1_Channel7_Event  dma_stm32f10x.o
    0x080011b2   0x00000002   PAD
    0x080011b4   0x0000001c   Code   RO         1835    i.DMA1_Channel7_IRQHandler  dma_stm32f10x.o
    0x080011d0   0x00000002   Code   RO         1836    i.DMA2_Channel1_Event  dma_stm32f10x.o
    0x080011d2   0x00000002   PAD
    0x080011d4   0x0000001c   Code   RO         1837    i.DMA2_Channel1_IRQHandler  dma_stm32f10x.o
    0x080011f0   0x00000002   Code   RO         1838    i.DMA2_Channel2_Event  dma_stm32f10x.o
    0x080011f2   0x00000002   PAD
    0x080011f4   0x00000020   Code   RO         1839    i.DMA2_Channel2_IRQHandler  dma_stm32f10x.o
    0x08001214   0x00000002   Code   RO         1840    i.DMA2_Channel3_Event  dma_stm32f10x.o
    0x08001216   0x00000002   PAD
    0x08001218   0x00000020   Code   RO         1841    i.DMA2_Channel3_IRQHandler  dma_stm32f10x.o
    0x08001238   0x00000038   Code   RO         1842    i.DMA2_Channel4_5_IRQHandler  dma_stm32f10x.o
    0x08001270   0x00000002   Code   RO         1843    i.DMA2_Channel4_Event  dma_stm32f10x.o
    0x08001272   0x00000002   Code   RO         1845    i.DMA2_Channel5_Event  dma_stm32f10x.o
    0x08001274   0x0000004c   Code   RO         2121    i.Dial              modem_null.o
    0x080012c0   0x00000044   Code   RO          134    i.ESP8266_GPIO_Config  esp8266.o
    0x08001304   0x00000020   Code   RO          135    i.ESP8266_init      esp8266.o
    0x08001324   0x000000d8   Code   RO          453    i.FLASH_SPI_initialize  flash_spi.o
    0x080013fc   0x00000058   Code   RO         2026    i.GPIO_AFConfigure  gpio_stm32f10x.o
    0x08001454   0x00000098   Code   RO         2027    i.GPIO_GetPortClockState  gpio_stm32f10x.o
    0x080014ec   0x00000116   Code   RO          722    i.GPIO_Init         stm32f10x_gpio.o
    0x08001602   0x00000078   Code   RO         2028    i.GPIO_PinConfigure  gpio_stm32f10x.o
    0x0800167a   0x00000002   PAD
    0x0800167c   0x0000013c   Code   RO         2029    i.GPIO_PortClock    gpio_stm32f10x.o
    0x080017b8   0x00000004   Code   RO          729    i.GPIO_ResetBits    stm32f10x_gpio.o
    0x080017bc   0x00000004   Code   RO          730    i.GPIO_SetBits      stm32f10x_gpio.o
    0x080017c0   0x0000003c   Code   RO          454    i.GetGBKCode_from_EXFlash  flash_spi.o
    0x080017fc   0x0000002c   Code   RO         2122    i.Hangup            modem_null.o
    0x08001828   0x0000001c   Code   RO         2123    i.Initialize        modem_null.o
    0x08001844   0x00000014   Code   RO         2124    i.IsOnline          modem_null.o
    0x08001858   0x00000278   Code   RO          407    i.LED_Display       led_display.o
    0x08001ad0   0x00000010   Code   RO          408    i.LED_Display_Start  led_display.o
    0x08001ae0   0x0000005c   Code   RO           33    i.LED_Initialize    board_led.o
    0x08001b3c   0x00000030   Code   RO           34    i.LED_Off           board_led.o
    0x08001b6c   0x00000030   Code   RO           35    i.LED_On            board_led.o
    0x08001b9c   0x00000028   Code   RO           36    i.LED_SetOut        board_led.o
    0x08001bc4   0x00000038   Code   RO         2125    i.Listen            modem_null.o
    0x08001bfc   0x00000094   Code   RO         2126    i.Notify            modem_null.o
    0x08001c90   0x000000b8   Code   RO          302    i.Port_08_12_Comm_GPIO_Config  port_08_12.o
    0x08001d48   0x00000030   Code   RO          303    i.Port_08_12_GPIO_Config  port_08_12.o
    0x08001d78   0x00000070   Code   RO          304    i.Port_08_1_GPIO_Config  port_08_12.o
    0x08001de8   0x00000074   Code   RO          305    i.Port_08_2_GPIO_Config  port_08_12.o
    0x08001e5c   0x00000044   Code   RO          306    i.Port_12_1_GPIO_Config  port_08_12.o
    0x08001ea0   0x00000044   Code   RO          307    i.Port_12_2_GPIO_Config  port_08_12.o
    0x08001ee4   0x00000044   Code   RO          308    i.Port_12_3_GPIO_Config  port_08_12.o
    0x08001f28   0x00000044   Code   RO          309    i.Port_12_4_GPIO_Config  port_08_12.o
    0x08001f6c   0x00000020   Code   RO          846    i.RCC_APB2PeriphClockCmd  stm32f10x_rcc.o
    0x08001f8c   0x000000d4   Code   RO          854    i.RCC_GetClocksFreq  stm32f10x_rcc.o
    0x08002060   0x00000018   Code   RO         1299    i.SPI_Cmd           stm32f10x_spi.o
    0x08002078   0x00000050   Code   RO          455    i.SPI_FLASH_BufferRead  flash_spi.o
    0x080020c8   0x00000050   Code   RO          461    i.SPI_FLASH_ReadID  flash_spi.o
    0x08002118   0x00000074   Code   RO          463    i.SPI_FLASH_SendByte  flash_spi.o
    0x0800218c   0x00000012   Code   RO         1307    i.SPI_I2S_GetFlagStatus  stm32f10x_spi.o
    0x0800219e   0x00000006   Code   RO         1310    i.SPI_I2S_ReceiveData  stm32f10x_spi.o
    0x080021a4   0x00000004   Code   RO         1311    i.SPI_I2S_SendData  stm32f10x_spi.o
    0x080021a8   0x0000003c   Code   RO         1312    i.SPI_Init          stm32f10x_spi.o
    0x080021e4   0x00000034   Code   RO          470    i.SPI_TIMEOUT_UserCallback  flash_spi.o
    0x08002218   0x00000008   Code   RO         2078    i.SetSysClock       system_stm32f10x.o
    0x08002220   0x000000e0   Code   RO         2079    i.SetSysClockTo72   system_stm32f10x.o
    0x08002300   0x00000060   Code   RO         2081    i.SystemInit        system_stm32f10x.o
    0x08002360   0x00000018   Code   RO         1485    i.USART1_Control    usart_stm32f10x.o
    0x08002378   0x00000010   Code   RO         1486    i.USART1_GetCapabilities  usart_stm32f10x.o
    0x08002388   0x00000010   Code   RO         1487    i.USART1_GetModemStatus  usart_stm32f10x.o
    0x08002398   0x00000010   Code   RO         1488    i.USART1_GetRxCount  usart_stm32f10x.o
    0x080023a8   0x00000010   Code   RO         1489    i.USART1_GetStatus  usart_stm32f10x.o
    0x080023b8   0x00000010   Code   RO         1490    i.USART1_GetTxCount  usart_stm32f10x.o
    0x080023c8   0x00000010   Code   RO         1491    i.USART1_IRQHandler  usart_stm32f10x.o
    0x080023d8   0x00000014   Code   RO         1492    i.USART1_Initialize  usart_stm32f10x.o
    0x080023ec   0x00000014   Code   RO         1493    i.USART1_PowerControl  usart_stm32f10x.o
    0x08002400   0x00000018   Code   RO         1494    i.USART1_Receive    usart_stm32f10x.o
    0x08002418   0x00000018   Code   RO         1495    i.USART1_Send       usart_stm32f10x.o
    0x08002430   0x00000014   Code   RO         1496    i.USART1_SetModemControl  usart_stm32f10x.o
    0x08002444   0x0000001c   Code   RO         1497    i.USART1_Transfer   usart_stm32f10x.o
    0x08002460   0x00000010   Code   RO         1498    i.USART1_Uninitialize  usart_stm32f10x.o
    0x08002470   0x00000018   Code   RO         1499    i.USART2_Control    usart_stm32f10x.o
    0x08002488   0x00000010   Code   RO         1500    i.USART2_GetCapabilities  usart_stm32f10x.o
    0x08002498   0x00000010   Code   RO         1501    i.USART2_GetModemStatus  usart_stm32f10x.o
    0x080024a8   0x00000010   Code   RO         1502    i.USART2_GetRxCount  usart_stm32f10x.o
    0x080024b8   0x00000010   Code   RO         1503    i.USART2_GetStatus  usart_stm32f10x.o
    0x080024c8   0x00000010   Code   RO         1504    i.USART2_GetTxCount  usart_stm32f10x.o
    0x080024d8   0x00000010   Code   RO         1505    i.USART2_IRQHandler  usart_stm32f10x.o
    0x080024e8   0x00000014   Code   RO         1506    i.USART2_Initialize  usart_stm32f10x.o
    0x080024fc   0x00000014   Code   RO         1507    i.USART2_PowerControl  usart_stm32f10x.o
    0x08002510   0x00000018   Code   RO         1508    i.USART2_Receive    usart_stm32f10x.o
    0x08002528   0x00000018   Code   RO         1509    i.USART2_Send       usart_stm32f10x.o
    0x08002540   0x00000014   Code   RO         1510    i.USART2_SetModemControl  usart_stm32f10x.o
    0x08002554   0x0000001c   Code   RO         1511    i.USART2_Transfer   usart_stm32f10x.o
    0x08002570   0x00000010   Code   RO         1512    i.USART2_Uninitialize  usart_stm32f10x.o
    0x08002580   0x00000018   Code   RO         1513    i.USART3_Control    usart_stm32f10x.o
    0x08002598   0x00000010   Code   RO         1514    i.USART3_GetCapabilities  usart_stm32f10x.o
    0x080025a8   0x00000010   Code   RO         1515    i.USART3_GetModemStatus  usart_stm32f10x.o
    0x080025b8   0x00000010   Code   RO         1516    i.USART3_GetRxCount  usart_stm32f10x.o
    0x080025c8   0x00000010   Code   RO         1517    i.USART3_GetStatus  usart_stm32f10x.o
    0x080025d8   0x00000010   Code   RO         1518    i.USART3_GetTxCount  usart_stm32f10x.o
    0x080025e8   0x00000010   Code   RO         1519    i.USART3_IRQHandler  usart_stm32f10x.o
    0x080025f8   0x00000014   Code   RO         1520    i.USART3_Initialize  usart_stm32f10x.o
    0x0800260c   0x00000014   Code   RO         1521    i.USART3_PowerControl  usart_stm32f10x.o
    0x08002620   0x00000018   Code   RO         1522    i.USART3_Receive    usart_stm32f10x.o
    0x08002638   0x00000018   Code   RO         1523    i.USART3_Send       usart_stm32f10x.o
    0x08002650   0x00000014   Code   RO         1524    i.USART3_SetModemControl  usart_stm32f10x.o
    0x08002664   0x0000001c   Code   RO         1525    i.USART3_Transfer   usart_stm32f10x.o
    0x08002680   0x00000010   Code   RO         1526    i.USART3_Uninitialize  usart_stm32f10x.o
    0x08002690   0x00000018   Code   RO         1058    i.USART_Cmd         stm32f10x_usart.o
    0x080026a8   0x00000800   Code   RO         1527    i.USART_Control     usart_stm32f10x.o
    0x08002ea8   0x00000006   Code   RO         1528    i.USART_GetCapabilities  usart_stm32f10x.o
    0x08002eae   0x0000001a   Code   RO         1061    i.USART_GetFlagStatus  stm32f10x_usart.o
    0x08002ec8   0x0000005e   Code   RO         1529    i.USART_GetModemStatus  usart_stm32f10x.o
    0x08002f26   0x00000008   Code   RO         1530    i.USART_GetRxCount  usart_stm32f10x.o
    0x08002f2e   0x00000076   Code   RO         1531    i.USART_GetStatus   usart_stm32f10x.o
    0x08002fa4   0x00000008   Code   RO         1532    i.USART_GetTxCount  usart_stm32f10x.o
    0x08002fac   0x0000025a   Code   RO         1533    i.USART_IRQHandler  usart_stm32f10x.o
    0x08003206   0x00000002   PAD
    0x08003208   0x000000d8   Code   RO         1065    i.USART_Init        stm32f10x_usart.o
    0x080032e0   0x000000a2   Code   RO         1534    i.USART_Initialize  usart_stm32f10x.o
    0x08003382   0x00000002   PAD
    0x08003384   0x000003d8   Code   RO         1535    i.USART_PowerControl  usart_stm32f10x.o
    0x0800375c   0x000000a2   Code   RO         1536    i.USART_Receive     usart_stm32f10x.o
    0x080037fe   0x00000088   Code   RO         1537    i.USART_Send        usart_stm32f10x.o
    0x08003886   0x00000008   Code   RO         1075    i.USART_SendData    stm32f10x_usart.o
    0x0800388e   0x00000094   Code   RO         1538    i.USART_SetModemControl  usart_stm32f10x.o
    0x08003922   0x0000006a   Code   RO         1539    i.USART_Transfer    usart_stm32f10x.o
    0x0800398c   0x0000006c   Code   RO         1540    i.USART_Uninitialize  usart_stm32f10x.o
    0x080039f8   0x00000080   Code   RO          368    i.USARTx_Config     usart1.o
    0x08003a78   0x00000010   Code   RO         1541    i.USARTx_GetVersion  usart_stm32f10x.o
    0x08003a88   0x0000000c   Code   RO         2127    i.Uninitialize      modem_null.o
    0x08003a94   0x00000020   Code   RO         4371    i.__0printf         mc_w.l(printfa.o)
    0x08003ab4   0x00000028   Code   RO         4373    i.__0sprintf        mc_w.l(printfa.o)
    0x08003adc   0x00000010   Code   RO         4375    i.__0vprintf        mc_w.l(printfa.o)
    0x08003aec   0x00000008   Code   RO         4432    i.__aeabi_errno_addr  mc_w.l(errno.o)
    0x08003af4   0x0000000e   Code   RO         4504    i.__scatterload_copy  mc_w.l(handlers.o)
    0x08003b02   0x00000002   Code   RO         4505    i.__scatterload_null  mc_w.l(handlers.o)
    0x08003b04   0x0000000e   Code   RO         4506    i.__scatterload_zeroinit  mc_w.l(handlers.o)
    0x08003b12   0x00000002   PAD
    0x08003b14   0x00000164   Code   RO         4378    i._fp_digits        mc_w.l(printfa.o)
    0x08003c78   0x00000046   Code   RO         3828    i._init_box         RTX_CM3.lib(rt_membox.o)
    0x08003cbe   0x00000002   PAD
    0x08003cc0   0x000006dc   Code   RO         4379    i._printf_core      mc_w.l(printfa.o)
    0x0800439c   0x00000024   Code   RO         4380    i._printf_post_padding  mc_w.l(printfa.o)
    0x080043c0   0x0000002e   Code   RO         4381    i._printf_pre_padding  mc_w.l(printfa.o)
    0x080043ee   0x0000000a   Code   RO         4383    i._sputc            mc_w.l(printfa.o)
    0x080043f8   0x00000034   Code   RO         3167    i.add_server_id     Net4_Dbg_CM3_L.lib(net_http_server.o)
    0x0800442c   0x00000188   Code   RO         3168    i.chk_post_req      Net4_Dbg_CM3_L.lib(net_http_server.o)
    0x080045b4   0x0000001e   Code   RO         3169    i.cmp_fname_ext     Net4_Dbg_CM3_L.lib(net_http_server.o)
    0x080045d2   0x00000028   Code   RO         3170    i.cmp_header        Net4_Dbg_CM3_L.lib(net_http_server.o)
    0x080045fa   0x00000002   PAD
    0x080045fc   0x0000002c   Code   RO         3973    i.com_notify        Net4_Dbg_CM3_L.lib(net_serial.o)
    0x08004628   0x00000024   Code   RO            1    i.crc32_8bit        web.o
    0x0800464c   0x00000030   Code   RO         3881    i.dbg_init          RTX_CM3.lib(hal_cm.o)
    0x0800467c   0x00000020   Code   RO         3882    i.dbg_task_notify   RTX_CM3.lib(hal_cm.o)
    0x0800469c   0x00000010   Code   RO         3883    i.dbg_task_switch   RTX_CM3.lib(hal_cm.o)
    0x080046ac   0x000000f4   Code   RO         3050    i.debug_inf2        Net4_Dbg_CM3_L.lib(net_tcp.o)
    0x080047a0   0x00000038   Code   RO         3034    i.debug_info        Net4_Dbg_CM3_L.lib(net_loop.o)
    0x080047d8   0x0000003c   Code   RO         3051    i.debug_info        Net4_Dbg_CM3_L.lib(net_tcp.o)
    0x08004814   0x000000d8   Code   RO         3929    i.debug_info        Net4_Dbg_CM3_L.lib(net_ip4.o)
    0x080048ec   0x000000d0   Code   RO         3959    i.debug_info        Net4_Dbg_CM3_L.lib(net_icmp.o)
    0x080049bc   0x00000024   Code   RO          370    i.fputc             usart1.o
    0x080049e0   0x00000034   Code   RO          409    i.get_display_on_LED_data  led_display.o
    0x08004a14   0x00000028   Code   RO         3171    i.get_next_field    Net4_Dbg_CM3_L.lib(net_http_server.o)
    0x08004a3c   0x00000032   Code   RO         3172    i.get_next_par      Net4_Dbg_CM3_L.lib(net_http_server.o)
    0x08004a6e   0x00000012   Code   RO         3173    i.hex2byte          Net4_Dbg_CM3_L.lib(net_http_server.o)
    0x08004a80   0x0000033c   Code   RO         3174    i.http_add_header   Net4_Dbg_CM3_L.lib(net_http_server.o)
    0x08004dbc   0x000001b4   Code   RO         3175    i.http_error_msg    Net4_Dbg_CM3_L.lib(net_http_server.o)
    0x08004f70   0x00000078   Code   RO         3176    i.http_get_ftype    Net4_Dbg_CM3_L.lib(net_http_server.o)
    0x08004fe8   0x0000005e   Code   RO         3177    i.http_kill_session  Net4_Dbg_CM3_L.lib(net_http_server.o)
    0x08005046   0x00000002   PAD
    0x08005048   0x000003cc   Code   RO         3178    i.http_listener     Net4_Dbg_CM3_L.lib(net_http_server.o)
    0x08005414   0x00000208   Code   RO         3179    i.http_open_file    Net4_Dbg_CM3_L.lib(net_http_server.o)
    0x0800561c   0x000001a0   Code   RO         3180    i.http_proc_header  Net4_Dbg_CM3_L.lib(net_http_server.o)
    0x080057bc   0x00000230   Code   RO         3181    i.http_proc_multipart  Net4_Dbg_CM3_L.lib(net_http_server.o)
    0x080059ec   0x000001d8   Code   RO         3182    i.http_proc_post    Net4_Dbg_CM3_L.lib(net_http_server.o)
    0x08005bc4   0x00000584   Code   RO         3183    i.http_server_run   Net4_Dbg_CM3_L.lib(net_http_server.o)
    0x08006148   0x00000060   Code   RO         3184    i.http_server_start  Net4_Dbg_CM3_L.lib(net_http_server.o)
    0x080061a8   0x00000020   Code   RO         3185    i.http_strcpy       Net4_Dbg_CM3_L.lib(net_http_server.o)
    0x080061c8   0x000000a4   Code   RO         3186    i.http_to_utc       Net4_Dbg_CM3_L.lib(net_http_server.o)
    0x0800626c   0x00000064   Code   RO            2    i.imageFileInfo     web.o
    0x080062d0   0x0000000a   Code   RO         3930    i.ip4_get_chksum    Net4_Dbg_CM3_L.lib(net_ip4.o)
    0x080062da   0x00000002   PAD
    0x080062dc   0x00000090   Code   RO         3931    i.ip4_get_route     Net4_Dbg_CM3_L.lib(net_ip4.o)
    0x0800636c   0x00000034   Code   RO         3341    i.ip4_ntoa          Net4_Dbg_CM3_L.lib(net_addr.o)
    0x080063a0   0x0000002a   Code   RO         2376    i.isrMessageGet     RTX_CM3.lib(rt_cmsis.o)
    0x080063ca   0x0000002c   Code   RO         2377    i.isrMessagePut     RTX_CM3.lib(rt_cmsis.o)
    0x080063f6   0x00000028   Code   RO         2378    i.isrSemaphoreRelease  RTX_CM3.lib(rt_cmsis.o)
    0x0800641e   0x00000024   Code   RO         2379    i.isrSignalSet      RTX_CM3.lib(rt_cmsis.o)
    0x08006442   0x00000002   PAD
    0x08006444   0x00000028   Code   RO         3556    i.isr_evt_set       RTX_CM3.lib(rt_event.o)
    0x0800646c   0x00000052   Code   RO         3674    i.isr_mbx_receive   RTX_CM3.lib(rt_mailbox.o)
    0x080064be   0x0000000e   Code   RO         3675    i.isr_mbx_send      RTX_CM3.lib(rt_mailbox.o)
    0x080064cc   0x00000010   Code   RO         3722    i.isr_sem_send      RTX_CM3.lib(rt_semaphore.o)
    0x080064dc   0x0000006c   Code   RO          246    i.main              main.o
    0x08006548   0x00000010   Code   RO         4025    i.mem_lock          Net4_Dbg_CM3_L.lib(net_mem.o)
    0x08006558   0x0000000c   Code   RO         4026    i.mem_unlock        Net4_Dbg_CM3_L.lib(net_mem.o)
    0x08006564   0x00000050   Code   RO         3992    i.modem_request     Net4_Dbg_CM3_L.lib(net_modem_drv.o)
    0x080065b4   0x00000014   Code   RO         3993    i.modem_send_cmd    Net4_Dbg_CM3_L.lib(net_modem_drv.o)
    0x080065c8   0x00000004   Code   RO         3187    i.netCGI_Charset    Net4_Dbg_CM3_L.lib(net_http_server.o)
    0x080065cc   0x00000004   Code   RO         3188    i.netCGI_ContentType  Net4_Dbg_CM3_L.lib(net_http_server.o)
    0x080065d0   0x0000006c   Code   RO         3189    i.netCGI_GetEnvVar  Net4_Dbg_CM3_L.lib(net_http_server.o)
    0x0800663c   0x00000210   Code   RO          173    i.netCGI_ProcessData  http_server_cgi.o
    0x0800684c   0x00000104   Code   RO          174    i.netCGI_ProcessQuery  http_server_cgi.o
    0x08006950   0x00000004   Code   RO         3192    i.netCGI_Redirect   Net4_Dbg_CM3_L.lib(net_http_server.o)
    0x08006954   0x0000046c   Code   RO          175    i.netCGI_Script     http_server_cgi.o
    0x08006dc0   0x00000004   Code   RO         3194    i.netCGX_ContentType  Net4_Dbg_CM3_L.lib(net_http_server.o)
    0x08006dc4   0x00000058   Code   RO         3300    i.netCore_Thread    Net4_Dbg_CM3_L.lib(net_sys.o)
    0x08006e1c   0x00000004   Code   RO         3195    i.netHTTPs_AcceptClient  Net4_Dbg_CM3_L.lib(net_http_server.o)
    0x08006e20   0x00000004   Code   RO         3196    i.netHTTPs_CheckAccount  Net4_Dbg_CM3_L.lib(net_http_server.o)
    0x08006e24   0x00000004   Code   RO         3197    i.netHTTPs_FileAccess  Net4_Dbg_CM3_L.lib(net_http_server.o)
    0x08006e28   0x00000020   Code   RO         3200    i.netHTTPs_GetLanguage  Net4_Dbg_CM3_L.lib(net_http_server.o)
    0x08006e48   0x00000002   Code   RO         2166    i.netHTTPs_fclose   net_config.o
    0x08006e4a   0x00000004   Code   RO         2167    i.netHTTPs_fgets    net_config.o
    0x08006e4e   0x00000004   Code   RO         2168    i.netHTTPs_fopen    net_config.o
    0x08006e52   0x00000004   Code   RO         2169    i.netHTTPs_fread    net_config.o
    0x08006e56   0x00000002   Code   RO         2170    i.netHTTPs_fstat    net_config.o
    0x08006e58   0x00000010   Code   RO         3343    i.netIP_aton        Net4_Dbg_CM3_L.lib(net_addr.o)
    0x08006e68   0x0000001e   Code   RO         3344    i.netIP_ntoa        Net4_Dbg_CM3_L.lib(net_addr.o)
    0x08006e86   0x00000002   PAD
    0x08006e88   0x00000114   Code   RO         3303    i.netInitialize     Net4_Dbg_CM3_L.lib(net_sys.o)
    0x08006f9c   0x00000048   Code   RO         2998    i.netSLIP_Listen    Net4_Dbg_CM3_L.lib(net_slip.o)
    0x08006fe4   0x00000064   Code   RO         2999    i.netSLIP_Thread    Net4_Dbg_CM3_L.lib(net_slip.o)
    0x08007048   0x00000004   Code   RO         2172    i.netTLS_buf        net_config.o
    0x0800704c   0x00000002   Code   RO         2173    i.netTLS_close      net_config.o
    0x0800704e   0x00000002   Code   RO         2174    i.netTLS_send       net_config.o
    0x08007050   0x00000004   Code   RO         2175    i.netTLS_socket     net_config.o
    0x08007054   0x00000068   Code   RO         3347    i.net_addr4_aton    Net4_Dbg_CM3_L.lib(net_addr.o)
    0x080070bc   0x0000001a   Code   RO         3348    i.net_addr4_is_subnet  Net4_Dbg_CM3_L.lib(net_addr.o)
    0x080070d6   0x00000002   PAD
    0x080070d8   0x0000000c   Code   RO         3349    i.net_addr4_ntoa    Net4_Dbg_CM3_L.lib(net_addr.o)
    0x080070e4   0x00000014   Code   RO         3355    i.net_addr_ntoa     Net4_Dbg_CM3_L.lib(net_addr.o)
    0x080070f8   0x0000007a   Code   RO         4048    i.net_b64_decode    Net4_Dbg_CM3_L.lib(net_common.o)
    0x08007172   0x00000002   PAD
    0x08007174   0x00000024   Code   RO         3974    i.net_com_flush_buf  Net4_Dbg_CM3_L.lib(net_serial.o)
    0x08007198   0x00000070   Code   RO         3975    i.net_com_init      Net4_Dbg_CM3_L.lib(net_serial.o)
    0x08007208   0x0000002c   Code   RO         3976    i.net_com_recv_char  Net4_Dbg_CM3_L.lib(net_serial.o)
    0x08007234   0x00000034   Code   RO         3977    i.net_com_send_char  Net4_Dbg_CM3_L.lib(net_serial.o)
    0x08007268   0x0000001c   Code   RO         3978    i.net_com_tx_active  Net4_Dbg_CM3_L.lib(net_serial.o)
    0x08007284   0x0000007c   Code   RO         2339    i.net_dbg_error     net_debug.o
    0x08007300   0x00000004   Code   RO         2340    i.net_dbg_info      net_debug.o
    0x08007304   0x00000010   Code   RO         3306    i.net_dbg_proc      Net4_Dbg_CM3_L.lib(net_sys.o)
    0x08007314   0x00000002   Code   RO         2341    i.net_debug_init    net_debug.o
    0x08007316   0x00000004   Code   RO         2178    i.net_eth_is_my_addr  net_config.o
    0x0800731a   0x00000004   Code   RO         2179    i.net_eth_send_frame  net_config.o
    0x0800731e   0x00000002   PAD
    0x08007320   0x00000118   Code   RO         3214    i.net_http_server_init  Net4_Dbg_CM3_L.lib(net_http_server.o)
    0x08007438   0x00000014   Code   RO         3215    i.net_http_server_run  Net4_Dbg_CM3_L.lib(net_http_server.o)
    0x0800744c   0x0000026c   Code   RO         3960    i.net_icmp_process  Net4_Dbg_CM3_L.lib(net_icmp.o)
    0x080076b8   0x00000084   Code   RO         3961    i.net_icmp_send_echo  Net4_Dbg_CM3_L.lib(net_icmp.o)
    0x0800773c   0x00000004   Code   RO         2182    i.net_igmp_is_member  net_config.o
    0x08007740   0x0000004c   Code   RO         3932    i.net_ip4_checksum  Net4_Dbg_CM3_L.lib(net_ip4.o)
    0x0800778c   0x000001dc   Code   RO         3933    i.net_ip4_chk_frame  Net4_Dbg_CM3_L.lib(net_ip4.o)
    0x08007968   0x00000032   Code   RO         3934    i.net_ip4_chksum_buf  Net4_Dbg_CM3_L.lib(net_ip4.o)
    0x0800799a   0x00000002   PAD
    0x0800799c   0x00000040   Code   RO         3935    i.net_ip4_get_local  Net4_Dbg_CM3_L.lib(net_ip4.o)
    0x080079dc   0x00000010   Code   RO         3936    i.net_ip4_init      Net4_Dbg_CM3_L.lib(net_ip4.o)
    0x080079ec   0x0000002c   Code   RO         3937    i.net_ip4_is_subcast  Net4_Dbg_CM3_L.lib(net_ip4.o)
    0x08007a18   0x00000188   Code   RO         3938    i.net_ip4_send_frame  Net4_Dbg_CM3_L.lib(net_ip4.o)
    0x08007ba0   0x00000034   Code   RO         3939    i.net_ip4_tx_offload  Net4_Dbg_CM3_L.lib(net_ip4.o)
    0x08007bd4   0x0000003c   Code   RO         3035    i.net_loop_iface_init  Net4_Dbg_CM3_L.lib(net_loop.o)
    0x08007c10   0x00000090   Code   RO         3036    i.net_loop_iface_run  Net4_Dbg_CM3_L.lib(net_loop.o)
    0x08007ca0   0x0000008c   Code   RO         3037    i.net_loop_send_frame  Net4_Dbg_CM3_L.lib(net_loop.o)
    0x08007d2c   0x00000124   Code   RO         4027    i.net_mem_alloc     Net4_Dbg_CM3_L.lib(net_mem.o)
    0x08007e50   0x0000001c   Code   RO         4028    i.net_mem_avail     Net4_Dbg_CM3_L.lib(net_mem.o)
    0x08007e6c   0x000000ec   Code   RO         4029    i.net_mem_free      Net4_Dbg_CM3_L.lib(net_mem.o)
    0x08007f58   0x000000b0   Code   RO         4030    i.net_mem_init      Net4_Dbg_CM3_L.lib(net_mem.o)
    0x08008008   0x00000060   Code   RO         4031    i.net_mem_shrink    Net4_Dbg_CM3_L.lib(net_mem.o)
    0x08008068   0x00000014   Code   RO         3995    i.net_modem_hangup  Net4_Dbg_CM3_L.lib(net_modem_drv.o)
    0x0800807c   0x00000028   Code   RO         3996    i.net_modem_init    Net4_Dbg_CM3_L.lib(net_modem_drv.o)
    0x080080a4   0x0000001c   Code   RO         3997    i.net_modem_listen  Net4_Dbg_CM3_L.lib(net_modem_drv.o)
    0x080080c0   0x00000010   Code   RO         3998    i.net_modem_online  Net4_Dbg_CM3_L.lib(net_modem_drv.o)
    0x080080d0   0x00000088   Code   RO         3999    i.net_modem_process  Net4_Dbg_CM3_L.lib(net_modem_drv.o)
    0x08008158   0x00000050   Code   RO         4000    i.net_modem_run     Net4_Dbg_CM3_L.lib(net_modem_drv.o)
    0x080081a8   0x00000034   Code   RO         3308    i.net_path          Net4_Dbg_CM3_L.lib(net_sys.o)
    0x080081dc   0x00000028   Code   RO         3284    i.net_ping_client_init  Net4_Dbg_CM3_L.lib(net_ping.o)
    0x08008204   0x0000008c   Code   RO         3285    i.net_ping_client_run  Net4_Dbg_CM3_L.lib(net_ping.o)
    0x08008290   0x00000004   Code   RO         2186    i.net_ppp_send_frame  net_config.o
    0x08008294   0x0000001c   Code   RO         3309    i.net_rand32        Net4_Dbg_CM3_L.lib(net_sys.o)
    0x080082b0   0x000000d4   Code   RO         3001    i.net_slip_iface_init  Net4_Dbg_CM3_L.lib(net_slip.o)
    0x08008384   0x000000ec   Code   RO         3002    i.net_slip_iface_run  Net4_Dbg_CM3_L.lib(net_slip.o)
    0x08008470   0x000000bc   Code   RO         3003    i.net_slip_send_frame  Net4_Dbg_CM3_L.lib(net_slip.o)
    0x0800852c   0x00000016   Code   RO         4053    i.net_strchr        Net4_Dbg_CM3_L.lib(net_common.o)
    0x08008542   0x0000001a   Code   RO         4054    i.net_strcmp        Net4_Dbg_CM3_L.lib(net_common.o)
    0x0800855c   0x00000012   Code   RO         4055    i.net_strcpy        Net4_Dbg_CM3_L.lib(net_common.o)
    0x0800856e   0x00000002   Code   RO         2188    i.net_sys_error     net_config.o
    0x08008570   0x00000010   Code   RO         3310    i.net_sys_lock      Net4_Dbg_CM3_L.lib(net_sys.o)
    0x08008580   0x00000014   Code   RO         3311    i.net_sys_tick      Net4_Dbg_CM3_L.lib(net_sys.o)
    0x08008594   0x0000000c   Code   RO         3312    i.net_sys_unlock    Net4_Dbg_CM3_L.lib(net_sys.o)
    0x080085a0   0x00000020   Code   RO         3313    i.net_sys_wakeup    Net4_Dbg_CM3_L.lib(net_sys.o)
    0x080085c0   0x000000cc   Code   RO         3068    i.net_tcp_abort     Net4_Dbg_CM3_L.lib(net_tcp.o)
    0x0800868c   0x00000140   Code   RO         3071    i.net_tcp_close     Net4_Dbg_CM3_L.lib(net_tcp.o)
    0x080087cc   0x00000044   Code   RO         3074    i.net_tcp_get_buf   Net4_Dbg_CM3_L.lib(net_tcp.o)
    0x08008810   0x00000028   Code   RO         3076    i.net_tcp_get_mss   Net4_Dbg_CM3_L.lib(net_tcp.o)
    0x08008838   0x000000b8   Code   RO         3078    i.net_tcp_get_socket  Net4_Dbg_CM3_L.lib(net_tcp.o)
    0x080088f0   0x0000002c   Code   RO         3079    i.net_tcp_get_state  Net4_Dbg_CM3_L.lib(net_tcp.o)
    0x0800891c   0x00000114   Code   RO         3081    i.net_tcp_listen    Net4_Dbg_CM3_L.lib(net_tcp.o)
    0x08008a30   0x0000000c   Code   RO         3082    i.net_tcp_ntoa      Net4_Dbg_CM3_L.lib(net_tcp.o)
    0x08008a3c   0x00000b14   Code   RO         3083    i.net_tcp_process   Net4_Dbg_CM3_L.lib(net_tcp.o)
    0x08009550   0x00000250   Code   RO         3087    i.net_tcp_send      Net4_Dbg_CM3_L.lib(net_tcp.o)
    0x080097a0   0x000001f8   Code   RO         3088    i.net_tcp_set_option  Net4_Dbg_CM3_L.lib(net_tcp.o)
    0x08009998   0x00000050   Code   RO         3089    i.net_tcp_socket_init  Net4_Dbg_CM3_L.lib(net_tcp.o)
    0x080099e8   0x000004a0   Code   RO         3090    i.net_tcp_socket_run  Net4_Dbg_CM3_L.lib(net_tcp.o)
    0x08009e88   0x00000002   Code   RO         2189    i.net_udp_process   net_config.o
    0x08009e8a   0x00000002   PAD
    0x08009e8c   0x00000018   Code   RO         2380    i.osDelay           RTX_CM3.lib(rt_cmsis.o)
    0x08009ea4   0x00000024   Code   RO         2381    i.osKernelInitialize  RTX_CM3.lib(rt_cmsis.o)
    0x08009ec8   0x0000006c   Code   RO         2383    i.osKernelStart     RTX_CM3.lib(rt_cmsis.o)
    0x08009f34   0x00000018   Code   RO         2392    i.osMessageGet      RTX_CM3.lib(rt_cmsis.o)
    0x08009f4c   0x00000030   Code   RO         2394    i.osMutexCreate     RTX_CM3.lib(rt_cmsis.o)
    0x08009f7c   0x00000018   Code   RO         2396    i.osMutexRelease    RTX_CM3.lib(rt_cmsis.o)
    0x08009f94   0x00000018   Code   RO         2397    i.osMutexWait       RTX_CM3.lib(rt_cmsis.o)
    0x08009fac   0x00000030   Code   RO         2402    i.osSemaphoreCreate  RTX_CM3.lib(rt_cmsis.o)
    0x08009fdc   0x00000018   Code   RO         2404    i.osSemaphoreRelease  RTX_CM3.lib(rt_cmsis.o)
    0x08009ff4   0x00000018   Code   RO         2405    i.osSemaphoreWait   RTX_CM3.lib(rt_cmsis.o)
    0x0800a00c   0x00000018   Code   RO         2406    i.osSignalClear     RTX_CM3.lib(rt_cmsis.o)
    0x0800a024   0x00000018   Code   RO         2407    i.osSignalSet       RTX_CM3.lib(rt_cmsis.o)
    0x0800a03c   0x00000018   Code   RO         2408    i.osSignalWait      RTX_CM3.lib(rt_cmsis.o)
    0x0800a054   0x00000030   Code   RO         2409    i.osThreadCreate    RTX_CM3.lib(rt_cmsis.o)
    0x0800a084   0x00000018   Code   RO         2410    i.osThreadExit      RTX_CM3.lib(rt_cmsis.o)
    0x0800a09c   0x00000018   Code   RO         2415    i.osThreadYield     RTX_CM3.lib(rt_cmsis.o)
    0x0800a0b4   0x0000000c   Code   RO         2416    i.osTimerCall       RTX_CM3.lib(rt_cmsis.o)
    0x0800a0c0   0x00000034   Code   RO         2417    i.osTimerCreate     RTX_CM3.lib(rt_cmsis.o)
    0x0800a0f4   0x00000018   Code   RO         2419    i.osTimerStart      RTX_CM3.lib(rt_cmsis.o)
    0x0800a10c   0x0000002c   Code   RO         2421    i.osTimerThread     RTX_CM3.lib(rt_cmsis.o)
    0x0800a138   0x00000020   Code   RO         1448    i.os_error          rtx_conf_cm.o
    0x0800a158   0x00000004   Code   RO         1449    i.os_idle_demon     rtx_conf_cm.o
    0x0800a15c   0x00000028   Code   RO         3466    i.os_tick_init      RTX_CM3.lib(rt_system.o)
    0x0800a184   0x00000002   Code   RO         3467    i.os_tick_irqack    RTX_CM3.lib(rt_system.o)
    0x0800a186   0x00000002   PAD
    0x0800a188   0x00000010   Code   RO         3286    i.ping_send_req     Net4_Dbg_CM3_L.lib(net_ping.o)
    0x0800a198   0x0000002c   Code   RO         3217    i.proc_req_line     Net4_Dbg_CM3_L.lib(net_http_server.o)
    0x0800a1c4   0x00000018   Code   RO         3005    i.que_add_tail      Net4_Dbg_CM3_L.lib(net_slip.o)
    0x0800a1dc   0x0000000a   Code   RO         3006    i.que_get_first     Net4_Dbg_CM3_L.lib(net_slip.o)
    0x0800a1e6   0x000000a0   Code   RO         3218    i.read_script_line  Net4_Dbg_CM3_L.lib(net_http_server.o)
    0x0800a286   0x0000001a   Code   RO         3829    i.rt_alloc_box      RTX_CM3.lib(rt_membox.o)
    0x0800a2a0   0x0000003e   Code   RO         3857    i.rt_alloc_mem      RTX_CM3.lib(rt_memory.o)
    0x0800a2de   0x00000002   PAD
    0x0800a2e0   0x00000038   Code   RO         3381    i.rt_block          RTX_CM3.lib(rt_task.o)
    0x0800a318   0x00000048   Code   RO         4083    i.rt_chk_robin      RTX_CM3.lib(rt_robin.o)
    0x0800a360   0x00000070   Code   RO         3598    i.rt_dec_dly        RTX_CM3.lib(rt_list.o)
    0x0800a3d0   0x00000044   Code   RO         3382    i.rt_dispatch       RTX_CM3.lib(rt_task.o)
    0x0800a414   0x00000006   Code   RO         3764    i.rt_dly_wait       RTX_CM3.lib(rt_time.o)
    0x0800a41a   0x00000002   PAD
    0x0800a41c   0x0000001c   Code   RO         3557    i.rt_evt_clr        RTX_CM3.lib(rt_event.o)
    0x0800a438   0x00000050   Code   RO         3559    i.rt_evt_psh        RTX_CM3.lib(rt_event.o)
    0x0800a488   0x0000005c   Code   RO         3560    i.rt_evt_set        RTX_CM3.lib(rt_event.o)
    0x0800a4e4   0x0000003c   Code   RO         3561    i.rt_evt_wait       RTX_CM3.lib(rt_event.o)
    0x0800a520   0x00000020   Code   RO         3830    i.rt_free_box       RTX_CM3.lib(rt_membox.o)
    0x0800a540   0x00000028   Code   RO         3858    i.rt_free_mem       RTX_CM3.lib(rt_memory.o)
    0x0800a568   0x00000028   Code   RO         3599    i.rt_get_first      RTX_CM3.lib(rt_list.o)
    0x0800a590   0x00000024   Code   RO         3600    i.rt_get_same_rdy_prio  RTX_CM3.lib(rt_list.o)
    0x0800a5b4   0x00000008   Code   RO         2426    i.rt_id2obj         RTX_CM3.lib(rt_cmsis.o)
    0x0800a5bc   0x00000048   Code   RO         3383    i.rt_init_context   RTX_CM3.lib(rt_task.o)
    0x0800a604   0x0000001a   Code   RO         3859    i.rt_init_mem       RTX_CM3.lib(rt_memory.o)
    0x0800a61e   0x00000002   PAD
    0x0800a620   0x00000018   Code   RO         4084    i.rt_init_robin     RTX_CM3.lib(rt_robin.o)
    0x0800a638   0x00000080   Code   RO         3884    i.rt_init_stack     RTX_CM3.lib(hal_cm.o)
    0x0800a6b8   0x00000008   Code   RO         3676    i.rt_mbx_check      RTX_CM3.lib(rt_mailbox.o)
    0x0800a6c0   0x0000001a   Code   RO         3677    i.rt_mbx_init       RTX_CM3.lib(rt_mailbox.o)
    0x0800a6da   0x00000002   PAD
    0x0800a6dc   0x000000f0   Code   RO         3678    i.rt_mbx_psh        RTX_CM3.lib(rt_mailbox.o)
    0x0800a7cc   0x000000b4   Code   RO         3680    i.rt_mbx_wait       RTX_CM3.lib(rt_mailbox.o)
    0x0800a880   0x0000003c   Code   RO         2427    i.rt_ms2tick        RTX_CM3.lib(rt_cmsis.o)
    0x0800a8bc   0x00000010   Code   RO         3798    i.rt_mut_init       RTX_CM3.lib(rt_mutex.o)
    0x0800a8cc   0x000000d8   Code   RO         3799    i.rt_mut_release    RTX_CM3.lib(rt_mutex.o)
    0x0800a9a4   0x00000068   Code   RO         3800    i.rt_mut_wait       RTX_CM3.lib(rt_mutex.o)
    0x0800aa0c   0x0000007c   Code   RO         3470    i.rt_pop_req        RTX_CM3.lib(rt_system.o)
    0x0800aa88   0x00000020   Code   RO         3471    i.rt_psh_req        RTX_CM3.lib(rt_system.o)
    0x0800aaa8   0x0000005c   Code   RO         3601    i.rt_psq_enq        RTX_CM3.lib(rt_list.o)
    0x0800ab04   0x00000048   Code   RO         3602    i.rt_put_dly        RTX_CM3.lib(rt_list.o)
    0x0800ab4c   0x00000036   Code   RO         3603    i.rt_put_prio       RTX_CM3.lib(rt_list.o)
    0x0800ab82   0x00000002   PAD
    0x0800ab84   0x00000014   Code   RO         3604    i.rt_put_rdy_first  RTX_CM3.lib(rt_list.o)
    0x0800ab98   0x00000034   Code   RO         3605    i.rt_resort_prio    RTX_CM3.lib(rt_list.o)
    0x0800abcc   0x00000006   Code   RO         3885    i.rt_ret_val        RTX_CM3.lib(hal_cm.o)
    0x0800abd2   0x00000008   Code   RO         3886    i.rt_ret_val2       RTX_CM3.lib(hal_cm.o)
    0x0800abda   0x00000028   Code   RO         3606    i.rt_rmv_dly        RTX_CM3.lib(rt_list.o)
    0x0800ac02   0x00000002   PAD
    0x0800ac04   0x00000030   Code   RO         3607    i.rt_rmv_list       RTX_CM3.lib(rt_list.o)
    0x0800ac34   0x0000000c   Code   RO         3724    i.rt_sem_init       RTX_CM3.lib(rt_semaphore.o)
    0x0800ac40   0x00000034   Code   RO         3725    i.rt_sem_psh        RTX_CM3.lib(rt_semaphore.o)
    0x0800ac74   0x0000002a   Code   RO         3726    i.rt_sem_send       RTX_CM3.lib(rt_semaphore.o)
    0x0800ac9e   0x00000002   PAD
    0x0800aca0   0x00000040   Code   RO         3727    i.rt_sem_wait       RTX_CM3.lib(rt_semaphore.o)
    0x0800ace0   0x00000024   Code   RO         3473    i.rt_stk_check      RTX_CM3.lib(rt_system.o)
    0x0800ad04   0x00000028   Code   RO         3384    i.rt_switch_req     RTX_CM3.lib(rt_task.o)
    0x0800ad2c   0x000000cc   Code   RO         3385    i.rt_sys_init       RTX_CM3.lib(rt_task.o)
    0x0800adf8   0x00000078   Code   RO         3386    i.rt_sys_start      RTX_CM3.lib(rt_task.o)
    0x0800ae70   0x00000040   Code   RO         3475    i.rt_systick        RTX_CM3.lib(rt_system.o)
    0x0800aeb0   0x00000012   Code   RO         2428    i.rt_tid2ptcb       RTX_CM3.lib(rt_cmsis.o)
    0x0800aec2   0x00000002   PAD
    0x0800aec4   0x00000034   Code   RO         2429    i.rt_timer_insert   RTX_CM3.lib(rt_cmsis.o)
    0x0800aef8   0x0000003c   Code   RO         2430    i.rt_timer_remove   RTX_CM3.lib(rt_cmsis.o)
    0x0800af34   0x00000080   Code   RO         3387    i.rt_tsk_create     RTX_CM3.lib(rt_task.o)
    0x0800afb4   0x00000174   Code   RO         3388    i.rt_tsk_delete     RTX_CM3.lib(rt_task.o)
    0x0800b128   0x00000030   Code   RO         3389    i.rt_tsk_pass       RTX_CM3.lib(rt_task.o)
    0x0800b158   0x0000007c   Code   RO         3390    i.rt_tsk_prio       RTX_CM3.lib(rt_task.o)
    0x0800b1d4   0x00000010   Code   RO         3391    i.rt_tsk_self       RTX_CM3.lib(rt_task.o)
    0x0800b1e4   0x00000048   Code   RO         3219    i.search_delim      Net4_Dbg_CM3_L.lib(net_http_server.o)
    0x0800b22c   0x00000010   Code   RO         3007    i.slip_lock         Net4_Dbg_CM3_L.lib(net_slip.o)
    0x0800b23c   0x000000e8   Code   RO         3008    i.slip_receive      Net4_Dbg_CM3_L.lib(net_slip.o)
    0x0800b324   0x000000c8   Code   RO         3009    i.slip_transmit     Net4_Dbg_CM3_L.lib(net_slip.o)
    0x0800b3ec   0x0000000c   Code   RO         3010    i.slip_unlock       Net4_Dbg_CM3_L.lib(net_slip.o)
    0x0800b3f8   0x00000014   Code   RO         2431    i.svcDelay          RTX_CM3.lib(rt_cmsis.o)
    0x0800b40c   0x00000070   Code   RO         2432    i.svcKernelInitialize  RTX_CM3.lib(rt_cmsis.o)
    0x0800b47c   0x00000048   Code   RO         2434    i.svcKernelStart    RTX_CM3.lib(rt_cmsis.o)
    0x0800b4c4   0x00000024   Code   RO         2437    i.svcMessageCreate  RTX_CM3.lib(rt_cmsis.o)
    0x0800b4e8   0x0000003a   Code   RO         2438    i.svcMessageGet     RTX_CM3.lib(rt_cmsis.o)
    0x0800b522   0x0000001c   Code   RO         2440    i.svcMutexCreate    RTX_CM3.lib(rt_cmsis.o)
    0x0800b53e   0x00000022   Code   RO         2442    i.svcMutexRelease   RTX_CM3.lib(rt_cmsis.o)
    0x0800b560   0x00000036   Code   RO         2443    i.svcMutexWait      RTX_CM3.lib(rt_cmsis.o)
    0x0800b596   0x00000024   Code   RO         2445    i.svcSemaphoreCreate  RTX_CM3.lib(rt_cmsis.o)
    0x0800b5ba   0x00000028   Code   RO         2447    i.svcSemaphoreRelease  RTX_CM3.lib(rt_cmsis.o)
    0x0800b5e2   0x00000032   Code   RO         2448    i.svcSemaphoreWait  RTX_CM3.lib(rt_cmsis.o)
    0x0800b614   0x00000024   Code   RO         2449    i.svcSignalClear    RTX_CM3.lib(rt_cmsis.o)
    0x0800b638   0x00000024   Code   RO         2450    i.svcSignalSet      RTX_CM3.lib(rt_cmsis.o)
    0x0800b65c   0x00000054   Code   RO         2451    i.svcSignalWait     RTX_CM3.lib(rt_cmsis.o)
    0x0800b6b0   0x00000070   Code   RO         2452    i.svcThreadCreate   RTX_CM3.lib(rt_cmsis.o)
    0x0800b720   0x0000001c   Code   RO         2453    i.svcThreadGetId    RTX_CM3.lib(rt_cmsis.o)
    0x0800b73c   0x00000038   Code   RO         2456    i.svcThreadTerminate  RTX_CM3.lib(rt_cmsis.o)
    0x0800b774   0x0000000a   Code   RO         2457    i.svcThreadYield    RTX_CM3.lib(rt_cmsis.o)
    0x0800b77e   0x00000018   Code   RO         2458    i.svcTimerCall      RTX_CM3.lib(rt_cmsis.o)
    0x0800b796   0x00000002   PAD
    0x0800b798   0x00000038   Code   RO         2459    i.svcTimerCreate    RTX_CM3.lib(rt_cmsis.o)
    0x0800b7d0   0x00000064   Code   RO         2461    i.svcTimerStart     RTX_CM3.lib(rt_cmsis.o)
    0x0800b834   0x0000005c   Code   RO         2467    i.sysTimerTick      RTX_CM3.lib(rt_cmsis.o)
    0x0800b890   0x0000004c   Code   RO         3314    i.sys_proc_tick     Net4_Dbg_CM3_L.lib(net_sys.o)
    0x0800b8dc   0x0000010c   Code   RO         3091    i.tcp_map_socket    Net4_Dbg_CM3_L.lib(net_tcp.o)
    0x0800b9e8   0x000000a8   Code   RO         3092    i.tcp_parse_opt     Net4_Dbg_CM3_L.lib(net_tcp.o)
    0x0800ba90   0x0000010c   Code   RO         3093    i.tcp_proc_acknr    Net4_Dbg_CM3_L.lib(net_tcp.o)
    0x0800bb9c   0x000000cc   Code   RO         3094    i.tcp_proc_dupack   Net4_Dbg_CM3_L.lib(net_tcp.o)
    0x0800bc68   0x0000001a   Code   RO         3095    i.tcp_que_free      Net4_Dbg_CM3_L.lib(net_tcp.o)
    0x0800bc82   0x0000001a   Code   RO         3096    i.tcp_que_init      Net4_Dbg_CM3_L.lib(net_tcp.o)
    0x0800bc9c   0x000000dc   Code   RO         3097    i.tcp_que_resend    Net4_Dbg_CM3_L.lib(net_tcp.o)
    0x0800bd78   0x0000009c   Code   RO         3098    i.tcp_send_ctrl     Net4_Dbg_CM3_L.lib(net_tcp.o)
    0x0800be14   0x00000088   Code   RO         3099    i.tcp_send_data     Net4_Dbg_CM3_L.lib(net_tcp.o)
    0x0800be9c   0x00000084   Code   RO         3100    i.tcp_send_reset    Net4_Dbg_CM3_L.lib(net_tcp.o)
    0x0800bf20   0x00000044   Code   RO         3101    i.tcp_set_cwnd      Net4_Dbg_CM3_L.lib(net_tcp.o)
    0x0800bf64   0x00000068   Code   RO         3102    i.tcp_transit       Net4_Dbg_CM3_L.lib(net_tcp.o)
    0x0800bfcc   0x000000c0   Code   RO         3103    i.tcp_write         Net4_Dbg_CM3_L.lib(net_tcp.o)
    0x0800c08c   0x000000f0   Code   RO         3220    i.utc_to_http       Net4_Dbg_CM3_L.lib(net_http_server.o)
    0x0800c17c   0x000039ec   Data   RO            3    .constdata          web.o
    0x0800fb68   0x00000018   Data   RO           38    .constdata          board_led.o
    0x0800fb80   0x00000010   Data   RO          247    .constdata          main.o
    0x0800fb90   0x00000600   Data   RO          411    .constdata          led_display.o
    0x08010190   0x00000056   Data   RO         1451    .constdata          rtx_conf_cm.o
    0x080101e6   0x00000002   PAD
    0x080101e8   0x00000184   Data   RO         1543    .constdata          usart_stm32f10x.o
    0x0801036c   0x0000001c   Data   RO         2128    .constdata          modem_null.o
    0x08010388   0x000000f8   Data   RO         2191    .constdata          net_config.o
    0x08010480   0x00000044   Data   RO         3104    .constdata          Net4_Dbg_CM3_L.lib(net_tcp.o)
    0x080104c4   0x000000fa   Data   RO         3221    .constdata          Net4_Dbg_CM3_L.lib(net_http_server.o)
    0x080105be   0x00000012   Data   RO         3288    .constdata          Net4_Dbg_CM3_L.lib(net_ping.o)
    0x080105d0   0x000000b6   Data   RO         3317    .constdata          Net4_Dbg_CM3_L.lib(net_sys.o)
    0x08010686   0x00000020   Data   RO         3940    .constdata          Net4_Dbg_CM3_L.lib(net_ip4.o)
    0x080106a6   0x00000002   PAD
    0x080106a8   0x00000018   Data   RO         3962    .constdata          Net4_Dbg_CM3_L.lib(net_icmp.o)
    0x080106c0   0x00000018   Data   RO         4017    .constdata          Net4_Dbg_CM3_L.lib(net_http_server_err.o)
    0x080106d8   0x00000081   Data   RO         4467    .constdata          mc_w.l(ctype_o.o)
    0x08010759   0x00000003   PAD
    0x0801075c   0x00000004   Data   RO         4468    .constdata          mc_w.l(ctype_o.o)
    0x08010760   0x0000012d   Data   RO          177    .conststring        http_server_cgi.o
    0x0801088d   0x00000003   PAD
    0x08010890   0x00000029   Data   RO         2192    .conststring        net_config.o
    0x080108b9   0x00000003   PAD
    0x080108bc   0x0000006d   Data   RO         3105    .conststring        Net4_Dbg_CM3_L.lib(net_tcp.o)
    0x08010929   0x00000003   PAD
    0x0801092c   0x00000043   Data   RO         3963    .conststring        Net4_Dbg_CM3_L.lib(net_icmp.o)
    0x0801096f   0x00000001   PAD
    0x08010970   0x000001ff   Data   RO         4018    .conststring        Net4_Dbg_CM3_L.lib(net_http_server_err.o)
    0x08010b6f   0x00000001   PAD
    0x08010b70   0x00000020   Data   RO         4503    Region$$Table       anon$$obj.o


    Execution Region RW_IRAM1 (Base: 0x20000000, Size: 0x000066f8, Max: 0x00010000, ABSOLUTE)

    Base Addr    Size         Type   Attr      Idx    E Section Name        Object

    0x20000000   0x00000008   Data   RW          178    .data               http_server_cgi.o
    0x20000008   0x00000001   Data   RW          248    .data               main.o
    0x20000009   0x00000003   PAD
    0x2000000c   0x00000004   Data   RW          472    .data               flash_spi.o
    0x20000010   0x00000014   Data   RW          874    .data               stm32f10x_rcc.o
    0x20000024   0x00000020   Data   RW         1452    .data               rtx_conf_cm.o
    0x20000044   0x00000008   Data   RW         2129    .data               modem_null.o
    0x2000004c   0x00000008   Data   RW         2193    .data               net_config.o
    0x20000054   0x00000008   Data   RW         2470    .data               RTX_CM3.lib(rt_cmsis.o)
    0x2000005c   0x00000008   Data   RW         3038    .data               Net4_Dbg_CM3_L.lib(net_loop.o)
    0x20000064   0x00000004   Data   RW         3106    .data               Net4_Dbg_CM3_L.lib(net_tcp.o)
    0x20000068   0x00000010   Data   RW         3222    .data               Net4_Dbg_CM3_L.lib(net_http_server.o)
    0x20000078   0x00000014   Data   RW         3318    .data               Net4_Dbg_CM3_L.lib(net_sys.o)
    0x2000008c   0x00000008   Data   RW         3393    .data               RTX_CM3.lib(rt_task.o)
    0x20000094   0x00000008   Data   RW         3478    .data               RTX_CM3.lib(rt_system.o)
    0x2000009c   0x00000004   Data   RW         3768    .data               RTX_CM3.lib(rt_time.o)
    0x200000a0   0x00000001   Data   RW         3887    .data               RTX_CM3.lib(hal_cm.o)
    0x200000a1   0x00000003   PAD
    0x200000a4   0x00000008   Data   RW         3941    .data               Net4_Dbg_CM3_L.lib(net_ip4.o)
    0x200000ac   0x00000008   Data   RW         4085    .data               RTX_CM3.lib(rt_robin.o)
    0x200000b4   0x00000004   Data   RW         4425    .data               mc_w.l(stdout.o)
    0x200000b8   0x00000004   Data   RW         4435    .data               mc_w.l(errno.o)
    0x200000bc   0x00000014   Zero   RW          176    .bss                http_server_cgi.o
    0x200000d0   0x00000130   Zero   RW          410    .bss                led_display.o
    0x20000200   0x00002a88   Zero   RW         1450    .bss                rtx_conf_cm.o
    0x20002c88   0x000000a8   Zero   RW         1542    .bss                usart_stm32f10x.o
    0x20002d30   0x00003324   Zero   RW         2190    .bss                net_config.o
    0x20006054   0x00000018   Zero   RW         3011    .bss                Net4_Dbg_CM3_L.lib(net_slip.o)
    0x2000606c   0x00000020   Zero   RW         3287    .bss                Net4_Dbg_CM3_L.lib(net_ping.o)
    0x2000608c   0x00000030   Zero   RW         3315    .bss                Net4_Dbg_CM3_L.lib(net_sys.o)
    0x200060bc   0x00000018   Zero   RW         3316    .bss                Net4_Dbg_CM3_L.lib(net_sys.o)
    0x200060d4   0x00000022   Zero   RW         3357    .bss                Net4_Dbg_CM3_L.lib(net_addr.o)
    0x200060f6   0x00000002   PAD
    0x200060f8   0x00000034   Zero   RW         3392    .bss                RTX_CM3.lib(rt_task.o)
    0x2000612c   0x00000030   Zero   RW         3608    .bss                RTX_CM3.lib(rt_list.o)
    0x2000615c   0x0000014c   Zero   RW         3979    .bss                Net4_Dbg_CM3_L.lib(net_serial.o)
    0x200062a8   0x0000003c   Zero   RW         4001    .bss                Net4_Dbg_CM3_L.lib(net_modem_drv.o)
    0x200062e4   0x00000014   Zero   RW         4032    .bss                Net4_Dbg_CM3_L.lib(net_mem.o)
    0x200062f8   0x00000400   Zero   RW         2068    STACK               startup_stm32f10x_hd.o


==============================================================================

Image component sizes


      Code (inc. data)   RO Data    RW Data    ZI Data      Debug   Object Name

       228         14         24          0          0     232311   board_led.o
       368         50          0          0          0      11951   dma_stm32f10x.o
       100          8          0          0          0       4845   esp8266.o
       604         80          0          4          0       3944   flash_spi.o
       676         76          0          0          0       6173   gpio_stm32f10x.o
      1920        402        301          8         20      33601   http_server_cgi.o
       700         40       1536          0        304       2861   led_display.o
       180         54         16          1          0       9243   main.o
       384         94         28          8          0       4539   modem_null.o
        48          0        289          8      13092      18514   net_config.o
       130         34          0          0          0       3336   net_debug.o
       732         46          0          0          0       3935   port_08_12.o
        60          6         86         32      10888       7416   rtx_conf_cm.o
        36          8        304          0       1024        788   startup_stm32f10x_hd.o
       286          0          0          0          0       2728   stm32f10x_gpio.o
       244         26          0         20          0       3589   stm32f10x_rcc.o
       112          0          0          0          0       3382   stm32f10x_spi.o
       274          6          0          0          0       3624   stm32f10x_usart.o
       328         28          0          0          0       1877   system_stm32f10x.o
       164         12          0          0          0       1040   usart1.o
      5522        308        388          0        168      67286   usart_stm32f10x.o
       136          8      14828          0          0       6268   web.o

    ----------------------------------------------------------------------
     13262       1300      17840         84      25496     433251   Object Totals
         0          0         32          0          0          0   (incl. Generated)
        30          0          8          3          0          0   (incl. Padding)

    ----------------------------------------------------------------------

      Code (inc. data)   RO Data    RW Data    ZI Data      Debug   Library Member Name

       260         52          0          0         34        520   net_addr.o
       188          0          0          0          0        288   net_common.o
      7728       2568        250         16          0       2716   net_http_server.o
         0          0        535          0          0          0   net_http_server_err.o
       960        438         91          0          0        248   net_icmp.o
      1540        466         32          8          0        912   net_ip4.o
       400        142          0          8          0        312   net_loop.o
       856        340          0          0         20        564   net_mem.o
       420         44          0          0         60        632   net_modem_drv.o
       196         76         18          0         32        220   net_ping.o
       316         36          0          0        332        444   net_serial.o
      1302        312          0          0         24        876   net_slip.o
       624        172        182         20         72        780   net_sys.o
      8616       3264        177          4          0       2436   net_tcp.o
       238         24          0          1          0       2968   hal_cm.o
       304         36          0          0          0        760   hal_cm3.o
      2218        240          0          8          0      45323   rt_cmsis.o
       300         24          0          0          0       2735   rt_event.o
       566         44          0          0         48       7844   rt_list.o
       550         10          0          0          0       3373   rt_mailbox.o
       128          0          0          0          0       1677   rt_membox.o
       128          0          0          0          0       2059   rt_memory.o
       336         12          0          0          0       1825   rt_mutex.o
        96         22          0          8          0       1134   rt_robin.o
       186         10          0          0          0       2554   rt_semaphore.o
       298         52          0          8          0       5951   rt_system.o
      1248        184          0          8         52       9263   rt_task.o
         6          0          0          4          0        620   rt_time.o
         4          4          0          0          0        200   svc_table.o
        56          8          0          0          0         84   __0sscanf.o
        28          0          0          0          0         68   _chval.o
       812          4          0          0          0        112   _scanf.o
       332          0          0          0          0         96   _scanf_int.o
        64          0          0          0          0         84   _sgetc.o
       158          0          0          0          0         92   _strtoul.o
        26          0          0          0          0         80   atoi.o
         8          4        133          0          0         68   ctype_o.o
         0          0          0          0          0          0   entry.o
         0          0          0          0          0          0   entry10a.o
         0          0          0          0          0          0   entry11a.o
         8          4          0          0          0          0   entry2.o
         4          0          0          0          0          0   entry5.o
         0          0          0          0          0          0   entry7b.o
         0          0          0          0          0          0   entry8b.o
         8          4          0          4          0         68   errno.o
        30          0          0          0          0          0   handlers.o
        36          8          0          0          0         68   init.o
        18          0          0          0          0         76   isspace_o.o
         0          0          0          0          0          0   iusefp.o
        30          0          0          0          0         68   llshl.o
        36          0          0          0          0         68   llsshr.o
        32          0          0          0          0         68   llushr.o
        26          0          0          0          0         80   memcmp.o
        36          0          0          0          0         68   memcpya.o
        36          0          0          0          0        108   memseta.o
      2292        104          0          0          0        664   printfa.o
        40          8          0          0          0         84   scanf_char.o
         0          0          0          4          0          0   stdout.o
        28          0          0          0          0         76   strcmp.o
        18          0          0          0          0         68   strcpy.o
        14          0          0          0          0         68   strlen.o
        30          0          0          0          0         80   strncmp.o
       112          0          0          0          0         88   strtol.o
        44          0          0          0          0         80   uidiv.o
        98          0          0          0          0         92   uldiv.o
        48          0          0          0          0         68   cdrcmple.o
       334          0          0          0          0        148   dadd.o
       222          0          0          0          0        100   ddiv.o
       186          0          0          0          0        176   depilogue.o
        48          0          0          0          0         68   dfixul.o
       228          0          0          0          0         96   dmul.o
        38          0          0          0          0         68   f2d.o
       124          0          0          0          0         88   fdiv.o
       110          0          0          0          0        168   fepilogue.o
        10          0          0          0          0         68   ffltui.o
       100          0          0          0          0         76   fmul.o

    ----------------------------------------------------------------------
     35966       8716       1428        104        676     103014   Library Totals
        46          0         10          3          2          0   (incl. Padding)

    ----------------------------------------------------------------------

      Code (inc. data)   RO Data    RW Data    ZI Data      Debug   Library Name

     23406       7910       1285         56        574      10948   Net4_Dbg_CM3_L.lib
      6606        662          0         37        100      88286   RTX_CM3.lib
      4460        144        133          8          0       2656   mc_w.l
      1448          0          0          0          0       1124   mf_w.l

    ----------------------------------------------------------------------
     35966       8716       1428        104        676     103014   Library Totals

    ----------------------------------------------------------------------

==============================================================================


      Code (inc. data)   RO Data    RW Data    ZI Data      Debug   

     49228      10016      19268        188      26172     513121   Grand Totals
     49228      10016      19268        188      26172     513121   ELF Image Totals
     49228      10016      19268        188          0          0   ROM Totals

==============================================================================

    Total RO  Size (Code + RO Data)                68496 (  66.89kB)
    Total RW  Size (RW Data + ZI Data)             26360 (  25.74kB)
    Total ROM Size (Code + RO Data + RW Data)      68684 (  67.07kB)

==============================================================================

