<html>
<body>
<pre>
<h1>µVision Build Log</h1>
<h2>Tool Versions:</h2>
IDE-Version: ¦ÌVision V5.15
Copyright (C) 2015 ARM Ltd and ARM Germany GmbH. All rights reserved.
License Information: D S, DS, LIC=HF830-B0QKE-BX7UY-I5TKN-4TU5N-MJ3AZ
 
Tool Versions:
Toolchain:       MDK-ARM Professional  Version: 5.15.0
Toolchain Path:  C:\Keil_v5\ARM\ARMCC\Bin
C Compiler:      Armcc.exe V5.05 update 2 (build 169)
Assembler:       Armasm.exe V5.05 update 2 (build 169)
Linker/Locator:  ArmLink.exe V5.05 update 2 (build 169)
Library Manager: ArmAr.exe V5.05 update 2 (build 169)
Hex Converter:   FromElf.exe V5.05 update 2 (build 169)
CPU DLL:         SARMCM3.DLL V5.15.0
Dialog DLL:      DARMSTM.DLL V1.65.0.0
Target DLL:      CMSIS_AGDI.dll V1.21.12.0
Dialog DLL:      TCM.DLL V1.14.5.0
 
<h2>Project:</h2>
E:\CtrlCard\STM32F105RCT6\Ctrlcard.uvprojx
Project File Date:  09/22/2016

<h2>Output:</h2>
*** Using Compiler 'V5.05 update 2 (build 169)', folder: 'C:\Keil_v5\ARM\ARMCC\Bin'
Build target 'ControlCard'

FCARM uses the following Files via command file '.\Auto_FcArm_Cmd.inp':
index.htm,
llblue.jpg,
authen.png,
content.png,
info.png,
time.png,
content.html,
..\Doc\scan_type.jpg 
TO Web.c RTE NOPRINT ROOT(Web)
custom translating @.\Auto_FcArm_Cmd.inp...
Custom: C:\Keil_v5\ARM\Bin\FCARM.exe @.\Auto_FcArm_Cmd.inp
FCARM FILE CONVERTER V2.54
Completed 8 File(s), Ratio 99%
compiling Web.c...
compiling LED_Display.c...
linking...
Program Size: Code=49716 RO-data=175216 RW-data=192 ZI-data=26192  
".\Objects\debugTest.axf" - 0 Error(s), 0 Warning(s).

<h2>Software Packages used:</h2>

Package Vendor: ARM
                http://www.keil.com/pack/ARM.CMSIS.4.3.0.pack
                ::CMSIS Driver:USART:2.01 (API)
                CMSIS (Cortex Microcontroller Software Interface Standard)
   * Component: USART Version: 2.01
   * Component: RTOS Version: 1.0
   * Component: CORE Version: 4.1.0
   * Component: Keil RTX Version: 4.78.0

Package Vendor: Keil
                http://www.keil.com/pack/Keil.MDK-Middleware.7.1.0.pack
                Keil.MDK-Plus::Network:Interface:SLIP:Null Modem:7.1.0
                Keil MDK-ARM Professional Middleware for ARM Cortex-M based devices
   * Component: SLIP Variant: Null Modem Version: 7.1.0
   * Component: Web Server Compact Variant: HTTP Version: 7.1.0
   * Component: TCP Version: 7.1.0
   * Component: CORE Variant: IPv4 Debug Version: 7.1.0

Package Vendor: Keil
                http://www.keil.com/pack/Keil.STM32F1xx_DFP.2.0.0.pack
                Keil::Device:Startup:1.0.0
                STMicroelectronics STM32F1 Series Device Support, Drivers and Examples
   * Component: Startup Version: 1.0.0
   * Component: GPIO Version: 1.2
   * Component: DMA Version: 1.2
   * Component: USART Version: 2.0

<h2>Collection of Component include folders:</h2>
  E:\CtrlCard\STM32F105RCT6\RTE
  E:\CtrlCard\STM32F105RCT6\RTE\Device\STM32F103VE
  C:\Keil_v5\ARM\PACK\ARM\CMSIS\4.3.0\CMSIS\Driver\Include
  C:\Keil_v5\ARM\PACK\ARM\CMSIS\4.3.0\CMSIS\Include
  C:\Keil_v5\ARM\PACK\ARM\CMSIS\4.3.0\CMSIS\RTOS\RTX\INC
  C:\Keil_v5\ARM\PACK\Keil\MDK-Middleware\7.1.0\Network\Include
  C:\Keil_v5\ARM\PACK\Keil\STM32F1xx_DFP\2.0.0\Device\Include
  C:\Keil_v5\ARM\PACK\Keil\STM32F1xx_DFP\2.0.0\RTE_Driver

<h2>Collection of Component Files used:</h2>

   * Component: ::CMSIS Driver:USART:2.01 (API)
      Include file:  CMSIS\Driver\Include\Driver_USART.h

   * Component: ::CMSIS:RTOS:1.0 (API)

   * Component: ARM::CMSIS:CORE:4.1.0

   * Component: ARM::CMSIS:RTOS:Keil RTX:4.78.0
      Include file:  CMSIS\RTOS\RTX\INC\cmsis_os.h
      Include file:  CMSIS\RTOS\RTX\UserCodeTemplates\osObjects.h
      Source file:   CMSIS\RTOS\RTX\UserCodeTemplates\main.c
      Source file:   CMSIS\RTOS\RTX\Templates\RTX_Conf_CM.c
      Source file:   CMSIS\RTOS\RTX\UserCodeTemplates\MailQueue.c
      Source file:   CMSIS\RTOS\RTX\UserCodeTemplates\MsgQueue.c
      Source file:   CMSIS\RTOS\RTX\UserCodeTemplates\MemPool.c
      Source file:   CMSIS\RTOS\RTX\UserCodeTemplates\Semaphore.c
      Library file:  CMSIS\RTOS\RTX\LIB\ARM\RTX_CM3.lib
      Source file:   CMSIS\RTOS\RTX\UserCodeTemplates\Mutex.c
      Source file:   CMSIS\RTOS\RTX\UserCodeTemplates\Thread.c
      Source file:   CMSIS\RTOS\RTX\SRC\ARM\SVC_Table.s
      Source file:   CMSIS\RTOS\RTX\UserCodeTemplates\Timer.c

   * Component: Keil.MDK-Plus::Network:Interface:SLIP:Null Modem:7.1.0
      Source file:   Network\Driver\Modem_Null.c
      Source file:   Network\Config\Net_Config_SLIP.h

   * Component: Keil.MDK-Plus::Network:Service:Web Server Compact:HTTP:7.1.0
      Source file:   Network\Config\Net_Config_HTTP_Server.h
      Source file:   Network\Template\HTTP_Server_Access.c
      Source file:   Network\Template\HTTP_Server_Multiuser.c
      Source file:   Network\Template\HTTP_Server_Error.c
      Source file:   Network\Template\HTTP_Server_CGI.c

   * Component: Keil.MDK-Plus::Network:Socket:TCP:7.1.0
      Source file:   Network\Config\Net_Config_TCP.h
      Source file:   Network\Template\TCP_Socket_Client.c
      Source file:   Network\Template\TCP_Socket_Server.c

   * Component: Keil.MDK-Plus::Network:CORE:IPv4 Debug:7.1.0
      Include file:  Network\Include\rl_net.h
      Source file:   Network\Config\Net_Config.c
      Library file:  Network\Lib\ARM\Net4_Dbg_CM3_L.lib
      Source file:   Network\Config\Net_Debug.c

   * Component: Keil::Device:Startup:1.0.0
      Source file:   Device\Source\ARM\startup_stm32f10x_hd.s
      Include file:  RTE_Driver\Config\RTE_Device.h
      Source file:   Device\Source\ARM\STM32F1xx_OPT.s
      Source file:   Device\Source\system_stm32f10x.c

   * Component: Keil::Device:GPIO:1.2
      Source file:   RTE_Driver\GPIO_STM32F10x.c
      Include file:  RTE_Driver\GPIO_STM32F10x.h

   * Component: Keil::Device:DMA:1.2
      Source file:   RTE_Driver\DMA_STM32F10x.c
      Include file:  RTE_Driver\DMA_STM32F10x.h

   * Component: Keil::CMSIS Driver:USART:2.0
      Source file:   RTE_Driver\USART_STM32F10x.c
</pre>
</body>
</html>
