Component: ARM Compiler 5.05 update 2 (build 169) Tool: armlink [4d0f33]

==============================================================================

Section Cross References

    main.o(i.main) refers to usartx.o(i.USARTx_Config) for USARTx_Config
    main.o(i.main) refers to flash_spi.o(i.FLASH_SPI_initialize) for FLASH_SPI_initialize
    main.o(i.main) refers to net_sys.o(i.netInitialize) for netInitialize
    main.o(i.main) refers to net_slip.o(i.netSLIP_Listen) for netSLIP_Listen
    main.o(i.main) refers to rt_cmsis.o(i.osDelay) for osDelay
    main.o(i.main) refers to net_http_server.o(i.netHTTPs_LoginOnOff) for netHTTPs_LoginOnOff
    main.o(i.main) refers to led_display.o(i.LED_display_init) for LED_display_init
    main.o(i.main) refers to board_led.o(i.Board_LED_GPIO_Config) for Board_LED_GPIO_Config
    main.o(i.main) refers to esp8266.o(i.ESP8266_init) for ESP8266_init
    main.o(i.main) refers to esp8266.o(i.ESP8266_rst) for ESP8266_rst
    main.o(i.main) refers to printf8.o(i.__0printf$8) for __2printf
    main.o(i.main) refers to stm32f10x_gpio.o(i.GPIO_SetBits) for GPIO_SetBits
    main.o(i.main) refers to stm32f10x_gpio.o(i.GPIO_ResetBits) for GPIO_ResetBits
    web.o(i.imageFileInfo) refers to web.o(i.crc32_8bit) for crc32_8bit
    web.o(i.imageFileInfo) refers to web.o(.constdata) for imageFileTable
    http_server_cgi.o(i.netCGI_ProcessData) refers to net_http_server.o(i.netCGI_GetEnvVar) for netCGI_GetEnvVar
    http_server_cgi.o(i.netCGI_ProcessData) refers to strncmp.o(.text) for strncmp
    http_server_cgi.o(i.netCGI_ProcessData) refers to strcpy.o(.text) for strcpy
    http_server_cgi.o(i.netCGI_ProcessData) refers to strlen.o(.text) for strlen
    http_server_cgi.o(i.netCGI_ProcessData) refers to http_server_cgi.o(i.save_display_para_to_flash) for save_display_para_to_flash
    http_server_cgi.o(i.netCGI_ProcessData) refers to net_http_server.o(i.netHTTPs_LoginOnOff) for netHTTPs_LoginOnOff
    http_server_cgi.o(i.netCGI_ProcessData) refers to strcmp.o(.text) for strcmp
    http_server_cgi.o(i.netCGI_ProcessData) refers to http_server_cgi.o(.data) for current_area
    http_server_cgi.o(i.netCGI_ProcessData) refers to led_display.o(.bss) for area
    http_server_cgi.o(i.netCGI_ProcessData) refers to net_config.o(.constdata) for net_http_config
    http_server_cgi.o(i.netCGI_ProcessQuery) refers to net_http_server.o(i.netCGI_GetEnvVar) for netCGI_GetEnvVar
    http_server_cgi.o(i.netCGI_ProcessQuery) refers to strncmp.o(.text) for strncmp
    http_server_cgi.o(i.netCGI_ProcessQuery) refers to atoi.o(.text) for atoi
    http_server_cgi.o(i.netCGI_ProcessQuery) refers to http_server_cgi.o(i.save_display_para_to_flash) for save_display_para_to_flash
    http_server_cgi.o(i.netCGI_ProcessQuery) refers to led_display.o(i.del_area) for del_area
    http_server_cgi.o(i.netCGI_ProcessQuery) refers to strcpy.o(.text) for strcpy
    http_server_cgi.o(i.netCGI_ProcessQuery) refers to strtok.o(.text) for strtok
    http_server_cgi.o(i.netCGI_ProcessQuery) refers to rtc.o(i.Time_Adjust) for Time_Adjust
    http_server_cgi.o(i.netCGI_ProcessQuery) refers to led_display.o(i.LED_display_power_off) for LED_display_power_off
    http_server_cgi.o(i.netCGI_ProcessQuery) refers to led_display.o(i.LED_display_start) for LED_display_start
    http_server_cgi.o(i.netCGI_ProcessQuery) refers to led_display.o(i.check_screen) for check_screen
    http_server_cgi.o(i.netCGI_ProcessQuery) refers to http_server_cgi.o(.data) for current_area
    http_server_cgi.o(i.netCGI_ProcessQuery) refers to led_display.o(.bss) for area
    http_server_cgi.o(i.netCGI_ProcessQuery) refers to led_display.o(.data) for screen
    http_server_cgi.o(i.netCGI_Script) refers to printf8.o(i.__0sprintf$8) for __2sprintf
    http_server_cgi.o(i.netCGI_Script) refers to net_http_server.o(i.netHTTPs_LoginActive) for netHTTPs_LoginActive
    http_server_cgi.o(i.netCGI_Script) refers to http_server_cgi.o(.data) for current_area
    http_server_cgi.o(i.netCGI_Script) refers to led_display.o(.bss) for area
    http_server_cgi.o(i.netCGI_Script) refers to http_server_cgi.o(.conststring) for .conststring
    http_server_cgi.o(i.netCGI_Script) refers to net_config.o(.constdata) for net_http_config
    http_server_cgi.o(i.netCGI_Script) refers to led_display.o(.data) for power_on
    http_server_cgi.o(i.save_display_para_to_flash) refers to flash_spi.o(i.SPI_FLASH_SectorErase) for SPI_FLASH_SectorErase
    http_server_cgi.o(i.save_display_para_to_flash) refers to flash_spi.o(i.SPI_FLASH_BufferWrite) for SPI_FLASH_BufferWrite
    http_server_cgi.o(i.save_display_para_to_flash) refers to net_http_server.o(i.netHTTPs_LoginActive) for netHTTPs_LoginActive
    http_server_cgi.o(i.save_display_para_to_flash) refers to net_http_server.o(i.netHTTPs_GetPassword) for netHTTPs_GetPassword
    http_server_cgi.o(i.save_display_para_to_flash) refers to strcpy.o(.text) for strcpy
[...]
    netCGI_Redirect                          0x080078a9   Thumb Code     4  net_http_server.o(i.netCGI_Redirect)
    netCGI_Script                            0x080078ad   Thumb Code   892  http_server_cgi.o(i.netCGI_Script)
    netCGX_ContentType                       0x08007d2d   Thumb Code     4  net_http_server.o(i.netCGX_ContentType)
    netCore_Thread                           0x08007d31   Thumb Code    76  net_sys.o(i.netCore_Thread)
    netHTTPs_AcceptClient                    0x08007d89   Thumb Code     4  net_http_server.o(i.netHTTPs_AcceptClient)
    netHTTPs_CheckAccount                    0x08007d8d   Thumb Code     4  net_http_server.o(i.netHTTPs_CheckAccount)
    netHTTPs_FileAccess                      0x08007d91   Thumb Code     4  net_http_server.o(i.netHTTPs_FileAccess)
    netHTTPs_GetPassword                     0x08007d95   Thumb Code     6  net_http_server.o(i.netHTTPs_GetPassword)
    netHTTPs_LoginActive                     0x08007da1   Thumb Code     6  net_http_server.o(i.netHTTPs_LoginActive)
    netHTTPs_LoginOnOff                      0x08007dad   Thumb Code    20  net_http_server.o(i.netHTTPs_LoginOnOff)
    netHTTPs_fclose                          0x08007dc9   Thumb Code     2  net_config.o(i.netHTTPs_fclose)
    netHTTPs_fgets                           0x08007dcb   Thumb Code     4  net_config.o(i.netHTTPs_fgets)
    netHTTPs_fopen                           0x08007dcf   Thumb Code     4  net_config.o(i.netHTTPs_fopen)
    netHTTPs_fread                           0x08007dd3   Thumb Code     4  net_config.o(i.netHTTPs_fread)
    netHTTPs_fstat                           0x08007dd7   Thumb Code     2  net_config.o(i.netHTTPs_fstat)
    netInitialize                            0x08007dd9   Thumb Code   162  net_sys.o(i.netInitialize)
    netSLIP_Listen                           0x08007eed   Thumb Code    48  net_slip.o(i.netSLIP_Listen)
    netSLIP_Thread                           0x08007f35   Thumb Code    90  net_slip.o(i.netSLIP_Thread)
    netTLS_buf                               0x08007f99   Thumb Code     4  net_config.o(i.netTLS_buf)
    netTLS_close                             0x08007f9d   Thumb Code     2  net_config.o(i.netTLS_close)
    netTLS_send                              0x08007f9f   Thumb Code     2  net_config.o(i.netTLS_send)
    netTLS_socket                            0x08007fa1   Thumb Code     4  net_config.o(i.netTLS_socket)
    net_addr4_aton                           0x08007fa5   Thumb Code    82  net_addr.o(i.net_addr4_aton)
    net_addr4_is_subnet                      0x0800800d   Thumb Code    26  net_addr.o(i.net_addr4_is_subnet)
    net_addr4_ntoa                           0x08008029   Thumb Code     6  net_addr.o(i.net_addr4_ntoa)
    net_addr_ntoa                            0x08008035   Thumb Code    14  net_addr.o(i.net_addr_ntoa)
    net_b64_decode                           0x08008049   Thumb Code   122  net_common.o(i.net_b64_decode)
    net_com_flush_buf                        0x080080c5   Thumb Code    28  net_serial.o(i.net_com_flush_buf)
    net_com_init                             0x080080e9   Thumb Code   104  net_serial.o(i.net_com_init)
    net_com_recv_char                        0x08008159   Thumb Code    40  net_serial.o(i.net_com_recv_char)
    net_com_send_char                        0x08008185   Thumb Code    46  net_serial.o(i.net_com_send_char)
    net_com_tx_active                        0x080081b9   Thumb Code    22  net_serial.o(i.net_com_tx_active)
    net_dbg_error                            0x080081d5   Thumb Code   138  net_debug.o(i.net_dbg_error)
    net_dbg_info                             0x08008271   Thumb Code    56  net_debug.o(i.net_dbg_info)
    net_dbg_proc                             0x080082b5   Thumb Code    12  net_sys.o(i.net_dbg_proc)
    net_debug_init                           0x080082c5   Thumb Code     2  net_debug.o(i.net_debug_init)
    net_eth_is_my_addr                       0x080082c7   Thumb Code     4  net_config.o(i.net_eth_is_my_addr)
    net_eth_send_frame                       0x080082cb   Thumb Code     4  net_config.o(i.net_eth_send_frame)
    net_http_server_init                     0x080082d1   Thumb Code   182  net_http_server.o(i.net_http_server_init)
    net_http_server_run                      0x080083e9   Thumb Code    14  net_http_server.o(i.net_http_server_run)
    net_icmp_process                         0x080083fd   Thumb Code   290  net_icmp.o(i.net_icmp_process)
    net_icmp_send_echo                       0x08008669   Thumb Code   122  net_icmp.o(i.net_icmp_send_echo)
    net_igmp_is_member                       0x080086ed   Thumb Code     4  net_config.o(i.net_igmp_is_member)
    net_ip4_checksum                         0x080086f1   Thumb Code    76  net_ip4.o(i.net_ip4_checksum)
    net_ip4_chk_frame                        0x0800873d   Thumb Code   250  net_ip4.o(i.net_ip4_chk_frame)
    net_ip4_chksum_buf                       0x08008919   Thumb Code    50  net_ip4.o(i.net_ip4_chksum_buf)
    net_ip4_get_local                        0x0800894d   Thumb Code    52  net_ip4.o(i.net_ip4_get_local)
    net_ip4_init                             0x0800898d   Thumb Code    12  net_ip4.o(i.net_ip4_init)
    net_ip4_is_subcast                       0x0800899d   Thumb Code    38  net_ip4.o(i.net_ip4_is_subcast)
    net_ip4_send_frame                       0x080089c9   Thumb Code   310  net_ip4.o(i.net_ip4_send_frame)
    net_ip4_tx_offload                       0x08008b51   Thumb Code    44  net_ip4.o(i.net_ip4_tx_offload)
    net_loop_iface_init                      0x08008b85   Thumb Code    34  net_loop.o(i.net_loop_iface_init)
    net_loop_iface_run                       0x08008bc1   Thumb Code   108  net_loop.o(i.net_loop_iface_run)
    net_loop_send_frame                      0x08008c51   Thumb Code    94  net_loop.o(i.net_loop_send_frame)
    net_mem_alloc                            0x08008cdd   Thumb Code   168  net_mem.o(i.net_mem_alloc)
    net_mem_avail                            0x08008e01   Thumb Code    22  net_mem.o(i.net_mem_avail)
    net_mem_free                             0x08008e1d   Thumb Code   136  net_mem.o(i.net_mem_free)
    net_mem_init                             0x08008f09   Thumb Code   110  net_mem.o(i.net_mem_init)
    net_mem_shrink                           0x08008fb9   Thumb Code    60  net_mem.o(i.net_mem_shrink)
    net_modem_hangup                         0x08009019   Thumb Code    16  net_modem_drv.o(i.net_modem_hangup)
    net_modem_init                           0x0800902d   Thumb Code    30  net_modem_drv.o(i.net_modem_init)
    net_modem_listen                         0x08009055   Thumb Code    22  net_modem_drv.o(i.net_modem_listen)
    net_modem_online                         0x08009071   Thumb Code    10  net_modem_drv.o(i.net_modem_online)
    net_modem_process                        0x08009081   Thumb Code   130  net_modem_drv.o(i.net_modem_process)
    net_modem_run                            0x08009109   Thumb Code    74  net_modem_drv.o(i.net_modem_run)
    net_path                                 0x08009159   Thumb Code    48  net_sys.o(i.net_path)
    net_ping_client_init                     0x0800918d   Thumb Code    20  net_ping.o(i.net_ping_client_init)
    net_ping_client_run                      0x080091b5   Thumb Code    88  net_ping.o(i.net_ping_client_run)
    net_ppp_send_frame                       0x08009241   Thumb Code     4  net_config.o(i.net_ppp_send_frame)
    net_rand32                               0x08009245   Thumb Code    18  net_sys.o(i.net_rand32)
    net_slip_iface_init                      0x08009261   Thumb Code   136  net_slip.o(i.net_slip_iface_init)
    net_slip_iface_run                       0x08009335   Thumb Code   150  net_slip.o(i.net_slip_iface_run)
    net_slip_send_frame                      0x08009421   Thumb Code    94  net_slip.o(i.net_slip_send_frame)
    net_strchr                               0x080094dd   Thumb Code    22  net_common.o(i.net_strchr)
    net_strcmp                               0x080094f3   Thumb Code    26  net_common.o(i.net_strcmp)
    net_strcpy                               0x0800950d   Thumb Code    18  net_common.o(i.net_strcpy)
    net_sys_error                            0x0800951f   Thumb Code     2  net_config.o(i.net_sys_error)
    net_sys_lock                             0x08009521   Thumb Code    12  net_sys.o(i.net_sys_lock)
    net_sys_unlock                           0x08009545   Thumb Code     8  net_sys.o(i.net_sys_unlock)
    net_sys_wakeup                           0x08009551   Thumb Code    24  net_sys.o(i.net_sys_wakeup)
    net_tcp_abort                            0x08009571   Thumb Code   120  net_tcp.o(i.net_tcp_abort)
    net_tcp_close                            0x0800963d   Thumb Code   206  net_tcp.o(i.net_tcp_close)
    net_tcp_get_buf                          0x0800977d   Thumb Code    40  net_tcp.o(i.net_tcp_get_buf)
    net_tcp_get_mss                          0x080097c1   Thumb Code    34  net_tcp.o(i.net_tcp_get_mss)
    net_tcp_get_socket                       0x080097e9   Thumb Code    96  net_tcp.o(i.net_tcp_get_socket)
    net_tcp_get_state                        0x080098a1   Thumb Code    40  net_tcp.o(i.net_tcp_get_state)
    net_tcp_listen                           0x080098cd   Thumb Code   150  net_tcp.o(i.net_tcp_listen)
    net_tcp_process                          0x080099e1   Thumb Code  2254  net_tcp.o(i.net_tcp_process)
    net_tcp_send                             0x0800a4f5   Thumb Code   306  net_tcp.o(i.net_tcp_send)
    net_tcp_set_option                       0x0800a745   Thumb Code   260  net_tcp.o(i.net_tcp_set_option)
    net_tcp_socket_init                      0x0800a93d   Thumb Code    40  net_tcp.o(i.net_tcp_socket_init)
    net_tcp_socket_run                       0x0800a98d   Thumb Code   788  net_tcp.o(i.net_tcp_socket_run)
    net_udp_process                          0x0800ae2d   Thumb Code     2  net_config.o(i.net_udp_process)
    osDelay                                  0x0800ae31   Thumb Code    18  rt_cmsis.o(i.osDelay)
    osKernelInitialize                       0x0800ae49   Thumb Code    30  rt_cmsis.o(i.osKernelInitialize)
    osKernelStart                            0x0800ae6d   Thumb Code    98  rt_cmsis.o(i.osKernelStart)
    osMessageGet                             0x0800aed9   Thumb Code    18  rt_cmsis.o(i.osMessageGet)
    osMutexCreate                            0x0800aef1   Thumb Code    38  rt_cmsis.o(i.osMutexCreate)
    osMutexRelease                           0x0800af21   Thumb Code    18  rt_cmsis.o(i.osMutexRelease)
    osMutexWait                              0x0800af39   Thumb Code    18  rt_cmsis.o(i.osMutexWait)
    osSemaphoreCreate                        0x0800af51   Thumb Code    38  rt_cmsis.o(i.osSemaphoreCreate)
    osSemaphoreRelease                       0x0800af81   Thumb Code    18  rt_cmsis.o(i.osSemaphoreRelease)
    osSemaphoreWait                          0x0800af99   Thumb Code    20  rt_cmsis.o(i.osSemaphoreWait)
    osSignalClear                            0x0800afb1   Thumb Code    20  rt_cmsis.o(i.osSignalClear)
    osSignalSet                              0x0800afc9   Thumb Code    18  rt_cmsis.o(i.osSignalSet)
    osSignalWait                             0x0800afe1   Thumb Code    18  rt_cmsis.o(i.osSignalWait)
    osThreadCreate                           0x0800aff9   Thumb Code    38  rt_cmsis.o(i.osThreadCreate)
    osThreadExit                             0x0800b029   Thumb Code    14  rt_cmsis.o(i.osThreadExit)
    osThreadTerminate                        0x0800b041   Thumb Code    18  rt_cmsis.o(i.osThreadTerminate)
    osThreadYield                            0x0800b059   Thumb Code    18  rt_cmsis.o(i.osThreadYield)
    osTimerCall                              0x0800b071   Thumb Code     8  rt_cmsis.o(i.osTimerCall)
    osTimerCreate                            0x0800b07d   Thumb Code    44  rt_cmsis.o(i.osTimerCreate)
    osTimerStart                             0x0800b0b1   Thumb Code    18  rt_cmsis.o(i.osTimerStart)
    osTimerThread                            0x0800b0c9   Thumb Code    38  rt_cmsis.o(i.osTimerThread)
    os_error                                 0x0800b0f5   Thumb Code    32  rtx_conf_cm.o(i.os_error)
    os_idle_demon                            0x0800b115   Thumb Code     4  rtx_conf_cm.o(i.os_idle_demon)
    os_tick_init                             0x0800b119   Thumb Code    32  rt_system.o(i.os_tick_init)
    os_tick_irqack                           0x0800b141   Thumb Code     2  rt_system.o(i.os_tick_irqack)
    rt_alloc_box                             0x0800b243   Thumb Code    26  rt_membox.o(i.rt_alloc_box)
    rt_alloc_mem                             0x0800b25d   Thumb Code    62  rt_memory.o(i.rt_alloc_mem)
    rt_block                                 0x0800b29d   Thumb Code    48  rt_task.o(i.rt_block)
    rt_chk_robin                             0x0800b2d5   Thumb Code    60  rt_robin.o(i.rt_chk_robin)
    rt_dec_dly                               0x0800b31d   Thumb Code   102  rt_list.o(i.rt_dec_dly)
    rt_dispatch                              0x0800b38d   Thumb Code    60  rt_task.o(i.rt_dispatch)
    rt_dly_wait                              0x0800b3d1   Thumb Code     6  rt_time.o(i.rt_dly_wait)
    rt_evt_clr                               0x0800b3d9   Thumb Code    22  rt_event.o(i.rt_evt_clr)
    rt_evt_psh                               0x0800b3f5   Thumb Code    76  rt_event.o(i.rt_evt_psh)
    rt_evt_set                               0x0800b445   Thumb Code    88  rt_event.o(i.rt_evt_set)
    rt_evt_wait                              0x0800b4a1   Thumb Code    56  rt_event.o(i.rt_evt_wait)
    rt_free_box                              0x0800b4dd   Thumb Code    32  rt_membox.o(i.rt_free_box)
    rt_free_mem                              0x0800b4fd   Thumb Code    40  rt_memory.o(i.rt_free_mem)
    rt_get_first                             0x0800b525   Thumb Code    40  rt_list.o(i.rt_get_first)
    rt_get_same_rdy_prio                     0x0800b54d   Thumb Code    26  rt_list.o(i.rt_get_same_rdy_prio)
    rt_init_mem                              0x0800b5c1   Thumb Code    26  rt_memory.o(i.rt_init_mem)
    rt_init_robin                            0x0800b5dd   Thumb Code    14  rt_robin.o(i.rt_init_robin)
    rt_init_stack                            0x0800b5f5   Thumb Code   118  hal_cm.o(i.rt_init_stack)
    rt_mbx_check                             0x0800b675   Thumb Code     8  rt_mailbox.o(i.rt_mbx_check)
    rt_mbx_init                              0x0800b67d   Thumb Code    26  rt_mailbox.o(i.rt_mbx_init)
    rt_mbx_psh                               0x0800b699   Thumb Code   236  rt_mailbox.o(i.rt_mbx_psh)
    rt_mbx_wait                              0x0800b789   Thumb Code   174  rt_mailbox.o(i.rt_mbx_wait)
    rt_mut_init                              0x0800b879   Thumb Code    16  rt_mutex.o(i.rt_mut_init)
    rt_mut_release                           0x0800b889   Thumb Code   208  rt_mutex.o(i.rt_mut_release)
    rt_mut_wait                              0x0800b961   Thumb Code   100  rt_mutex.o(i.rt_mut_wait)
    rt_pop_req                               0x0800b9c9   Thumb Code   112  rt_system.o(i.rt_pop_req)
    rt_psh_req                               0x0800ba45   Thumb Code    22  rt_system.o(i.rt_psh_req)
    rt_psq_enq                               0x0800ba65   Thumb Code    88  rt_list.o(i.rt_psq_enq)
    rt_put_dly                               0x0800bac1   Thumb Code    68  rt_list.o(i.rt_put_dly)
    rt_put_prio                              0x0800bb09   Thumb Code    54  rt_list.o(i.rt_put_prio)
    rt_put_rdy_first                         0x0800bb41   Thumb Code    14  rt_list.o(i.rt_put_rdy_first)
    rt_resort_prio                           0x0800bb55   Thumb Code    46  rt_list.o(i.rt_resort_prio)
    rt_ret_val                               0x0800bb89   Thumb Code     6  hal_cm.o(i.rt_ret_val)
    rt_ret_val2                              0x0800bb8f   Thumb Code     8  hal_cm.o(i.rt_ret_val2)
    rt_rmv_dly                               0x0800bb97   Thumb Code    40  rt_list.o(i.rt_rmv_dly)
    rt_rmv_list                              0x0800bbc1   Thumb Code    44  rt_list.o(i.rt_rmv_list)
    rt_sem_init                              0x0800bbf1   Thumb Code    12  rt_semaphore.o(i.rt_sem_init)
    rt_sem_psh                               0x0800bbfd   Thumb Code    48  rt_semaphore.o(i.rt_sem_psh)
    rt_sem_send                              0x0800bc31   Thumb Code    42  rt_semaphore.o(i.rt_sem_send)
    rt_sem_wait                              0x0800bc5d   Thumb Code    58  rt_semaphore.o(i.rt_sem_wait)
    rt_stk_check                             0x0800bc9d   Thumb Code    28  rt_system.o(i.rt_stk_check)
    rt_switch_req                            0x0800bcc1   Thumb Code    30  rt_task.o(i.rt_switch_req)
    rt_sys_init                              0x0800bce9   Thumb Code   138  rt_task.o(i.rt_sys_init)
    rt_sys_start                             0x0800bdb5   Thumb Code   110  rt_task.o(i.rt_sys_start)
    rt_systick                               0x0800be2d   Thumb Code    50  rt_system.o(i.rt_systick)
    rt_tsk_create                            0x0800bef1   Thumb Code   112  rt_task.o(i.rt_tsk_create)
    rt_tsk_delete                            0x0800bf71   Thumb Code   342  rt_task.o(i.rt_tsk_delete)
    rt_tsk_pass                              0x0800c0e5   Thumb Code    38  rt_task.o(i.rt_tsk_pass)
    rt_tsk_prio                              0x0800c115   Thumb Code   108  rt_task.o(i.rt_tsk_prio)
    rt_tsk_self                              0x0800c191   Thumb Code    12  rt_task.o(i.rt_tsk_self)
    save_display_para_to_flash               0x0800c1a1   Thumb Code   680  http_server_cgi.o(i.save_display_para_to_flash)
    svcDelay                                 0x0800c665   Thumb Code    20  rt_cmsis.o(i.svcDelay)
    svcKernelInitialize                      0x0800c679   Thumb Code    80  rt_cmsis.o(i.svcKernelInitialize)
    svcKernelStart                           0x0800c6e9   Thumb Code    62  rt_cmsis.o(i.svcKernelStart)
    svcMessageCreate                         0x0800c731   Thumb Code    36  rt_cmsis.o(i.svcMessageCreate)
    svcMessageGet                            0x0800c755   Thumb Code    58  rt_cmsis.o(i.svcMessageGet)
    svcMutexCreate                           0x0800c78f   Thumb Code    28  rt_cmsis.o(i.svcMutexCreate)
    svcMutexRelease                          0x0800c7ab   Thumb Code    34  rt_cmsis.o(i.svcMutexRelease)
    svcMutexWait                             0x0800c7cd   Thumb Code    54  rt_cmsis.o(i.svcMutexWait)
    svcSemaphoreCreate                       0x0800c803   Thumb Code    36  rt_cmsis.o(i.svcSemaphoreCreate)
    svcSemaphoreRelease                      0x0800c827   Thumb Code    40  rt_cmsis.o(i.svcSemaphoreRelease)
    svcSemaphoreWait                         0x0800c84f   Thumb Code    50  rt_cmsis.o(i.svcSemaphoreWait)
    svcSignalClear                           0x0800c881   Thumb Code    36  rt_cmsis.o(i.svcSignalClear)
    svcSignalSet                             0x0800c8a5   Thumb Code    36  rt_cmsis.o(i.svcSignalSet)
    svcSignalWait                            0x0800c8c9   Thumb Code    80  rt_cmsis.o(i.svcSignalWait)
    svcThreadCreate                          0x0800c91d   Thumb Code   100  rt_cmsis.o(i.svcThreadCreate)
    svcThreadGetId                           0x0800c98d   Thumb Code    22  rt_cmsis.o(i.svcThreadGetId)
    svcThreadTerminate                       0x0800c9a9   Thumb Code    50  rt_cmsis.o(i.svcThreadTerminate)
    svcThreadYield                           0x0800c9e1   Thumb Code    10  rt_cmsis.o(i.svcThreadYield)
    svcTimerCall                             0x0800c9eb   Thumb Code    24  rt_cmsis.o(i.svcTimerCall)
    svcTimerCreate                           0x0800ca05   Thumb Code    52  rt_cmsis.o(i.svcTimerCreate)
    svcTimerStart                            0x0800ca3d   Thumb Code    96  rt_cmsis.o(i.svcTimerStart)
    sysTimerTick                             0x0800caa1   Thumb Code    84  rt_cmsis.o(i.sysTimerTick)
    imageLastModified                        0x0800d3e8   Data           4  web.o(.constdata)
    ascii_Dot                                0x08019aec   Data        1520  led_display.o(.constdata)
    os_thread_def_LED_Display                0x0801a0dc   Data          16  led_display.o(.constdata)
    os_thread_def_check_Display              0x0801a0ec   Data          16  led_display.o(.constdata)
    os_maxtaskrun                            0x0801a0fc   Data           2  rtx_conf_cm.o(.constdata)
    os_stackinfo                             0x0801a100   Data           4  rtx_conf_cm.o(.constdata)
    os_rrobin                                0x0801a104   Data           4  rtx_conf_cm.o(.constdata)
    os_tickfreq                              0x0801a108   Data           4  rtx_conf_cm.o(.constdata)
    os_tickus_i                              0x0801a10c   Data           2  rtx_conf_cm.o(.constdata)
    os_tickus_f                              0x0801a10e   Data           2  rtx_conf_cm.o(.constdata)
    os_trv                                   0x0801a110   Data           4  rtx_conf_cm.o(.constdata)
    os_flags                                 0x0801a114   Data           1  rtx_conf_cm.o(.constdata)
    CMSIS_RTOS_API_Version                   0x0801a118   Data           4  rtx_conf_cm.o(.constdata)
    CMSIS_RTOS_RTX_Version                   0x0801a11c   Data           4  rtx_conf_cm.o(.constdata)
    os_clockrate                             0x0801a120   Data           4  rtx_conf_cm.o(.constdata)
    os_timernum                              0x0801a124   Data           4  rtx_conf_cm.o(.constdata)
    mp_tcb_size                              0x0801a128   Data           2  rtx_conf_cm.o(.constdata)
    mp_stk_size                              0x0801a12c   Data           4  rtx_conf_cm.o(.constdata)
    os_stack_sz                              0x0801a130   Data           4  rtx_conf_cm.o(.constdata)
    os_fifo_size                             0x0801a134   Data           1  rtx_conf_cm.o(.constdata)
    os_thread_def_osTimerThread              0x0801a138   Data          16  rtx_conf_cm.o(.constdata)
    os_messageQ_def_osTimerMessageQ          0x0801a148   Data           8  rtx_conf_cm.o(.constdata)
    mp_tmr_size                              0x0801a150   Data           2  rtx_conf_cm.o(.constdata)
    Driver_USART1                            0x0801a1e8   Data          56  usart_stm32f10x.o(.constdata)
    Driver_USART3                            0x0801a220   Data          56  usart_stm32f10x.o(.constdata)
    os_mutex_def_net_lock                    0x0801a268   Data           4  net_config.o(.constdata)
    os_mutex_def_mem_lock                    0x0801a26c   Data           4  net_config.o(.constdata)
    net_sys_config                           0x0801a270   Data          32  net_config.o(.constdata)
    os_semaphore_def_slip_lock               0x0801a2a0   Data           4  net_config.o(.constdata)
    net_slip_config                          0x0801a2a4   Data          40  net_config.o(.constdata)
    net_localm                               0x0801a2cc   Data          12  net_config.o(.constdata)
    net_localm6                              0x0801a2d8   Data          12  net_config.o(.constdata)
    net_tcp_config                           0x0801a2e4   Data          20  net_config.o(.constdata)
    net_http_config                          0x0801a2f8   Data          40  net_config.o(.constdata)
    net_sys_func                             0x0801a320   Data          48  net_config.o(.constdata)
    Driver_MODEM                             0x0801a350   Data          28  modem_null.o(.constdata)
    net_ping_payload                         0x0801a4aa   Data          18  net_ping.o(.constdata)
    os_timer_def_net_tick                    0x0801a4bc   Data           8  net_sys.o(.constdata)
    net_addr4_bcast                          0x0801a572   Data           4  net_ip4.o(.constdata)
    net_addr4_loopback                       0x0801a576   Data           4  net_ip4.o(.constdata)
    net_http_error                           0x0801a5ac   Data          24  net_http_server_err.o(.constdata)
    __ctype_table                            0x0801a5c4   Data         129  ctype_o.o(.constdata)
    Region$$Table$$Base                      0x0801aa54   Number         0  anon$$obj.o(Region$$Table)
    Region$$Table$$Limit                     0x0801aa74   Number         0  anon$$obj.o(Region$$Table)
    current_area                             0x20000000   Data           1  http_server_cgi.o(.data)
    LED_display_thread_id                    0x20000008   Data           4  led_display.o(.data)
    power_on                                 0x2000000c   Data           1  led_display.o(.data)
    check_on                                 0x2000000d   Data           1  led_display.o(.data)
    screen                                   0x2000000e   Data           8  led_display.o(.data)
    max_len                                  0x20000016   Data           1  led_display.o(.data)
    osThreadId_osTimerThread                 0x20000018   Data           4  rtx_conf_cm.o(.data)
    osMessageQId_osTimerMessageQ             0x2000001c   Data           4  rtx_conf_cm.o(.data)
    os_tmr                                   0x20000020   Data           4  rtx_conf_cm.o(.data)
    m_tmr                                    0x20000024   Data           4  rtx_conf_cm.o(.data)
    os_thread_def_main                       0x20000028   Data          16  rtx_conf_cm.o(.data)
    os_initialized                           0x2000005c   Data           1  rt_cmsis.o(.data)
    os_running                               0x2000005d   Data           1  rt_cmsis.o(.data)
    os_timer_head                            0x20000060   Data           4  rt_cmsis.o(.data)
    os_tsk                                   0x20000094   Data           8  rt_task.o(.data)
    os_tick_irqn                             0x200000a0   Data           4  rt_system.o(.data)
    os_time                                  0x200000a4   Data           4  rt_time.o(.data)
    dbg_msg                                  0x200000a8   Data           1  hal_cm.o(.data)
    os_robin                                 0x200000b4   Data           8  rt_robin.o(.data)
    __stdout                                 0x200000c0   Data           4  stdout.o(.data)
    area                                     0x200000c8   Data         126  led_display.o(.bss)
    screen_dot_red                           0x20000146   Data         256  led_display.o(.bss)
    screen_dot_green                         0x20000246   Data         256  led_display.o(.bss)
    current_row_dot                          0x20000346   Data          30  led_display.o(.bss)
    mp_tcb                                   0x20000368   Data         688  rtx_conf_cm.o(.bss)
    mp_stk                                   0x20000618   Data        3216  rtx_conf_cm.o(.bss)
    os_stack_mem                             0x200012a8   Data        4904  rtx_conf_cm.o(.bss)
    os_fifo                                  0x200025d0   Data         132  rtx_conf_cm.o(.bss)
    os_active_TCB                            0x20002654   Data          52  rtx_conf_cm.o(.bss)
    os_messageQ_q_osTimerMessageQ            0x20002688   Data          32  rtx_conf_cm.o(.bss)
    net_ping_control                         0x2000595c   Data          32  net_ping.o(.bss)
    net_sys_control                          0x2000597c   Data          48  net_sys.o(.bss)
    os_timer_cb_net_tick                     0x200059ac   Data          24  net_sys.o(.bss)
    os_idle_TCB                              0x200059c4   Data          52  rt_task.o(.bss)
    os_rdy                                   0x200059f8   Data          24  rt_list.o(.bss)
    os_dly                                   0x20005a10   Data          24  rt_list.o(.bss)
    __initial_sp                             0x20005fe8   Data           0  startup_stm32f10x_hd.o(STACK)



==============================================================================

Memory Map of the image

  Image Entry point : 0x08000131

  Load Region LR_IROM1 (Base: 0x08000000, Size: 0x0001ab3c, Max: 0x00040000, ABSOLUTE)

    Execution Region ER_IROM1 (Base: 0x08000000, Size: 0x0001aa74, Max: 0x00040000, ABSOLUTE)

    Base Addr    Size         Type   Attr      Idx    E Section Name        Object

    0x08000000   0x00000130   Data   RO          968    RESET               startup_stm32f10x_hd.o
    0x08000130   0x00000000   Code   RO         4256  * .ARM.Collect$$$$00000000  mc_w.l(entry.o)
    0x08000130   0x00000004   Code   RO         4550    .ARM.Collect$$$$00000001  mc_w.l(entry2.o)
    0x08000134   0x00000004   Code   RO         4553    .ARM.Collect$$$$00000004  mc_w.l(entry5.o)
    0x08000138   0x00000000   Code   RO         4555    .ARM.Collect$$$$00000008  mc_w.l(entry7b.o)
    0x08000138   0x00000000   Code   RO         4557    .ARM.Collect$$$$0000000A  mc_w.l(entry8b.o)
    0x08000138   0x00000000   Code   RO         4558    .ARM.Collect$$$$0000000D  mc_w.l(entry10a.o)
    0x08000138   0x00000000   Code   RO         4560    .ARM.Collect$$$$0000000F  mc_w.l(entry11a.o)
    0x08000138   0x00000018   Code   RO          664    .ARM.Collect$$$$000000FF  rtx_conf_cm.o
    0x08000150   0x00000004   Code   RO         4551    .ARM.Collect$$$$00002712  mc_w.l(entry2.o)
    0x08000154   0x00000008   Code   RO         3438    .emb_text           Net4_Dbg_CM3_L.lib(net_sys.o)
    0x0800015c   0x00000130   Code   RO         4243    .emb_text           RTX_CM3.lib(hal_cm3.o)
    0x0800028c   0x00000024   Code   RO          969    .text               startup_stm32f10x_hd.o
    0x080002b0   0x00000062   Code   RO         4259    .text               mc_w.l(uldiv.o)
    0x08000312   0x00000024   Code   RO         4261    .text               mc_w.l(memcpya.o)
    0x08000336   0x00000024   Code   RO         4263    .text               mc_w.l(memseta.o)
    0x0800035a   0x0000000e   Code   RO         4265    .text               mc_w.l(strlen.o)
    0x08000368   0x0000001c   Code   RO         4267    .text               mc_w.l(strcmp.o)
    0x08000384   0x0000001a   Code   RO         4269    .text               mc_w.l(memcmp.o)
    0x0800039e   0x00000012   Code   RO         4271    .text               mc_w.l(strcpy.o)
    0x080003b0   0x0000001e   Code   RO         4273    .text               mc_w.l(strncmp.o)
    0x080003ce   0x00000002   PAD
    0x080003d0   0x00000044   Code   RO         4275    .text               mc_w.l(strtok.o)
    0x08000414   0x00000038   Code   RO         4544    .text               mc_w.l(__0sscanf.o)
    0x0800044c   0x0000014c   Code   RO         4546    .text               mc_w.l(_scanf_int.o)
    0x08000598   0x0000001a   Code   RO         4548    .text               mc_w.l(atoi.o)
    0x080005b2   0x0000002c   Code   RO         4563    .text               mc_w.l(uidiv.o)
    0x080005de   0x0000001e   Code   RO         4565    .text               mc_w.l(llshl.o)
    0x080005fc   0x00000020   Code   RO         4567    .text               mc_w.l(llushr.o)
    0x0800061c   0x0000001c   Code   RO         4576    .text               mc_w.l(_chval.o)
    0x08000638   0x00000028   Code   RO         4578    .text               mc_w.l(scanf_char.o)
    0x08000660   0x00000040   Code   RO         4580    .text               mc_w.l(_sgetc.o)
    0x080006a0   0x00000070   Code   RO         4582    .text               mc_w.l(strtol.o)
    0x08000710   0x00000000   Code   RO         4584    .text               mc_w.l(iusefp.o)
    0x08000710   0x0000014e   Code   RO         4585    .text               mf_w.l(dadd.o)
    0x0800085e   0x000000e4   Code   RO         4587    .text               mf_w.l(dmul.o)
    0x08000942   0x000000de   Code   RO         4589    .text               mf_w.l(ddiv.o)
    0x08000a20   0x00000030   Code   RO         4591    .text               mf_w.l(dfixul.o)
    0x08000a50   0x00000030   Code   RO         4593    .text               mf_w.l(cdrcmple.o)
    0x08000a80   0x00000024   Code   RO         4595    .text               mc_w.l(init.o)
    0x08000aa4   0x00000024   Code   RO         4597    .text               mc_w.l(llsshr.o)
    0x08000ac8   0x00000008   Code   RO         4601    .text               mc_w.l(ctype_o.o)
    0x08000ad0   0x00000012   Code   RO         4623    .text               mc_w.l(isspace_o.o)
    0x08000ae2   0x00000002   PAD
    0x08000ae4   0x0000032c   Code   RO         4629    .text               mc_w.l(_scanf.o)
    0x08000e10   0x0000009e   Code   RO         4631    .text               mc_w.l(_strtoul.o)
    0x08000eae   0x000000ba   Code   RO         4633    .text               mf_w.l(depilogue.o)
    0x08000f68   0x00000004   Code   RO         4253    SVC_TABLE           RTX_CM3.lib(svc_table.o)
    0x08000f6c   0x0000002c   Code   RO          643    i.Board_LED_GPIO_Config  board_led.o
    0x08000f98   0x00000002   Code   RO         2020    i.DMA1_Channel1_Event  dma_stm32f10x.o
    0x08000f9a   0x00000002   PAD
    0x08000f9c   0x0000001c   Code   RO         2021    i.DMA1_Channel1_IRQHandler  dma_stm32f10x.o
    0x08000fb8   0x00000002   Code   RO         2022    i.DMA1_Channel2_Event  dma_stm32f10x.o
    0x08000fba   0x00000002   PAD
    0x08000fbc   0x0000001c   Code   RO         2023    i.DMA1_Channel2_IRQHandler  dma_stm32f10x.o
    0x08000fd8   0x00000002   Code   RO         2024    i.DMA1_Channel3_Event  dma_stm32f10x.o
    0x08000fda   0x00000002   PAD
    0x08000fdc   0x0000001c   Code   RO         2025    i.DMA1_Channel3_IRQHandler  dma_stm32f10x.o
    0x08000ff8   0x00000002   Code   RO         2026    i.DMA1_Channel4_Event  dma_stm32f10x.o
    0x08000ffa   0x00000002   PAD
    0x08000ffc   0x0000001c   Code   RO         2027    i.DMA1_Channel4_IRQHandler  dma_stm32f10x.o
    0x08001018   0x00000002   Code   RO         2028    i.DMA1_Channel5_Event  dma_stm32f10x.o
    0x0800101a   0x00000002   PAD
    0x0800101c   0x0000001c   Code   RO         2029    i.DMA1_Channel5_IRQHandler  dma_stm32f10x.o
    0x08001038   0x00000002   Code   RO         2030    i.DMA1_Channel6_Event  dma_stm32f10x.o
    0x0800103a   0x00000002   PAD
    0x0800103c   0x0000001c   Code   RO         2031    i.DMA1_Channel6_IRQHandler  dma_stm32f10x.o
    0x08001058   0x00000002   Code   RO         2032    i.DMA1_Channel7_Event  dma_stm32f10x.o
    0x0800105a   0x00000002   PAD
    0x0800105c   0x0000001c   Code   RO         2033    i.DMA1_Channel7_IRQHandler  dma_stm32f10x.o
    0x08001078   0x00000002   Code   RO         2034    i.DMA2_Channel1_Event  dma_stm32f10x.o
    0x0800107a   0x00000002   PAD
    0x0800107c   0x0000001c   Code   RO         2035    i.DMA2_Channel1_IRQHandler  dma_stm32f10x.o
    0x08001098   0x00000002   Code   RO         2036    i.DMA2_Channel2_Event  dma_stm32f10x.o
    0x0800109a   0x00000002   PAD
    0x0800109c   0x00000020   Code   RO         2037    i.DMA2_Channel2_IRQHandler  dma_stm32f10x.o
    0x080010bc   0x00000002   Code   RO         2038    i.DMA2_Channel3_Event  dma_stm32f10x.o
    0x080010be   0x00000002   PAD
    0x080010c0   0x00000020   Code   RO         2039    i.DMA2_Channel3_IRQHandler  dma_stm32f10x.o
    0x080010e0   0x00000038   Code   RO         2040    i.DMA2_Channel4_5_IRQHandler  dma_stm32f10x.o
    0x08001118   0x00000002   Code   RO         2041    i.DMA2_Channel4_Event  dma_stm32f10x.o
    0x0800111a   0x00000002   Code   RO         2043    i.DMA2_Channel5_Event  dma_stm32f10x.o
    0x0800111c   0x0000004c   Code   RO         2467    i.Dial              modem_null.o
    0x08001168   0x00000040   Code   RO          572    i.ESP8266_GPIO_Config  esp8266.o
    0x080011a8   0x0000001c   Code   RO          573    i.ESP8266_init      esp8266.o
    0x080011c4   0x00000020   Code   RO          574    i.ESP8266_rst       esp8266.o
    0x080011e4   0x000000d8   Code   RO          224    i.FLASH_SPI_initialize  flash_spi.o
    0x080012bc   0x00000058   Code   RO         2224    i.GPIO_AFConfigure  gpio_stm32f10x.o
    0x08001314   0x00000098   Code   RO         2225    i.GPIO_GetPortClockState  gpio_stm32f10x.o
    0x080013ac   0x00000116   Code   RO         1166    i.GPIO_Init         stm32f10x_gpio.o
    0x080014c2   0x00000078   Code   RO         2226    i.GPIO_PinConfigure  gpio_stm32f10x.o
    0x0800153a   0x00000002   PAD
    0x0800153c   0x00000090   Code   RO         1168    i.GPIO_PinRemapConfig  stm32f10x_gpio.o
    0x080015cc   0x0000013c   Code   RO         2227    i.GPIO_PortClock    gpio_stm32f10x.o
    0x08001708   0x00000004   Code   RO         1173    i.GPIO_ResetBits    stm32f10x_gpio.o
    0x0800170c   0x00000004   Code   RO         1174    i.GPIO_SetBits      stm32f10x_gpio.o
    0x08001710   0x0000003c   Code   RO          225    i.GetGBKCode_from_EXFlash  flash_spi.o
    0x0800174c   0x0000002c   Code   RO         2468    i.Hangup            modem_null.o
    0x08001778   0x0000001c   Code   RO         2469    i.Initialize        modem_null.o
    0x08001794   0x00000014   Code   RO         2470    i.IsOnline          modem_null.o
    0x080017a8   0x00000360   Code   RO          355    i.LED_Display       led_display.o
    0x08001b08   0x00000268   Code   RO          356    i.LED_display_init  led_display.o
    0x08001d70   0x00000028   Code   RO          357    i.LED_display_power_off  led_display.o
    0x08001d98   0x00000030   Code   RO          358    i.LED_display_start  led_display.o
    0x08001dc8   0x00000038   Code   RO         2471    i.Listen            modem_null.o
    0x08001e00   0x00000094   Code   RO         2472    i.Notify            modem_null.o
    0x08001e94   0x0000000c   Code   RO         1286    i.PWR_BackupAccessCmd  stm32f10x_pwr.o
    0x08001ea0   0x000000b4   Code   RO          449    i.Port_08_12_Comm_GPIO_Config  port_08_12.o
    0x08001f54   0x0000002c   Code   RO          450    i.Port_08_12_GPIO_Config  port_08_12.o
    0x08001f80   0x00000074   Code   RO          451    i.Port_08_1_GPIO_Config  port_08_12.o
    0x08001ff4   0x00000074   Code   RO          452    i.Port_08_2_GPIO_Config  port_08_12.o
    0x08002068   0x00000048   Code   RO          453    i.Port_12_1_GPIO_Config  port_08_12.o
    0x080020b0   0x00000048   Code   RO          454    i.Port_12_2_GPIO_Config  port_08_12.o
    0x080020f8   0x00000044   Code   RO          455    i.Port_12_3_GPIO_Config  port_08_12.o
    0x0800213c   0x00000044   Code   RO          456    i.Port_12_4_GPIO_Config  port_08_12.o
    0x08002180   0x00000020   Code   RO         1360    i.RCC_APB1PeriphClockCmd  stm32f10x_rcc.o
    0x080021a0   0x00000020   Code   RO         1362    i.RCC_APB2PeriphClockCmd  stm32f10x_rcc.o
    0x080021c0   0x000000d4   Code   RO         1370    i.RCC_GetClocksFreq  stm32f10x_rcc.o
    0x08002294   0x00000014   Code   RO         1572    i.RTC_EnterConfigMode  stm32f10x_rtc.o
    0x080022a8   0x00000014   Code   RO         1573    i.RTC_ExitConfigMode  stm32f10x_rtc.o
    0x080022bc   0x0000001c   Code   RO         1580    i.RTC_SetCounter    stm32f10x_rtc.o
    0x080022d8   0x00000014   Code   RO         1582    i.RTC_WaitForLastTask  stm32f10x_rtc.o
    0x080022ec   0x00000018   Code   RO         1677    i.SPI_Cmd           stm32f10x_spi.o
    0x08002304   0x00000050   Code   RO          226    i.SPI_FLASH_BufferRead  flash_spi.o
    0x08002354   0x00000122   Code   RO          227    i.SPI_FLASH_BufferWrite  flash_spi.o
    0x08002476   0x00000002   PAD
    0x08002478   0x00000060   Code   RO          229    i.SPI_FLASH_PageWrite  flash_spi.o
    0x080024d8   0x00000050   Code   RO          232    i.SPI_FLASH_ReadID  flash_spi.o
    0x08002528   0x00000044   Code   RO          233    i.SPI_FLASH_SectorErase  flash_spi.o
    0x0800256c   0x00000074   Code   RO          234    i.SPI_FLASH_SendByte  flash_spi.o
    0x080025e0   0x00000054   Code   RO          237    i.SPI_FLASH_WaitForWriteEnd  flash_spi.o
    0x08002634   0x00000020   Code   RO          238    i.SPI_FLASH_WriteEnable  flash_spi.o
    0x08002654   0x00000012   Code   RO         1685    i.SPI_I2S_GetFlagStatus  stm32f10x_spi.o
    0x08002666   0x00000006   Code   RO         1688    i.SPI_I2S_ReceiveData  stm32f10x_spi.o
    0x0800266c   0x00000004   Code   RO         1689    i.SPI_I2S_SendData  stm32f10x_spi.o
    0x08002670   0x0000003c   Code   RO         1690    i.SPI_Init          stm32f10x_spi.o
    0x080026ac   0x00000034   Code   RO          241    i.SPI_TIMEOUT_UserCallback  flash_spi.o
    0x080026e0   0x00000008   Code   RO          976    i.SetSysClock       system_stm32f10x.o
    0x080026e8   0x000000e0   Code   RO          977    i.SetSysClockTo72   system_stm32f10x.o
    0x080027c8   0x00000060   Code   RO          979    i.SystemInit        system_stm32f10x.o
    0x08002828   0x0000002a   Code   RO          518    i.Time_Adjust       rtc.o
    0x08002852   0x00000002   PAD
    0x08002854   0x00000018   Code   RO          702    i.USART1_Control    usart_stm32f10x.o
    0x0800286c   0x00000010   Code   RO          703    i.USART1_GetCapabilities  usart_stm32f10x.o
    0x0800287c   0x00000010   Code   RO          704    i.USART1_GetModemStatus  usart_stm32f10x.o
    0x0800288c   0x00000010   Code   RO          705    i.USART1_GetRxCount  usart_stm32f10x.o
    0x0800289c   0x00000010   Code   RO          706    i.USART1_GetStatus  usart_stm32f10x.o
    0x080028ac   0x00000010   Code   RO          707    i.USART1_GetTxCount  usart_stm32f10x.o
    0x080028bc   0x00000010   Code   RO          708    i.USART1_IRQHandler  usart_stm32f10x.o
    0x080028cc   0x00000014   Code   RO          709    i.USART1_Initialize  usart_stm32f10x.o
    0x080028e0   0x00000014   Code   RO          710    i.USART1_PowerControl  usart_stm32f10x.o
    0x080028f4   0x00000018   Code   RO          711    i.USART1_Receive    usart_stm32f10x.o
    0x0800290c   0x00000018   Code   RO          712    i.USART1_Send       usart_stm32f10x.o
    0x08002924   0x00000014   Code   RO          713    i.USART1_SetModemControl  usart_stm32f10x.o
    0x08002938   0x0000001c   Code   RO          714    i.USART1_Transfer   usart_stm32f10x.o
    0x08002954   0x00000010   Code   RO          715    i.USART1_Uninitialize  usart_stm32f10x.o
    0x08002964   0x00000018   Code   RO          716    i.USART3_Control    usart_stm32f10x.o
    0x0800297c   0x00000010   Code   RO          717    i.USART3_GetCapabilities  usart_stm32f10x.o
    0x0800298c   0x00000010   Code   RO          718    i.USART3_GetModemStatus  usart_stm32f10x.o
    0x0800299c   0x00000010   Code   RO          719    i.USART3_GetRxCount  usart_stm32f10x.o
    0x080029ac   0x00000010   Code   RO          720    i.USART3_GetStatus  usart_stm32f10x.o
    0x080029bc   0x00000010   Code   RO          721    i.USART3_GetTxCount  usart_stm32f10x.o
    0x080029cc   0x00000010   Code   RO          722    i.USART3_IRQHandler  usart_stm32f10x.o
    0x080029dc   0x00000014   Code   RO          723    i.USART3_Initialize  usart_stm32f10x.o
    0x080029f0   0x00000014   Code   RO          724    i.USART3_PowerControl  usart_stm32f10x.o
    0x08002a04   0x00000018   Code   RO          725    i.USART3_Receive    usart_stm32f10x.o
    0x08002a1c   0x00000018   Code   RO          726    i.USART3_Send       usart_stm32f10x.o
    0x08002a34   0x00000014   Code   RO          727    i.USART3_SetModemControl  usart_stm32f10x.o
    0x08002a48   0x0000001c   Code   RO          728    i.USART3_Transfer   usart_stm32f10x.o
    0x08002a64   0x00000010   Code   RO          729    i.USART3_Uninitialize  usart_stm32f10x.o
    0x08002a74   0x00000018   Code   RO         1832    i.USART_Cmd         stm32f10x_usart.o
    0x08002a8c   0x00000820   Code   RO          730    i.USART_Control     usart_stm32f10x.o
    0x080032ac   0x00000006   Code   RO          731    i.USART_GetCapabilities  usart_stm32f10x.o
    0x080032b2   0x0000001a   Code   RO         1835    i.USART_GetFlagStatus  stm32f10x_usart.o
    0x080032cc   0x00000056   Code   RO          732    i.USART_GetModemStatus  usart_stm32f10x.o
    0x08003322   0x00000008   Code   RO          733    i.USART_GetRxCount  usart_stm32f10x.o
    0x0800332a   0x00000076   Code   RO          734    i.USART_GetStatus   usart_stm32f10x.o
    0x080033a0   0x00000008   Code   RO          735    i.USART_GetTxCount  usart_stm32f10x.o
    0x080033a8   0x00000270   Code   RO          736    i.USART_IRQHandler  usart_stm32f10x.o
    0x08003618   0x000000d8   Code   RO         1839    i.USART_Init        stm32f10x_usart.o
    0x080036f0   0x000000a2   Code   RO          737    i.USART_Initialize  usart_stm32f10x.o
    0x08003792   0x00000002   PAD
    0x08003794   0x000000d8   Code   RO          738    i.USART_PeripheralReset  usart_stm32f10x.o
    0x0800386c   0x000001fc   Code   RO          739    i.USART_PowerControl  usart_stm32f10x.o
    0x08003a68   0x000000a2   Code   RO          740    i.USART_Receive     usart_stm32f10x.o
    0x08003b0a   0x00000088   Code   RO          741    i.USART_Send        usart_stm32f10x.o
    0x08003b92   0x00000008   Code   RO         1849    i.USART_SendData    stm32f10x_usart.o
    0x08003b9a   0x0000009c   Code   RO          742    i.USART_SetModemControl  usart_stm32f10x.o
    0x08003c36   0x0000006a   Code   RO          743    i.USART_Transfer    usart_stm32f10x.o
    0x08003ca0   0x0000006c   Code   RO          744    i.USART_Uninitialize  usart_stm32f10x.o
    0x08003d0c   0x0000008c   Code   RO          607    i.USARTx_Config     usartx.o
    0x08003d98   0x00000010   Code   RO          745    i.USARTx_GetVersion  usart_stm32f10x.o
    0x08003da8   0x0000000c   Code   RO         2473    i.Uninitialize      modem_null.o
    0x08003db4   0x00000020   Code   RO         4490    i.__0printf$8       mc_w.l(printf8.o)
    0x08003dd4   0x00000028   Code   RO         4492    i.__0sprintf$8      mc_w.l(printf8.o)
    0x08003dfc   0x00000010   Code   RO         4520    i.__0vprintf        mc_w.l(printfa.o)
    0x08003e0c   0x00000008   Code   RO         4569    i.__aeabi_errno_addr  mc_w.l(errno.o)
    0x08003e14   0x0000000e   Code   RO         4639    i.__scatterload_copy  mc_w.l(handlers.o)
    0x08003e22   0x00000002   Code   RO         4640    i.__scatterload_null  mc_w.l(handlers.o)
    0x08003e24   0x0000000e   Code   RO         4641    i.__scatterload_zeroinit  mc_w.l(handlers.o)
    0x08003e32   0x00000002   PAD
    0x08003e34   0x00000164   Code   RO         4523    i._fp_digits        mc_w.l(printfa.o)
    0x08003f98   0x00000046   Code   RO         3927    i._init_box         RTX_CM3.lib(rt_membox.o)
    0x08003fde   0x00000002   PAD
    0x08003fe0   0x00000410   Code   RO         4497    i._printf_core      mc_w.l(printf8.o)
    0x080043f0   0x000006dc   Code   RO         4524    i._printf_core      mc_w.l(printfa.o)
    0x08004acc   0x00000024   Code   RO         4498    i._printf_post_padding  mc_w.l(printf8.o)
    0x08004af0   0x00000024   Code   RO         4525    i._printf_post_padding  mc_w.l(printfa.o)
    0x08004b14   0x0000002e   Code   RO         4499    i._printf_pre_padding  mc_w.l(printf8.o)
    0x08004b42   0x0000002e   Code   RO         4526    i._printf_pre_padding  mc_w.l(printfa.o)
    0x08004b70   0x0000000a   Code   RO         4501    i._sputc            mc_w.l(printf8.o)
    0x08004b7a   0x00000002   PAD
    0x08004b7c   0x00000034   Code   RO         3306    i.add_server_id     Net4_Dbg_CM3_L.lib(net_http_server.o)
    0x08004bb0   0x00000048   Code   RO          359    i.buffer_to_display  led_display.o
    0x08004bf8   0x00000008   Code   RO          360    i.check_Display     led_display.o
    0x08004c00   0x000000c8   Code   RO          361    i.check_screen      led_display.o
    0x08004cc8   0x00000188   Code   RO         3307    i.chk_post_req      Net4_Dbg_CM3_L.lib(net_http_server.o)
    0x08004e50   0x0000001e   Code   RO         3308    i.cmp_fname_ext     Net4_Dbg_CM3_L.lib(net_http_server.o)
    0x08004e6e   0x00000028   Code   RO         3309    i.cmp_header        Net4_Dbg_CM3_L.lib(net_http_server.o)
    0x08004e96   0x00000002   PAD
    0x08004e98   0x0000002c   Code   RO         4072    i.com_notify        Net4_Dbg_CM3_L.lib(net_serial.o)
    0x08004ec4   0x00000024   Code   RO          139    i.crc32_8bit        web.o
    0x08004ee8   0x00000030   Code   RO         3980    i.dbg_init          RTX_CM3.lib(hal_cm.o)
    0x08004f18   0x00000020   Code   RO         3981    i.dbg_task_notify   RTX_CM3.lib(hal_cm.o)
    0x08004f38   0x00000010   Code   RO         3982    i.dbg_task_switch   RTX_CM3.lib(hal_cm.o)
    0x08004f48   0x000000f4   Code   RO         3189    i.debug_inf2        Net4_Dbg_CM3_L.lib(net_tcp.o)
    0x0800503c   0x00000038   Code   RO         3173    i.debug_info        Net4_Dbg_CM3_L.lib(net_loop.o)
    0x08005074   0x0000003c   Code   RO         3190    i.debug_info        Net4_Dbg_CM3_L.lib(net_tcp.o)
    0x080050b0   0x000000d8   Code   RO         4028    i.debug_info        Net4_Dbg_CM3_L.lib(net_ip4.o)
    0x08005188   0x000000d0   Code   RO         4058    i.debug_info        Net4_Dbg_CM3_L.lib(net_icmp.o)
    0x08005258   0x00000090   Code   RO          362    i.del_area          led_display.o
    0x080052e8   0x00000390   Code   RO          363    i.dispay_scan_4_up_to_down_1for16row  led_display.o
    0x08005678   0x0000004e   Code   RO          364    i.fill_point        led_display.o
    0x080056c6   0x00000002   PAD
    0x080056c8   0x00000024   Code   RO          609    i.fputc             usartx.o
    0x080056ec   0x00000028   Code   RO         3310    i.get_next_field    Net4_Dbg_CM3_L.lib(net_http_server.o)
    0x08005714   0x00000032   Code   RO         3311    i.get_next_par      Net4_Dbg_CM3_L.lib(net_http_server.o)
    0x08005746   0x00000012   Code   RO         3312    i.hex2byte          Net4_Dbg_CM3_L.lib(net_http_server.o)
    0x08005758   0x0000033c   Code   RO         3313    i.http_add_header   Net4_Dbg_CM3_L.lib(net_http_server.o)
    0x08005a94   0x000001b4   Code   RO         3314    i.http_error_msg    Net4_Dbg_CM3_L.lib(net_http_server.o)
    0x08005c48   0x00000078   Code   RO         3315    i.http_get_ftype    Net4_Dbg_CM3_L.lib(net_http_server.o)
    0x08005cc0   0x0000005e   Code   RO         3316    i.http_kill_session  Net4_Dbg_CM3_L.lib(net_http_server.o)
    0x08005d1e   0x00000002   PAD
    0x08005d20   0x000003cc   Code   RO         3317    i.http_listener     Net4_Dbg_CM3_L.lib(net_http_server.o)
    0x080060ec   0x00000208   Code   RO         3318    i.http_open_file    Net4_Dbg_CM3_L.lib(net_http_server.o)
    0x080062f4   0x000001a0   Code   RO         3319    i.http_proc_header  Net4_Dbg_CM3_L.lib(net_http_server.o)
    0x08006494   0x00000230   Code   RO         3320    i.http_proc_multipart  Net4_Dbg_CM3_L.lib(net_http_server.o)
    0x080066c4   0x000001d8   Code   RO         3321    i.http_proc_post    Net4_Dbg_CM3_L.lib(net_http_server.o)
    0x0800689c   0x00000584   Code   RO         3322    i.http_server_run   Net4_Dbg_CM3_L.lib(net_http_server.o)
    0x08006e20   0x00000060   Code   RO         3323    i.http_server_start  Net4_Dbg_CM3_L.lib(net_http_server.o)
    0x08006e80   0x00000020   Code   RO         3324    i.http_strcpy       Net4_Dbg_CM3_L.lib(net_http_server.o)
    0x08006ea0   0x000000a4   Code   RO         3325    i.http_to_utc       Net4_Dbg_CM3_L.lib(net_http_server.o)
    0x08006f44   0x00000064   Code   RO          140    i.imageFileInfo     web.o
    0x08006fa8   0x0000000a   Code   RO         4029    i.ip4_get_chksum    Net4_Dbg_CM3_L.lib(net_ip4.o)
    0x08006fb2   0x00000002   PAD
    0x08006fb4   0x00000090   Code   RO         4030    i.ip4_get_route     Net4_Dbg_CM3_L.lib(net_ip4.o)
    0x08007044   0x00000034   Code   RO         4175    i.ip4_ntoa          Net4_Dbg_CM3_L.lib(net_addr.o)
    0x08007078   0x0000002a   Code   RO         2515    i.isrMessageGet     RTX_CM3.lib(rt_cmsis.o)
    0x080070a2   0x0000002c   Code   RO         2516    i.isrMessagePut     RTX_CM3.lib(rt_cmsis.o)
    0x080070ce   0x00000028   Code   RO         2517    i.isrSemaphoreRelease  RTX_CM3.lib(rt_cmsis.o)
    0x080070f6   0x00000024   Code   RO         2518    i.isrSignalSet      RTX_CM3.lib(rt_cmsis.o)
    0x0800711a   0x00000002   PAD
    0x0800711c   0x00000028   Code   RO         3655    i.isr_evt_set       RTX_CM3.lib(rt_event.o)
    0x08007144   0x00000052   Code   RO         3773    i.isr_mbx_receive   RTX_CM3.lib(rt_mailbox.o)
    0x08007196   0x0000000e   Code   RO         3774    i.isr_mbx_send      RTX_CM3.lib(rt_mailbox.o)
    0x080071a4   0x00000010   Code   RO         3821    i.isr_sem_send      RTX_CM3.lib(rt_semaphore.o)
    0x080071b4   0x00000080   Code   RO            4    i.main              main.o
    0x08007234   0x00000010   Code   RO         4124    i.mem_lock          Net4_Dbg_CM3_L.lib(net_mem.o)
    0x08007244   0x0000000c   Code   RO         4125    i.mem_unlock        Net4_Dbg_CM3_L.lib(net_mem.o)
    0x08007250   0x00000080   Code   RO          519    i.mktimev           rtc.o
    0x080072d0   0x00000050   Code   RO         4091    i.modem_request     Net4_Dbg_CM3_L.lib(net_modem_drv.o)
    0x08007320   0x00000014   Code   RO         4092    i.modem_send_cmd    Net4_Dbg_CM3_L.lib(net_modem_drv.o)
    0x08007334   0x00000004   Code   RO         3326    i.netCGI_Charset    Net4_Dbg_CM3_L.lib(net_http_server.o)
    0x08007338   0x00000004   Code   RO         3327    i.netCGI_ContentType  Net4_Dbg_CM3_L.lib(net_http_server.o)
    0x0800733c   0x0000006c   Code   RO         3328    i.netCGI_GetEnvVar  Net4_Dbg_CM3_L.lib(net_http_server.o)
    0x080073a8   0x0000014c   Code   RO          165    i.netCGI_ProcessData  http_server_cgi.o
    0x080074f4   0x000003b4   Code   RO          166    i.netCGI_ProcessQuery  http_server_cgi.o
    0x080078a8   0x00000004   Code   RO         3331    i.netCGI_Redirect   Net4_Dbg_CM3_L.lib(net_http_server.o)
    0x080078ac   0x00000480   Code   RO          167    i.netCGI_Script     http_server_cgi.o
    0x08007d2c   0x00000004   Code   RO         3333    i.netCGX_ContentType  Net4_Dbg_CM3_L.lib(net_http_server.o)
    0x08007d30   0x00000058   Code   RO         3439    i.netCore_Thread    Net4_Dbg_CM3_L.lib(net_sys.o)
    0x08007d88   0x00000004   Code   RO         3334    i.netHTTPs_AcceptClient  Net4_Dbg_CM3_L.lib(net_http_server.o)
    0x08007d8c   0x00000004   Code   RO         3335    i.netHTTPs_CheckAccount  Net4_Dbg_CM3_L.lib(net_http_server.o)
    0x08007d90   0x00000004   Code   RO         3336    i.netHTTPs_FileAccess  Net4_Dbg_CM3_L.lib(net_http_server.o)
    0x08007d94   0x0000000c   Code   RO         3340    i.netHTTPs_GetPassword  Net4_Dbg_CM3_L.lib(net_http_server.o)
    0x08007da0   0x0000000c   Code   RO         3345    i.netHTTPs_LoginActive  Net4_Dbg_CM3_L.lib(net_http_server.o)
    0x08007dac   0x0000001c   Code   RO         3346    i.netHTTPs_LoginOnOff  Net4_Dbg_CM3_L.lib(net_http_server.o)
    0x08007dc8   0x00000002   Code   RO         2266    i.netHTTPs_fclose   net_config.o
    0x08007dca   0x00000004   Code   RO         2267    i.netHTTPs_fgets    net_config.o
    0x08007dce   0x00000004   Code   RO         2268    i.netHTTPs_fopen    net_config.o
    0x08007dd2   0x00000004   Code   RO         2269    i.netHTTPs_fread    net_config.o
    0x08007dd6   0x00000002   Code   RO         2270    i.netHTTPs_fstat    net_config.o
    0x08007dd8   0x00000114   Code   RO         3442    i.netInitialize     Net4_Dbg_CM3_L.lib(net_sys.o)
    0x08007eec   0x00000048   Code   RO         3137    i.netSLIP_Listen    Net4_Dbg_CM3_L.lib(net_slip.o)
    0x08007f34   0x00000064   Code   RO         3138    i.netSLIP_Thread    Net4_Dbg_CM3_L.lib(net_slip.o)
    0x08007f98   0x00000004   Code   RO         2272    i.netTLS_buf        net_config.o
    0x08007f9c   0x00000002   Code   RO         2273    i.netTLS_close      net_config.o
    0x08007f9e   0x00000002   Code   RO         2274    i.netTLS_send       net_config.o
    0x08007fa0   0x00000004   Code   RO         2275    i.netTLS_socket     net_config.o
    0x08007fa4   0x00000068   Code   RO         4181    i.net_addr4_aton    Net4_Dbg_CM3_L.lib(net_addr.o)
    0x0800800c   0x0000001a   Code   RO         4182    i.net_addr4_is_subnet  Net4_Dbg_CM3_L.lib(net_addr.o)
    0x08008026   0x00000002   PAD
    0x08008028   0x0000000c   Code   RO         4183    i.net_addr4_ntoa    Net4_Dbg_CM3_L.lib(net_addr.o)
    0x08008034   0x00000014   Code   RO         4189    i.net_addr_ntoa     Net4_Dbg_CM3_L.lib(net_addr.o)
    0x08008048   0x0000007a   Code   RO         4147    i.net_b64_decode    Net4_Dbg_CM3_L.lib(net_common.o)
    0x080080c2   0x00000002   PAD
    0x080080c4   0x00000024   Code   RO         4073    i.net_com_flush_buf  Net4_Dbg_CM3_L.lib(net_serial.o)
    0x080080e8   0x00000070   Code   RO         4074    i.net_com_init      Net4_Dbg_CM3_L.lib(net_serial.o)
    0x08008158   0x0000002c   Code   RO         4075    i.net_com_recv_char  Net4_Dbg_CM3_L.lib(net_serial.o)
    0x08008184   0x00000034   Code   RO         4076    i.net_com_send_char  Net4_Dbg_CM3_L.lib(net_serial.o)
    0x080081b8   0x0000001c   Code   RO         4077    i.net_com_tx_active  Net4_Dbg_CM3_L.lib(net_serial.o)
    0x080081d4   0x0000009c   Code   RO         2433    i.net_dbg_error     net_debug.o
    0x08008270   0x00000044   Code   RO         2434    i.net_dbg_info      net_debug.o
    0x080082b4   0x00000010   Code   RO         3445    i.net_dbg_proc      Net4_Dbg_CM3_L.lib(net_sys.o)
    0x080082c4   0x00000002   Code   RO         2435    i.net_debug_init    net_debug.o
    0x080082c6   0x00000004   Code   RO         2278    i.net_eth_is_my_addr  net_config.o
    0x080082ca   0x00000004   Code   RO         2279    i.net_eth_send_frame  net_config.o
    0x080082ce   0x00000002   PAD
    0x080082d0   0x00000118   Code   RO         3353    i.net_http_server_init  Net4_Dbg_CM3_L.lib(net_http_server.o)
    0x080083e8   0x00000014   Code   RO         3354    i.net_http_server_run  Net4_Dbg_CM3_L.lib(net_http_server.o)
    0x080083fc   0x0000026c   Code   RO         4059    i.net_icmp_process  Net4_Dbg_CM3_L.lib(net_icmp.o)
    0x08008668   0x00000084   Code   RO         4060    i.net_icmp_send_echo  Net4_Dbg_CM3_L.lib(net_icmp.o)
    0x080086ec   0x00000004   Code   RO         2282    i.net_igmp_is_member  net_config.o
    0x080086f0   0x0000004c   Code   RO         4031    i.net_ip4_checksum  Net4_Dbg_CM3_L.lib(net_ip4.o)
    0x0800873c   0x000001dc   Code   RO         4032    i.net_ip4_chk_frame  Net4_Dbg_CM3_L.lib(net_ip4.o)
    0x08008918   0x00000032   Code   RO         4033    i.net_ip4_chksum_buf  Net4_Dbg_CM3_L.lib(net_ip4.o)
    0x0800894a   0x00000002   PAD
    0x0800894c   0x00000040   Code   RO         4034    i.net_ip4_get_local  Net4_Dbg_CM3_L.lib(net_ip4.o)
    0x0800898c   0x00000010   Code   RO         4035    i.net_ip4_init      Net4_Dbg_CM3_L.lib(net_ip4.o)
    0x0800899c   0x0000002c   Code   RO         4036    i.net_ip4_is_subcast  Net4_Dbg_CM3_L.lib(net_ip4.o)
    0x080089c8   0x00000188   Code   RO         4037    i.net_ip4_send_frame  Net4_Dbg_CM3_L.lib(net_ip4.o)
    0x08008b50   0x00000034   Code   RO         4038    i.net_ip4_tx_offload  Net4_Dbg_CM3_L.lib(net_ip4.o)
    0x08008b84   0x0000003c   Code   RO         3174    i.net_loop_iface_init  Net4_Dbg_CM3_L.lib(net_loop.o)
    0x08008bc0   0x00000090   Code   RO         3175    i.net_loop_iface_run  Net4_Dbg_CM3_L.lib(net_loop.o)
    0x08008c50   0x0000008c   Code   RO         3176    i.net_loop_send_frame  Net4_Dbg_CM3_L.lib(net_loop.o)
    0x08008cdc   0x00000124   Code   RO         4126    i.net_mem_alloc     Net4_Dbg_CM3_L.lib(net_mem.o)
    0x08008e00   0x0000001c   Code   RO         4127    i.net_mem_avail     Net4_Dbg_CM3_L.lib(net_mem.o)
    0x08008e1c   0x000000ec   Code   RO         4128    i.net_mem_free      Net4_Dbg_CM3_L.lib(net_mem.o)
    0x08008f08   0x000000b0   Code   RO         4129    i.net_mem_init      Net4_Dbg_CM3_L.lib(net_mem.o)
    0x08008fb8   0x00000060   Code   RO         4130    i.net_mem_shrink    Net4_Dbg_CM3_L.lib(net_mem.o)
    0x08009018   0x00000014   Code   RO         4094    i.net_modem_hangup  Net4_Dbg_CM3_L.lib(net_modem_drv.o)
    0x0800902c   0x00000028   Code   RO         4095    i.net_modem_init    Net4_Dbg_CM3_L.lib(net_modem_drv.o)
    0x08009054   0x0000001c   Code   RO         4096    i.net_modem_listen  Net4_Dbg_CM3_L.lib(net_modem_drv.o)
    0x08009070   0x00000010   Code   RO         4097    i.net_modem_online  Net4_Dbg_CM3_L.lib(net_modem_drv.o)
    0x08009080   0x00000088   Code   RO         4098    i.net_modem_process  Net4_Dbg_CM3_L.lib(net_modem_drv.o)
    0x08009108   0x00000050   Code   RO         4099    i.net_modem_run     Net4_Dbg_CM3_L.lib(net_modem_drv.o)
    0x08009158   0x00000034   Code   RO         3447    i.net_path          Net4_Dbg_CM3_L.lib(net_sys.o)
    0x0800918c   0x00000028   Code   RO         3423    i.net_ping_client_init  Net4_Dbg_CM3_L.lib(net_ping.o)
    0x080091b4   0x0000008c   Code   RO         3424    i.net_ping_client_run  Net4_Dbg_CM3_L.lib(net_ping.o)
    0x08009240   0x00000004   Code   RO         2285    i.net_ppp_send_frame  net_config.o
    0x08009244   0x0000001c   Code   RO         3448    i.net_rand32        Net4_Dbg_CM3_L.lib(net_sys.o)
    0x08009260   0x000000d4   Code   RO         3140    i.net_slip_iface_init  Net4_Dbg_CM3_L.lib(net_slip.o)
    0x08009334   0x000000ec   Code   RO         3141    i.net_slip_iface_run  Net4_Dbg_CM3_L.lib(net_slip.o)
    0x08009420   0x000000bc   Code   RO         3142    i.net_slip_send_frame  Net4_Dbg_CM3_L.lib(net_slip.o)
    0x080094dc   0x00000016   Code   RO         4152    i.net_strchr        Net4_Dbg_CM3_L.lib(net_common.o)
    0x080094f2   0x0000001a   Code   RO         4153    i.net_strcmp        Net4_Dbg_CM3_L.lib(net_common.o)
    0x0800950c   0x00000012   Code   RO         4154    i.net_strcpy        Net4_Dbg_CM3_L.lib(net_common.o)
    0x0800951e   0x00000002   Code   RO         2287    i.net_sys_error     net_config.o
    0x08009520   0x00000010   Code   RO         3449    i.net_sys_lock      Net4_Dbg_CM3_L.lib(net_sys.o)
    0x08009530   0x00000014   Code   RO         3450    i.net_sys_tick      Net4_Dbg_CM3_L.lib(net_sys.o)
    0x08009544   0x0000000c   Code   RO         3451    i.net_sys_unlock    Net4_Dbg_CM3_L.lib(net_sys.o)
    0x08009550   0x00000020   Code   RO         3452    i.net_sys_wakeup    Net4_Dbg_CM3_L.lib(net_sys.o)
    0x08009570   0x000000cc   Code   RO         3207    i.net_tcp_abort     Net4_Dbg_CM3_L.lib(net_tcp.o)
    0x0800963c   0x00000140   Code   RO         3210    i.net_tcp_close     Net4_Dbg_CM3_L.lib(net_tcp.o)
    0x0800977c   0x00000044   Code   RO         3213    i.net_tcp_get_buf   Net4_Dbg_CM3_L.lib(net_tcp.o)
    0x080097c0   0x00000028   Code   RO         3215    i.net_tcp_get_mss   Net4_Dbg_CM3_L.lib(net_tcp.o)
    0x080097e8   0x000000b8   Code   RO         3217    i.net_tcp_get_socket  Net4_Dbg_CM3_L.lib(net_tcp.o)
    0x080098a0   0x0000002c   Code   RO         3218    i.net_tcp_get_state  Net4_Dbg_CM3_L.lib(net_tcp.o)
    0x080098cc   0x00000114   Code   RO         3220    i.net_tcp_listen    Net4_Dbg_CM3_L.lib(net_tcp.o)
    0x080099e0   0x00000b14   Code   RO         3222    i.net_tcp_process   Net4_Dbg_CM3_L.lib(net_tcp.o)
    0x0800a4f4   0x00000250   Code   RO         3226    i.net_tcp_send      Net4_Dbg_CM3_L.lib(net_tcp.o)
    0x0800a744   0x000001f8   Code   RO         3227    i.net_tcp_set_option  Net4_Dbg_CM3_L.lib(net_tcp.o)
    0x0800a93c   0x00000050   Code   RO         3228    i.net_tcp_socket_init  Net4_Dbg_CM3_L.lib(net_tcp.o)
    0x0800a98c   0x000004a0   Code   RO         3229    i.net_tcp_socket_run  Net4_Dbg_CM3_L.lib(net_tcp.o)
    0x0800ae2c   0x00000002   Code   RO         2288    i.net_udp_process   net_config.o
    0x0800ae2e   0x00000002   PAD
    0x0800ae30   0x00000018   Code   RO         2519    i.osDelay           RTX_CM3.lib(rt_cmsis.o)
    0x0800ae48   0x00000024   Code   RO         2520    i.osKernelInitialize  RTX_CM3.lib(rt_cmsis.o)
    0x0800ae6c   0x0000006c   Code   RO         2522    i.osKernelStart     RTX_CM3.lib(rt_cmsis.o)
    0x0800aed8   0x00000018   Code   RO         2531    i.osMessageGet      RTX_CM3.lib(rt_cmsis.o)
    0x0800aef0   0x00000030   Code   RO         2533    i.osMutexCreate     RTX_CM3.lib(rt_cmsis.o)
    0x0800af20   0x00000018   Code   RO         2535    i.osMutexRelease    RTX_CM3.lib(rt_cmsis.o)
    0x0800af38   0x00000018   Code   RO         2536    i.osMutexWait       RTX_CM3.lib(rt_cmsis.o)
    0x0800af50   0x00000030   Code   RO         2541    i.osSemaphoreCreate  RTX_CM3.lib(rt_cmsis.o)
    0x0800af80   0x00000018   Code   RO         2543    i.osSemaphoreRelease  RTX_CM3.lib(rt_cmsis.o)
    0x0800af98   0x00000018   Code   RO         2544    i.osSemaphoreWait   RTX_CM3.lib(rt_cmsis.o)
    0x0800afb0   0x00000018   Code   RO         2545    i.osSignalClear     RTX_CM3.lib(rt_cmsis.o)
    0x0800afc8   0x00000018   Code   RO         2546    i.osSignalSet       RTX_CM3.lib(rt_cmsis.o)
    0x0800afe0   0x00000018   Code   RO         2547    i.osSignalWait      RTX_CM3.lib(rt_cmsis.o)
    0x0800aff8   0x00000030   Code   RO         2548    i.osThreadCreate    RTX_CM3.lib(rt_cmsis.o)
    0x0800b028   0x00000018   Code   RO         2549    i.osThreadExit      RTX_CM3.lib(rt_cmsis.o)
    0x0800b040   0x00000018   Code   RO         2553    i.osThreadTerminate  RTX_CM3.lib(rt_cmsis.o)
    0x0800b058   0x00000018   Code   RO         2554    i.osThreadYield     RTX_CM3.lib(rt_cmsis.o)
    0x0800b070   0x0000000c   Code   RO         2555    i.osTimerCall       RTX_CM3.lib(rt_cmsis.o)
    0x0800b07c   0x00000034   Code   RO         2556    i.osTimerCreate     RTX_CM3.lib(rt_cmsis.o)
    0x0800b0b0   0x00000018   Code   RO         2558    i.osTimerStart      RTX_CM3.lib(rt_cmsis.o)
    0x0800b0c8   0x0000002c   Code   RO         2560    i.osTimerThread     RTX_CM3.lib(rt_cmsis.o)
    0x0800b0f4   0x00000020   Code   RO          665    i.os_error          rtx_conf_cm.o
    0x0800b114   0x00000004   Code   RO          666    i.os_idle_demon     rtx_conf_cm.o
    0x0800b118   0x00000028   Code   RO         3565    i.os_tick_init      RTX_CM3.lib(rt_system.o)
    0x0800b140   0x00000002   Code   RO         3566    i.os_tick_irqack    RTX_CM3.lib(rt_system.o)
    0x0800b142   0x00000002   PAD
    0x0800b144   0x00000010   Code   RO         3425    i.ping_send_req     Net4_Dbg_CM3_L.lib(net_ping.o)
    0x0800b154   0x0000002c   Code   RO         3356    i.proc_req_line     Net4_Dbg_CM3_L.lib(net_http_server.o)
    0x0800b180   0x00000018   Code   RO         3144    i.que_add_tail      Net4_Dbg_CM3_L.lib(net_slip.o)
    0x0800b198   0x0000000a   Code   RO         3145    i.que_get_first     Net4_Dbg_CM3_L.lib(net_slip.o)
    0x0800b1a2   0x000000a0   Code   RO         3357    i.read_script_line  Net4_Dbg_CM3_L.lib(net_http_server.o)
    0x0800b242   0x0000001a   Code   RO         3928    i.rt_alloc_box      RTX_CM3.lib(rt_membox.o)
    0x0800b25c   0x0000003e   Code   RO         3956    i.rt_alloc_mem      RTX_CM3.lib(rt_memory.o)
    0x0800b29a   0x00000002   PAD
    0x0800b29c   0x00000038   Code   RO         3480    i.rt_block          RTX_CM3.lib(rt_task.o)
    0x0800b2d4   0x00000048   Code   RO         4222    i.rt_chk_robin      RTX_CM3.lib(rt_robin.o)
    0x0800b31c   0x00000070   Code   RO         3697    i.rt_dec_dly        RTX_CM3.lib(rt_list.o)
    0x0800b38c   0x00000044   Code   RO         3481    i.rt_dispatch       RTX_CM3.lib(rt_task.o)
    0x0800b3d0   0x00000006   Code   RO         3863    i.rt_dly_wait       RTX_CM3.lib(rt_time.o)
    0x0800b3d6   0x00000002   PAD
    0x0800b3d8   0x0000001c   Code   RO         3656    i.rt_evt_clr        RTX_CM3.lib(rt_event.o)
    0x0800b3f4   0x00000050   Code   RO         3658    i.rt_evt_psh        RTX_CM3.lib(rt_event.o)
    0x0800b444   0x0000005c   Code   RO         3659    i.rt_evt_set        RTX_CM3.lib(rt_event.o)
    0x0800b4a0   0x0000003c   Code   RO         3660    i.rt_evt_wait       RTX_CM3.lib(rt_event.o)
    0x0800b4dc   0x00000020   Code   RO         3929    i.rt_free_box       RTX_CM3.lib(rt_membox.o)
    0x0800b4fc   0x00000028   Code   RO         3957    i.rt_free_mem       RTX_CM3.lib(rt_memory.o)
    0x0800b524   0x00000028   Code   RO         3698    i.rt_get_first      RTX_CM3.lib(rt_list.o)
    0x0800b54c   0x00000024   Code   RO         3699    i.rt_get_same_rdy_prio  RTX_CM3.lib(rt_list.o)
    0x0800b570   0x00000008   Code   RO         2565    i.rt_id2obj         RTX_CM3.lib(rt_cmsis.o)
    0x0800b578   0x00000048   Code   RO         3482    i.rt_init_context   RTX_CM3.lib(rt_task.o)
    0x0800b5c0   0x0000001a   Code   RO         3958    i.rt_init_mem       RTX_CM3.lib(rt_memory.o)
    0x0800b5da   0x00000002   PAD
    0x0800b5dc   0x00000018   Code   RO         4223    i.rt_init_robin     RTX_CM3.lib(rt_robin.o)
    0x0800b5f4   0x00000080   Code   RO         3983    i.rt_init_stack     RTX_CM3.lib(hal_cm.o)
    0x0800b674   0x00000008   Code   RO         3775    i.rt_mbx_check      RTX_CM3.lib(rt_mailbox.o)
    0x0800b67c   0x0000001a   Code   RO         3776    i.rt_mbx_init       RTX_CM3.lib(rt_mailbox.o)
    0x0800b696   0x00000002   PAD
    0x0800b698   0x000000f0   Code   RO         3777    i.rt_mbx_psh        RTX_CM3.lib(rt_mailbox.o)
    0x0800b788   0x000000b4   Code   RO         3779    i.rt_mbx_wait       RTX_CM3.lib(rt_mailbox.o)
    0x0800b83c   0x0000003c   Code   RO         2566    i.rt_ms2tick        RTX_CM3.lib(rt_cmsis.o)
    0x0800b878   0x00000010   Code   RO         3897    i.rt_mut_init       RTX_CM3.lib(rt_mutex.o)
    0x0800b888   0x000000d8   Code   RO         3898    i.rt_mut_release    RTX_CM3.lib(rt_mutex.o)
    0x0800b960   0x00000068   Code   RO         3899    i.rt_mut_wait       RTX_CM3.lib(rt_mutex.o)
    0x0800b9c8   0x0000007c   Code   RO         3569    i.rt_pop_req        RTX_CM3.lib(rt_system.o)
    0x0800ba44   0x00000020   Code   RO         3570    i.rt_psh_req        RTX_CM3.lib(rt_system.o)
    0x0800ba64   0x0000005c   Code   RO         3700    i.rt_psq_enq        RTX_CM3.lib(rt_list.o)
    0x0800bac0   0x00000048   Code   RO         3701    i.rt_put_dly        RTX_CM3.lib(rt_list.o)
    0x0800bb08   0x00000036   Code   RO         3702    i.rt_put_prio       RTX_CM3.lib(rt_list.o)
    0x0800bb3e   0x00000002   PAD
    0x0800bb40   0x00000014   Code   RO         3703    i.rt_put_rdy_first  RTX_CM3.lib(rt_list.o)
    0x0800bb54   0x00000034   Code   RO         3704    i.rt_resort_prio    RTX_CM3.lib(rt_list.o)
    0x0800bb88   0x00000006   Code   RO         3984    i.rt_ret_val        RTX_CM3.lib(hal_cm.o)
    0x0800bb8e   0x00000008   Code   RO         3985    i.rt_ret_val2       RTX_CM3.lib(hal_cm.o)
    0x0800bb96   0x00000028   Code   RO         3705    i.rt_rmv_dly        RTX_CM3.lib(rt_list.o)
    0x0800bbbe   0x00000002   PAD
    0x0800bbc0   0x00000030   Code   RO         3706    i.rt_rmv_list       RTX_CM3.lib(rt_list.o)
    0x0800bbf0   0x0000000c   Code   RO         3823    i.rt_sem_init       RTX_CM3.lib(rt_semaphore.o)
    0x0800bbfc   0x00000034   Code   RO         3824    i.rt_sem_psh        RTX_CM3.lib(rt_semaphore.o)
    0x0800bc30   0x0000002a   Code   RO         3825    i.rt_sem_send       RTX_CM3.lib(rt_semaphore.o)
    0x0800bc5a   0x00000002   PAD
    0x0800bc5c   0x00000040   Code   RO         3826    i.rt_sem_wait       RTX_CM3.lib(rt_semaphore.o)
    0x0800bc9c   0x00000024   Code   RO         3572    i.rt_stk_check      RTX_CM3.lib(rt_system.o)
    0x0800bcc0   0x00000028   Code   RO         3483    i.rt_switch_req     RTX_CM3.lib(rt_task.o)
    0x0800bce8   0x000000cc   Code   RO         3484    i.rt_sys_init       RTX_CM3.lib(rt_task.o)
    0x0800bdb4   0x00000078   Code   RO         3485    i.rt_sys_start      RTX_CM3.lib(rt_task.o)
    0x0800be2c   0x00000040   Code   RO         3574    i.rt_systick        RTX_CM3.lib(rt_system.o)
    0x0800be6c   0x00000012   Code   RO         2567    i.rt_tid2ptcb       RTX_CM3.lib(rt_cmsis.o)
    0x0800be7e   0x00000002   PAD
    0x0800be80   0x00000034   Code   RO         2568    i.rt_timer_insert   RTX_CM3.lib(rt_cmsis.o)
    0x0800beb4   0x0000003c   Code   RO         2569    i.rt_timer_remove   RTX_CM3.lib(rt_cmsis.o)
    0x0800bef0   0x00000080   Code   RO         3486    i.rt_tsk_create     RTX_CM3.lib(rt_task.o)
    0x0800bf70   0x00000174   Code   RO         3487    i.rt_tsk_delete     RTX_CM3.lib(rt_task.o)
    0x0800c0e4   0x00000030   Code   RO         3488    i.rt_tsk_pass       RTX_CM3.lib(rt_task.o)
    0x0800c114   0x0000007c   Code   RO         3489    i.rt_tsk_prio       RTX_CM3.lib(rt_task.o)
    0x0800c190   0x00000010   Code   RO         3490    i.rt_tsk_self       RTX_CM3.lib(rt_task.o)
    0x0800c1a0   0x000002b0   Code   RO          168    i.save_display_para_to_flash  http_server_cgi.o
    0x0800c450   0x00000048   Code   RO         3358    i.search_delim      Net4_Dbg_CM3_L.lib(net_http_server.o)
    0x0800c498   0x00000010   Code   RO         3146    i.slip_lock         Net4_Dbg_CM3_L.lib(net_slip.o)
    0x0800c4a8   0x000000e8   Code   RO         3147    i.slip_receive      Net4_Dbg_CM3_L.lib(net_slip.o)
    0x0800c590   0x000000c8   Code   RO         3148    i.slip_transmit     Net4_Dbg_CM3_L.lib(net_slip.o)
    0x0800c658   0x0000000c   Code   RO         3149    i.slip_unlock       Net4_Dbg_CM3_L.lib(net_slip.o)
    0x0800c664   0x00000014   Code   RO         2570    i.svcDelay          RTX_CM3.lib(rt_cmsis.o)
    0x0800c678   0x00000070   Code   RO         2571    i.svcKernelInitialize  RTX_CM3.lib(rt_cmsis.o)
    0x0800c6e8   0x00000048   Code   RO         2573    i.svcKernelStart    RTX_CM3.lib(rt_cmsis.o)
    0x0800c730   0x00000024   Code   RO         2576    i.svcMessageCreate  RTX_CM3.lib(rt_cmsis.o)
    0x0800c754   0x0000003a   Code   RO         2577    i.svcMessageGet     RTX_CM3.lib(rt_cmsis.o)
    0x0800c78e   0x0000001c   Code   RO         2579    i.svcMutexCreate    RTX_CM3.lib(rt_cmsis.o)
    0x0800c7aa   0x00000022   Code   RO         2581    i.svcMutexRelease   RTX_CM3.lib(rt_cmsis.o)
    0x0800c7cc   0x00000036   Code   RO         2582    i.svcMutexWait      RTX_CM3.lib(rt_cmsis.o)
    0x0800c802   0x00000024   Code   RO         2584    i.svcSemaphoreCreate  RTX_CM3.lib(rt_cmsis.o)
    0x0800c826   0x00000028   Code   RO         2586    i.svcSemaphoreRelease  RTX_CM3.lib(rt_cmsis.o)
    0x0800c84e   0x00000032   Code   RO         2587    i.svcSemaphoreWait  RTX_CM3.lib(rt_cmsis.o)
    0x0800c880   0x00000024   Code   RO         2588    i.svcSignalClear    RTX_CM3.lib(rt_cmsis.o)
    0x0800c8a4   0x00000024   Code   RO         2589    i.svcSignalSet      RTX_CM3.lib(rt_cmsis.o)
    0x0800c8c8   0x00000054   Code   RO         2590    i.svcSignalWait     RTX_CM3.lib(rt_cmsis.o)
    0x0800c91c   0x00000070   Code   RO         2591    i.svcThreadCreate   RTX_CM3.lib(rt_cmsis.o)
    0x0800c98c   0x0000001c   Code   RO         2592    i.svcThreadGetId    RTX_CM3.lib(rt_cmsis.o)
    0x0800c9a8   0x00000038   Code   RO         2595    i.svcThreadTerminate  RTX_CM3.lib(rt_cmsis.o)
    0x0800c9e0   0x0000000a   Code   RO         2596    i.svcThreadYield    RTX_CM3.lib(rt_cmsis.o)
    0x0800c9ea   0x00000018   Code   RO         2597    i.svcTimerCall      RTX_CM3.lib(rt_cmsis.o)
    0x0800ca02   0x00000002   PAD
    0x0800ca04   0x00000038   Code   RO         2598    i.svcTimerCreate    RTX_CM3.lib(rt_cmsis.o)
    0x0800ca3c   0x00000064   Code   RO         2600    i.svcTimerStart     RTX_CM3.lib(rt_cmsis.o)
    0x0800caa0   0x0000005c   Code   RO         2606    i.sysTimerTick      RTX_CM3.lib(rt_cmsis.o)
    0x0800cafc   0x0000004c   Code   RO         3453    i.sys_proc_tick     Net4_Dbg_CM3_L.lib(net_sys.o)
    0x0800cb48   0x0000010c   Code   RO         3230    i.tcp_map_socket    Net4_Dbg_CM3_L.lib(net_tcp.o)
    0x0800cc54   0x000000a8   Code   RO         3231    i.tcp_parse_opt     Net4_Dbg_CM3_L.lib(net_tcp.o)
    0x0800ccfc   0x0000010c   Code   RO         3232    i.tcp_proc_acknr    Net4_Dbg_CM3_L.lib(net_tcp.o)
    0x0800ce08   0x000000cc   Code   RO         3233    i.tcp_proc_dupack   Net4_Dbg_CM3_L.lib(net_tcp.o)
    0x0800ced4   0x0000001a   Code   RO         3234    i.tcp_que_free      Net4_Dbg_CM3_L.lib(net_tcp.o)
    0x0800ceee   0x0000001a   Code   RO         3235    i.tcp_que_init      Net4_Dbg_CM3_L.lib(net_tcp.o)
    0x0800cf08   0x000000dc   Code   RO         3236    i.tcp_que_resend    Net4_Dbg_CM3_L.lib(net_tcp.o)
    0x0800cfe4   0x0000009c   Code   RO         3237    i.tcp_send_ctrl     Net4_Dbg_CM3_L.lib(net_tcp.o)
    0x0800d080   0x00000088   Code   RO         3238    i.tcp_send_data     Net4_Dbg_CM3_L.lib(net_tcp.o)
    0x0800d108   0x00000084   Code   RO         3239    i.tcp_send_reset    Net4_Dbg_CM3_L.lib(net_tcp.o)
    0x0800d18c   0x00000044   Code   RO         3240    i.tcp_set_cwnd      Net4_Dbg_CM3_L.lib(net_tcp.o)
    0x0800d1d0   0x00000068   Code   RO         3241    i.tcp_transit       Net4_Dbg_CM3_L.lib(net_tcp.o)
    0x0800d238   0x000000c0   Code   RO         3242    i.tcp_write         Net4_Dbg_CM3_L.lib(net_tcp.o)
    0x0800d2f8   0x000000f0   Code   RO         3359    i.utc_to_http       Net4_Dbg_CM3_L.lib(net_http_server.o)
    0x0800d3e8   0x0000c704   Data   RO          141    .constdata          web.o
    0x08019aec   0x00000610   Data   RO          366    .constdata          led_display.o
    0x0801a0fc   0x00000056   Data   RO          668    .constdata          rtx_conf_cm.o
    0x0801a152   0x00000002   PAD
    0x0801a154   0x00000104   Data   RO          747    .constdata          usart_stm32f10x.o
    0x0801a258   0x000000f8   Data   RO         2290    .constdata          net_config.o
    0x0801a350   0x0000001c   Data   RO         2474    .constdata          modem_null.o
    0x0801a36c   0x00000044   Data   RO         3243    .constdata          Net4_Dbg_CM3_L.lib(net_tcp.o)
    0x0801a3b0   0x000000fa   Data   RO         3360    .constdata          Net4_Dbg_CM3_L.lib(net_http_server.o)
    0x0801a4aa   0x00000012   Data   RO         3427    .constdata          Net4_Dbg_CM3_L.lib(net_ping.o)
    0x0801a4bc   0x000000b6   Data   RO         3456    .constdata          Net4_Dbg_CM3_L.lib(net_sys.o)
    0x0801a572   0x00000020   Data   RO         4039    .constdata          Net4_Dbg_CM3_L.lib(net_ip4.o)
    0x0801a592   0x00000002   PAD
    0x0801a594   0x00000018   Data   RO         4061    .constdata          Net4_Dbg_CM3_L.lib(net_icmp.o)
    0x0801a5ac   0x00000018   Data   RO         4116    .constdata          Net4_Dbg_CM3_L.lib(net_http_server_err.o)
    0x0801a5c4   0x00000081   Data   RO         4602    .constdata          mc_w.l(ctype_o.o)
    0x0801a645   0x00000003   PAD
    0x0801a648   0x00000004   Data   RO         4603    .constdata          mc_w.l(ctype_o.o)
    0x0801a64c   0x00000128   Data   RO          169    .conststring        http_server_cgi.o
    0x0801a774   0x00000029   Data   RO         2291    .conststring        net_config.o
    0x0801a79d   0x00000003   PAD
    0x0801a7a0   0x0000006d   Data   RO         3244    .conststring        Net4_Dbg_CM3_L.lib(net_tcp.o)
    0x0801a80d   0x00000003   PAD
    0x0801a810   0x00000043   Data   RO         4062    .conststring        Net4_Dbg_CM3_L.lib(net_icmp.o)
    0x0801a853   0x00000001   PAD
    0x0801a854   0x000001ff   Data   RO         4117    .conststring        Net4_Dbg_CM3_L.lib(net_http_server_err.o)
    0x0801aa53   0x00000001   PAD
    0x0801aa54   0x00000020   Data   RO         4638    Region$$Table       anon$$obj.o


    Execution Region RW_IRAM1 (Base: 0x20000000, Size: 0x00005fe8, Max: 0x0000c000, ABSOLUTE)

    Base Addr    Size         Type   Attr      Idx    E Section Name        Object

    0x20000000   0x00000001   Data   RW          170    .data               http_server_cgi.o
    0x20000001   0x00000003   PAD
    0x20000004   0x00000004   Data   RW          243    .data               flash_spi.o
    0x20000008   0x0000000f   Data   RW          367    .data               led_display.o
    0x20000017   0x00000001   PAD
    0x20000018   0x00000020   Data   RW          669    .data               rtx_conf_cm.o
    0x20000038   0x00000014   Data   RW         1390    .data               stm32f10x_rcc.o
    0x2000004c   0x00000008   Data   RW         2292    .data               net_config.o
    0x20000054   0x00000008   Data   RW         2475    .data               modem_null.o
    0x2000005c   0x00000008   Data   RW         2609    .data               RTX_CM3.lib(rt_cmsis.o)
    0x20000064   0x00000008   Data   RW         3177    .data               Net4_Dbg_CM3_L.lib(net_loop.o)
    0x2000006c   0x00000004   Data   RW         3245    .data               Net4_Dbg_CM3_L.lib(net_tcp.o)
    0x20000070   0x00000010   Data   RW         3361    .data               Net4_Dbg_CM3_L.lib(net_http_server.o)
    0x20000080   0x00000014   Data   RW         3457    .data               Net4_Dbg_CM3_L.lib(net_sys.o)
    0x20000094   0x00000008   Data   RW         3492    .data               RTX_CM3.lib(rt_task.o)
    0x2000009c   0x00000008   Data   RW         3577    .data               RTX_CM3.lib(rt_system.o)
    0x200000a4   0x00000004   Data   RW         3867    .data               RTX_CM3.lib(rt_time.o)
    0x200000a8   0x00000001   Data   RW         3986    .data               RTX_CM3.lib(hal_cm.o)
    0x200000a9   0x00000003   PAD
    0x200000ac   0x00000008   Data   RW         4040    .data               Net4_Dbg_CM3_L.lib(net_ip4.o)
    0x200000b4   0x00000008   Data   RW         4224    .data               RTX_CM3.lib(rt_robin.o)
    0x200000bc   0x00000004   Data   RW         4276    .data               mc_w.l(strtok.o)
    0x200000c0   0x00000004   Data   RW         4562    .data               mc_w.l(stdout.o)
    0x200000c4   0x00000004   Data   RW         4572    .data               mc_w.l(errno.o)
    0x200000c8   0x0000029c   Zero   RW          365    .bss                led_display.o
    0x20000364   0x00000004   PAD
    0x20000368   0x00002340   Zero   RW          667    .bss                rtx_conf_cm.o
    0x200026a8   0x00000070   Zero   RW          746    .bss                usart_stm32f10x.o
    0x20002718   0x0000322c   Zero   RW         2289    .bss                net_config.o
    0x20005944   0x00000018   Zero   RW         3150    .bss                Net4_Dbg_CM3_L.lib(net_slip.o)
    0x2000595c   0x00000020   Zero   RW         3426    .bss                Net4_Dbg_CM3_L.lib(net_ping.o)
    0x2000597c   0x00000030   Zero   RW         3454    .bss                Net4_Dbg_CM3_L.lib(net_sys.o)
    0x200059ac   0x00000018   Zero   RW         3455    .bss                Net4_Dbg_CM3_L.lib(net_sys.o)
    0x200059c4   0x00000034   Zero   RW         3491    .bss                RTX_CM3.lib(rt_task.o)
    0x200059f8   0x00000030   Zero   RW         3707    .bss                RTX_CM3.lib(rt_list.o)
    0x20005a28   0x0000014c   Zero   RW         4078    .bss                Net4_Dbg_CM3_L.lib(net_serial.o)
    0x20005b74   0x0000003c   Zero   RW         4100    .bss                Net4_Dbg_CM3_L.lib(net_modem_drv.o)
    0x20005bb0   0x00000014   Zero   RW         4131    .bss                Net4_Dbg_CM3_L.lib(net_mem.o)
    0x20005bc4   0x00000022   Zero   RW         4191    .bss                Net4_Dbg_CM3_L.lib(net_addr.o)
    0x20005be6   0x00000002   PAD
    0x20005be8   0x00000400   Zero   RW          966    STACK               startup_stm32f10x_hd.o


==============================================================================

Image component sizes


      Code (inc. data)   RO Data    RW Data    ZI Data      Debug   Object Name

        44          4          0          0          0        464   board_led.o
       368         50          0          0          0      11951   dma_stm32f10x.o
       124         14          0          0          0       1241   esp8266.o
      1174        106          0          4          0       6906   flash_spi.o
       676         76          0          0          0       6173   gpio_stm32f10x.o
      3120        566        296          1          0       4896   http_server_cgi.o
      2982        126       1552         15        668       7953   led_display.o
       128         36          0          0          0     273818   main.o
       384         94         28          8          0       4539   modem_null.o
        48          0        289          8      12844      18670   net_config.o
       226         60          0          0          0       3464   net_debug.o
       736         52          0          0          0       3935   port_08_12.o
       170          4          0          0          0       1392   rtc.o
        60          6         86         32       9024       7416   rtx_conf_cm.o
        36          8        304          0       1024        788   startup_stm32f10x_hd.o
       430          6          0          0          0       4062   stm32f10x_gpio.o
        12          6          0          0          0        546   stm32f10x_pwr.o
       276         32          0         20          0       4606   stm32f10x_rcc.o
        88         18          0          0          0       2102   stm32f10x_rtc.o
       112          0          0          0          0       4062   stm32f10x_spi.o
       274          6          0          0          0       4200   stm32f10x_usart.o
       328         28          0          0          0       1877   system_stm32f10x.o
      5044        252        260          0        112      59032   usart_stm32f10x.o
       176         12          0          0          0       1048   usartx.o
       136          8      50948          0          0       1764   web.o

    ----------------------------------------------------------------------
     17186       1570      53800         92      23676     436905   Object Totals
         0          0         32          0          0          0   (incl. Generated)
        34          0          5          4          4          0   (incl. Padding)

    ----------------------------------------------------------------------

      Code (inc. data)   RO Data    RW Data    ZI Data      Debug   Library Member Name

       214         52          0          0         34        364   net_addr.o
       188          0          0          0          0        288   net_common.o
      7748       2580        250         16          0       2852   net_http_server.o
         0          0        535          0          0          0   net_http_server_err.o
       960        438         91          0          0        248   net_icmp.o
      1540        466         32          8          0        912   net_ip4.o
       400        142          0          8          0        312   net_loop.o
       856        340          0          0         20        564   net_mem.o
       420         44          0          0         60        632   net_modem_drv.o
       196         76         18          0         32        220   net_ping.o
       316         36          0          0        332        444   net_serial.o
      1302        312          0          0         24        876   net_slip.o
       624        172        182         20         72        780   net_sys.o
      8604       3260        177          4          0       2368   net_tcp.o
       238         24          0          1          0       2968   hal_cm.o
       304         36          0          0          0        760   hal_cm3.o
      2242        246          0          8          0      45895   rt_cmsis.o
       300         24          0          0          0       2735   rt_event.o
       566         44          0          0         48       7844   rt_list.o
       550         10          0          0          0       3373   rt_mailbox.o
       128          0          0          0          0       1677   rt_membox.o
       128          0          0          0          0       2059   rt_memory.o
       336         12          0          0          0       1825   rt_mutex.o
        96         22          0          8          0       1134   rt_robin.o
       186         10          0          0          0       2554   rt_semaphore.o
       298         52          0          8          0       5951   rt_system.o
      1248        184          0          8         52       9263   rt_task.o
         6          0          0          4          0        620   rt_time.o
         4          4          0          0          0        200   svc_table.o
        56          8          0          0          0         84   __0sscanf.o
        28          0          0          0          0         68   _chval.o
       812          4          0          0          0        112   _scanf.o
       332          0          0          0          0         96   _scanf_int.o
        64          0          0          0          0         84   _sgetc.o
       158          0          0          0          0         92   _strtoul.o
        26          0          0          0          0         80   atoi.o
         8          4        133          0          0         68   ctype_o.o
         0          0          0          0          0          0   entry.o
         0          0          0          0          0          0   entry10a.o
         0          0          0          0          0          0   entry11a.o
         8          4          0          0          0          0   entry2.o
         4          0          0          0          0          0   entry5.o
         0          0          0          0          0          0   entry7b.o
         0          0          0          0          0          0   entry8b.o
         8          4          0          4          0         68   errno.o
        30          0          0          0          0          0   handlers.o
        36          8          0          0          0         68   init.o
        18          0          0          0          0         76   isspace_o.o
         0          0          0          0          0          0   iusefp.o
        30          0          0          0          0         68   llshl.o
        36          0          0          0          0         68   llsshr.o
        32          0          0          0          0         68   llushr.o
        26          0          0          0          0         80   memcmp.o
        36          0          0          0          0         68   memcpya.o
        36          0          0          0          0        108   memseta.o
      1204         60          0          0          0        504   printf8.o
      2210         88          0          0          0        428   printfa.o
        40          8          0          0          0         84   scanf_char.o
         0          0          0          4          0          0   stdout.o
        28          0          0          0          0         76   strcmp.o
        18          0          0          0          0         68   strcpy.o
        14          0          0          0          0         68   strlen.o
        30          0          0          0          0         80   strncmp.o
        68          6          0          4          0         80   strtok.o
       112          0          0          0          0         88   strtol.o
        44          0          0          0          0         80   uidiv.o
        98          0          0          0          0         92   uldiv.o
        48          0          0          0          0         68   cdrcmple.o
       334          0          0          0          0        148   dadd.o
       222          0          0          0          0        100   ddiv.o
       186          0          0          0          0        176   depilogue.o
        48          0          0          0          0         68   dfixul.o
       228          0          0          0          0         96   dmul.o

    ----------------------------------------------------------------------
     36758       8780       1428        108        676     103378   Library Totals
        44          0         10          3          2          0   (incl. Padding)

    ----------------------------------------------------------------------

      Code (inc. data)   RO Data    RW Data    ZI Data      Debug   Library Name

     23368       7918       1285         56        574      10860   Net4_Dbg_CM3_L.lib
      6630        668          0         37        100      88858   RTX_CM3.lib
      5650        194        133         12          0       3004   mc_w.l
      1066          0          0          0          0        656   mf_w.l

    ----------------------------------------------------------------------
     36758       8780       1428        108        676     103378   Library Totals

    ----------------------------------------------------------------------

==============================================================================


      Code (inc. data)   RO Data    RW Data    ZI Data      Debug   

     53944      10350      55228        200      24352     516931   Grand Totals
     53944      10350      55228        200      24352     516931   ELF Image Totals
     53944      10350      55228        200          0          0   ROM Totals

==============================================================================

    Total RO  Size (Code + RO Data)               109172 ( 106.61kB)
    Total RW  Size (RW Data + ZI Data)             24552 (  23.98kB)
    Total ROM Size (Code + RO Data + RW Data)     109372 ( 106.81kB)

==============================================================================

