Component: ARM Compiler 5.05 update 2 (build 169) Tool: armlink [4d0f33]

==============================================================================

Section Cross References

    web.o(i.imageFileInfo) refers to web.o(i.crc32_8bit) for crc32_8bit
    web.o(i.imageFileInfo) refers to web.o(.constdata) for imageFileTable
    board_led.o(i.LED_Initialize) refers to gpio_stm32f10x.o(i.GPIO_PortClock) for GPIO_PortClock
    board_led.o(i.LED_Initialize) refers to gpio_stm32f10x.o(i.GPIO_PinConfigure) for GPIO_PinConfigure
    board_led.o(i.LED_Initialize) refers to board_led.o(.constdata) for Pin_LED
    board_led.o(i.LED_Off) refers to board_led.o(.constdata) for Pin_LED
    board_led.o(i.LED_On) refers to board_led.o(.constdata) for Pin_LED
    board_led.o(i.LED_SetOut) refers to board_led.o(i.LED_On) for LED_On
    board_led.o(i.LED_SetOut) refers to board_led.o(i.LED_Off) for LED_Off
    board_led.o(i.LED_Uninitialize) refers to gpio_stm32f10x.o(i.GPIO_PinConfigure) for GPIO_PinConfigure
    board_led.o(i.LED_Uninitialize) refers to board_led.o(.constdata) for Pin_LED
    esp8266.o(i.ESP8266_GPIO_Config) refers to stm32f10x_rcc.o(i.RCC_APB2PeriphClockCmd) for RCC_APB2PeriphClockCmd
    esp8266.o(i.ESP8266_GPIO_Config) refers to stm32f10x_gpio.o(i.GPIO_Init) for GPIO_Init
    esp8266.o(i.ESP8266_init) refers to esp8266.o(i.ESP8266_GPIO_Config) for ESP8266_GPIO_Config
    esp8266.o(i.ESP8266_init) refers to stm32f10x_gpio.o(i.GPIO_SetBits) for GPIO_SetBits
    esp8266.o(i.ESP8266_init) refers to stm32f10x_gpio.o(i.GPIO_ResetBits) for GPIO_ResetBits
    esp8266.o(i.ESP8266_rst) refers to stm32f10x_gpio.o(i.GPIO_ResetBits) for GPIO_ResetBits
    esp8266.o(i.ESP8266_rst) refers to rt_cmsis.o(i.osDelay) for osDelay
    esp8266.o(i.ESP8266_rst) refers to stm32f10x_gpio.o(i.GPIO_SetBits) for GPIO_SetBits
    http_server_cgi.o(i.netCGI_ProcessData) refers to net_http_server.o(i.netCGI_GetEnvVar) for netCGI_GetEnvVar
    http_server_cgi.o(i.netCGI_ProcessData) refers to strncmp.o(.text) for strncmp
    http_server_cgi.o(i.netCGI_ProcessData) refers to strcpy.o(.text) for strcpy
    http_server_cgi.o(i.netCGI_ProcessData) refers to strlen.o(.text) for strlen
    http_server_cgi.o(i.netCGI_ProcessData) refers to http_server_cgi.o(i.save_display_para_to_flash) for save_display_para_to_flash
    http_server_cgi.o(i.netCGI_ProcessData) refers to net_http_server.o(i.netHTTPs_LoginOnOff) for netHTTPs_LoginOnOff
    http_server_cgi.o(i.netCGI_ProcessData) refers to strcmp.o(.text) for strcmp
    http_server_cgi.o(i.netCGI_ProcessData) refers to http_server_cgi.o(.data) for current_area
    http_server_cgi.o(i.netCGI_ProcessData) refers to led_display.o(.bss) for area
    http_server_cgi.o(i.netCGI_ProcessData) refers to net_config.o(.constdata) for net_http_config
    http_server_cgi.o(i.netCGI_ProcessQuery) refers to net_http_server.o(i.netCGI_GetEnvVar) for netCGI_GetEnvVar
    http_server_cgi.o(i.netCGI_ProcessQuery) refers to strncmp.o(.text) for strncmp
    http_server_cgi.o(i.netCGI_ProcessQuery) refers to atoi.o(.text) for atoi
    http_server_cgi.o(i.netCGI_ProcessQuery) refers to http_server_cgi.o(i.save_display_para_to_flash) for save_display_para_to_flash
    http_server_cgi.o(i.netCGI_ProcessQuery) refers to led_display.o(i.del_area) for del_area
    http_server_cgi.o(i.netCGI_ProcessQuery) refers to strcpy.o(.text) for strcpy
    http_server_cgi.o(i.netCGI_ProcessQuery) refers to strtok.o(.text) for strtok
    http_server_cgi.o(i.netCGI_ProcessQuery) refers to rtc.o(i.Time_Adjust) for Time_Adjust
    http_server_cgi.o(i.netCGI_ProcessQuery) refers to led_display.o(i.LED_display_power_off) for LED_display_power_off
    http_server_cgi.o(i.netCGI_ProcessQuery) refers to led_display.o(i.LED_display_start) for LED_display_start
    http_server_cgi.o(i.netCGI_ProcessQuery) refers to led_display.o(i.check_screen) for check_screen
    http_server_cgi.o(i.netCGI_ProcessQuery) refers to http_server_cgi.o(.data) for current_area
    http_server_cgi.o(i.netCGI_ProcessQuery) refers to led_display.o(.bss) for area
    http_server_cgi.o(i.netCGI_ProcessQuery) refers to led_display.o(.data) for screen
    http_server_cgi.o(i.netCGI_Script) refers to printf8.o(i.__0sprintf$8) for __2sprintf
    http_server_cgi.o(i.netCGI_Script) refers to net_http_server.o(i.netHTTPs_LoginActive) for netHTTPs_LoginActive
    http_server_cgi.o(i.netCGI_Script) refers to http_server_cgi.o(.data) for current_area
    http_server_cgi.o(i.netCGI_Script) refers to led_display.o(.bss) for area
    http_server_cgi.o(i.netCGI_Script) refers to main.o(.data) for LEDrun
    http_server_cgi.o(i.netCGI_Script) refers to http_server_cgi.o(.conststring) for .conststring
    http_server_cgi.o(i.netCGI_Script) refers to net_config.o(.constdata) for net_http_config
    http_server_cgi.o(i.netCGI_Script) refers to led_display.o(.data) for power_on
[...]
    netHTTPs_FileAccess                      0x08007d15   Thumb Code     4  net_http_server.o(i.netHTTPs_FileAccess)
    netHTTPs_GetPassword                     0x08007d19   Thumb Code     6  net_http_server.o(i.netHTTPs_GetPassword)
    netHTTPs_LoginActive                     0x08007d25   Thumb Code     6  net_http_server.o(i.netHTTPs_LoginActive)
    netHTTPs_LoginOnOff                      0x08007d31   Thumb Code    20  net_http_server.o(i.netHTTPs_LoginOnOff)
    netHTTPs_fclose                          0x08007d4d   Thumb Code     2  net_config.o(i.netHTTPs_fclose)
    netHTTPs_fgets                           0x08007d4f   Thumb Code     4  net_config.o(i.netHTTPs_fgets)
    netHTTPs_fopen                           0x08007d53   Thumb Code     4  net_config.o(i.netHTTPs_fopen)
    netHTTPs_fread                           0x08007d57   Thumb Code     4  net_config.o(i.netHTTPs_fread)
    netHTTPs_fstat                           0x08007d5b   Thumb Code     2  net_config.o(i.netHTTPs_fstat)
    netInitialize                            0x08007d5d   Thumb Code   162  net_sys.o(i.netInitialize)
    netSLIP_Listen                           0x08007e71   Thumb Code    48  net_slip.o(i.netSLIP_Listen)
    netSLIP_Thread                           0x08007eb9   Thumb Code    90  net_slip.o(i.netSLIP_Thread)
    netTLS_buf                               0x08007f1d   Thumb Code     4  net_config.o(i.netTLS_buf)
    netTLS_close                             0x08007f21   Thumb Code     2  net_config.o(i.netTLS_close)
    netTLS_send                              0x08007f23   Thumb Code     2  net_config.o(i.netTLS_send)
    netTLS_socket                            0x08007f25   Thumb Code     4  net_config.o(i.netTLS_socket)
    net_addr4_aton                           0x08007f29   Thumb Code    82  net_addr.o(i.net_addr4_aton)
    net_addr4_is_subnet                      0x08007f91   Thumb Code    26  net_addr.o(i.net_addr4_is_subnet)
    net_addr4_ntoa                           0x08007fad   Thumb Code     6  net_addr.o(i.net_addr4_ntoa)
    net_addr_ntoa                            0x08007fb9   Thumb Code    14  net_addr.o(i.net_addr_ntoa)
    net_b64_decode                           0x08007fcd   Thumb Code   122  net_common.o(i.net_b64_decode)
    net_com_flush_buf                        0x08008049   Thumb Code    28  net_serial.o(i.net_com_flush_buf)
    net_com_init                             0x0800806d   Thumb Code   104  net_serial.o(i.net_com_init)
    net_com_recv_char                        0x080080dd   Thumb Code    40  net_serial.o(i.net_com_recv_char)
    net_com_send_char                        0x08008109   Thumb Code    46  net_serial.o(i.net_com_send_char)
    net_com_tx_active                        0x0800813d   Thumb Code    22  net_serial.o(i.net_com_tx_active)
    net_dbg_error                            0x08008159   Thumb Code   106  net_debug.o(i.net_dbg_error)
    net_dbg_info                             0x080081d5   Thumb Code     4  net_debug.o(i.net_dbg_info)
    net_dbg_proc                             0x080081d9   Thumb Code    12  net_sys.o(i.net_dbg_proc)
    net_debug_init                           0x080081e9   Thumb Code     2  net_debug.o(i.net_debug_init)
    net_eth_is_my_addr                       0x080081eb   Thumb Code     4  net_config.o(i.net_eth_is_my_addr)
    net_eth_send_frame                       0x080081ef   Thumb Code     4  net_config.o(i.net_eth_send_frame)
    net_http_server_init                     0x080081f5   Thumb Code   182  net_http_server.o(i.net_http_server_init)
    net_http_server_run                      0x0800830d   Thumb Code    14  net_http_server.o(i.net_http_server_run)
    net_icmp_process                         0x08008321   Thumb Code   290  net_icmp.o(i.net_icmp_process)
    net_icmp_send_echo                       0x0800858d   Thumb Code   122  net_icmp.o(i.net_icmp_send_echo)
    net_igmp_is_member                       0x08008611   Thumb Code     4  net_config.o(i.net_igmp_is_member)
    net_ip4_checksum                         0x08008615   Thumb Code    76  net_ip4.o(i.net_ip4_checksum)
    net_ip4_chk_frame                        0x08008661   Thumb Code   250  net_ip4.o(i.net_ip4_chk_frame)
    net_ip4_chksum_buf                       0x0800883d   Thumb Code    50  net_ip4.o(i.net_ip4_chksum_buf)
    net_ip4_get_local                        0x08008871   Thumb Code    52  net_ip4.o(i.net_ip4_get_local)
    net_ip4_init                             0x080088b1   Thumb Code    12  net_ip4.o(i.net_ip4_init)
    net_ip4_is_subcast                       0x080088c1   Thumb Code    38  net_ip4.o(i.net_ip4_is_subcast)
    net_ip4_send_frame                       0x080088ed   Thumb Code   310  net_ip4.o(i.net_ip4_send_frame)
    net_ip4_tx_offload                       0x08008a75   Thumb Code    44  net_ip4.o(i.net_ip4_tx_offload)
    net_loop_iface_init                      0x08008aa9   Thumb Code    34  net_loop.o(i.net_loop_iface_init)
    net_loop_iface_run                       0x08008ae5   Thumb Code   108  net_loop.o(i.net_loop_iface_run)
    net_loop_send_frame                      0x08008b75   Thumb Code    94  net_loop.o(i.net_loop_send_frame)
    net_mem_alloc                            0x08008c01   Thumb Code   168  net_mem.o(i.net_mem_alloc)
    net_mem_avail                            0x08008d25   Thumb Code    22  net_mem.o(i.net_mem_avail)
    net_mem_free                             0x08008d41   Thumb Code   136  net_mem.o(i.net_mem_free)
    net_mem_init                             0x08008e2d   Thumb Code   110  net_mem.o(i.net_mem_init)
    net_mem_shrink                           0x08008edd   Thumb Code    60  net_mem.o(i.net_mem_shrink)
    net_modem_hangup                         0x08008f3d   Thumb Code    16  net_modem_drv.o(i.net_modem_hangup)
    net_modem_init                           0x08008f51   Thumb Code    30  net_modem_drv.o(i.net_modem_init)
    net_modem_listen                         0x08008f79   Thumb Code    22  net_modem_drv.o(i.net_modem_listen)
    net_modem_online                         0x08008f95   Thumb Code    10  net_modem_drv.o(i.net_modem_online)
    net_modem_process                        0x08008fa5   Thumb Code   130  net_modem_drv.o(i.net_modem_process)
    net_modem_run                            0x0800902d   Thumb Code    74  net_modem_drv.o(i.net_modem_run)
    net_path                                 0x0800907d   Thumb Code    48  net_sys.o(i.net_path)
    net_ping_client_init                     0x080090b1   Thumb Code    20  net_ping.o(i.net_ping_client_init)
    net_ping_client_run                      0x080090d9   Thumb Code    88  net_ping.o(i.net_ping_client_run)
    net_ppp_send_frame                       0x08009165   Thumb Code     4  net_config.o(i.net_ppp_send_frame)
    net_rand32                               0x08009169   Thumb Code    18  net_sys.o(i.net_rand32)
    net_slip_iface_init                      0x08009185   Thumb Code   136  net_slip.o(i.net_slip_iface_init)
    net_slip_iface_run                       0x08009259   Thumb Code   150  net_slip.o(i.net_slip_iface_run)
    net_slip_send_frame                      0x08009345   Thumb Code    94  net_slip.o(i.net_slip_send_frame)
    net_strchr                               0x08009401   Thumb Code    22  net_common.o(i.net_strchr)
    net_strcmp                               0x08009417   Thumb Code    26  net_common.o(i.net_strcmp)
    net_strcpy                               0x08009431   Thumb Code    18  net_common.o(i.net_strcpy)
    net_sys_error                            0x08009443   Thumb Code     2  net_config.o(i.net_sys_error)
    net_sys_lock                             0x08009445   Thumb Code    12  net_sys.o(i.net_sys_lock)
    net_sys_unlock                           0x08009469   Thumb Code     8  net_sys.o(i.net_sys_unlock)
    net_sys_wakeup                           0x08009475   Thumb Code    24  net_sys.o(i.net_sys_wakeup)
    net_tcp_abort                            0x08009495   Thumb Code   120  net_tcp.o(i.net_tcp_abort)
    net_tcp_close                            0x08009561   Thumb Code   206  net_tcp.o(i.net_tcp_close)
    net_tcp_get_buf                          0x080096a1   Thumb Code    40  net_tcp.o(i.net_tcp_get_buf)
    net_tcp_get_mss                          0x080096e5   Thumb Code    34  net_tcp.o(i.net_tcp_get_mss)
    net_tcp_get_socket                       0x0800970d   Thumb Code    96  net_tcp.o(i.net_tcp_get_socket)
    net_tcp_get_state                        0x080097c5   Thumb Code    40  net_tcp.o(i.net_tcp_get_state)
    net_tcp_listen                           0x080097f1   Thumb Code   150  net_tcp.o(i.net_tcp_listen)
    net_tcp_process                          0x08009905   Thumb Code  2254  net_tcp.o(i.net_tcp_process)
    net_tcp_send                             0x0800a419   Thumb Code   306  net_tcp.o(i.net_tcp_send)
    net_tcp_set_option                       0x0800a669   Thumb Code   260  net_tcp.o(i.net_tcp_set_option)
    net_tcp_socket_init                      0x0800a861   Thumb Code    40  net_tcp.o(i.net_tcp_socket_init)
    net_tcp_socket_run                       0x0800a8b1   Thumb Code   788  net_tcp.o(i.net_tcp_socket_run)
    net_udp_process                          0x0800ad51   Thumb Code     2  net_config.o(i.net_udp_process)
    osDelay                                  0x0800ad55   Thumb Code    18  rt_cmsis.o(i.osDelay)
    osKernelInitialize                       0x0800ad6d   Thumb Code    30  rt_cmsis.o(i.osKernelInitialize)
    osKernelStart                            0x0800ad91   Thumb Code    98  rt_cmsis.o(i.osKernelStart)
    osMessageGet                             0x0800adfd   Thumb Code    18  rt_cmsis.o(i.osMessageGet)
    osMutexCreate                            0x0800ae15   Thumb Code    38  rt_cmsis.o(i.osMutexCreate)
    osMutexRelease                           0x0800ae45   Thumb Code    18  rt_cmsis.o(i.osMutexRelease)
    osMutexWait                              0x0800ae5d   Thumb Code    18  rt_cmsis.o(i.osMutexWait)
    osSemaphoreCreate                        0x0800ae75   Thumb Code    38  rt_cmsis.o(i.osSemaphoreCreate)
    osSemaphoreRelease                       0x0800aea5   Thumb Code    18  rt_cmsis.o(i.osSemaphoreRelease)
    osSemaphoreWait                          0x0800aebd   Thumb Code    20  rt_cmsis.o(i.osSemaphoreWait)
    osSignalClear                            0x0800aed5   Thumb Code    20  rt_cmsis.o(i.osSignalClear)
    osSignalSet                              0x0800aeed   Thumb Code    18  rt_cmsis.o(i.osSignalSet)
    osSignalWait                             0x0800af05   Thumb Code    18  rt_cmsis.o(i.osSignalWait)
    osThreadCreate                           0x0800af1d   Thumb Code    38  rt_cmsis.o(i.osThreadCreate)
    osThreadExit                             0x0800af4d   Thumb Code    14  rt_cmsis.o(i.osThreadExit)
    osThreadTerminate                        0x0800af65   Thumb Code    18  rt_cmsis.o(i.osThreadTerminate)
    osThreadYield                            0x0800af7d   Thumb Code    18  rt_cmsis.o(i.osThreadYield)
    osTimerCall                              0x0800af95   Thumb Code     8  rt_cmsis.o(i.osTimerCall)
    osTimerCreate                            0x0800afa1   Thumb Code    44  rt_cmsis.o(i.osTimerCreate)
    osTimerStart                             0x0800afd5   Thumb Code    18  rt_cmsis.o(i.osTimerStart)
    osTimerThread                            0x0800afed   Thumb Code    38  rt_cmsis.o(i.osTimerThread)
    os_error                                 0x0800b019   Thumb Code    32  rtx_conf_cm.o(i.os_error)
    os_idle_demon                            0x0800b039   Thumb Code     4  rtx_conf_cm.o(i.os_idle_demon)
    os_tick_init                             0x0800b03d   Thumb Code    32  rt_system.o(i.os_tick_init)
    os_tick_irqack                           0x0800b065   Thumb Code     2  rt_system.o(i.os_tick_irqack)
    rt_alloc_box                             0x0800b167   Thumb Code    26  rt_membox.o(i.rt_alloc_box)
    rt_alloc_mem                             0x0800b181   Thumb Code    62  rt_memory.o(i.rt_alloc_mem)
    rt_block                                 0x0800b1c1   Thumb Code    48  rt_task.o(i.rt_block)
    rt_chk_robin                             0x0800b1f9   Thumb Code    60  rt_robin.o(i.rt_chk_robin)
    rt_dec_dly                               0x0800b241   Thumb Code   102  rt_list.o(i.rt_dec_dly)
    rt_dispatch                              0x0800b2b1   Thumb Code    60  rt_task.o(i.rt_dispatch)
    rt_dly_wait                              0x0800b2f5   Thumb Code     6  rt_time.o(i.rt_dly_wait)
    rt_evt_clr                               0x0800b2fd   Thumb Code    22  rt_event.o(i.rt_evt_clr)
    rt_evt_psh                               0x0800b319   Thumb Code    76  rt_event.o(i.rt_evt_psh)
    rt_evt_set                               0x0800b369   Thumb Code    88  rt_event.o(i.rt_evt_set)
    rt_evt_wait                              0x0800b3c5   Thumb Code    56  rt_event.o(i.rt_evt_wait)
    rt_free_box                              0x0800b401   Thumb Code    32  rt_membox.o(i.rt_free_box)
    rt_free_mem                              0x0800b421   Thumb Code    40  rt_memory.o(i.rt_free_mem)
    rt_get_first                             0x0800b449   Thumb Code    40  rt_list.o(i.rt_get_first)
    rt_get_same_rdy_prio                     0x0800b471   Thumb Code    26  rt_list.o(i.rt_get_same_rdy_prio)
    rt_init_mem                              0x0800b4e5   Thumb Code    26  rt_memory.o(i.rt_init_mem)
    rt_init_robin                            0x0800b501   Thumb Code    14  rt_robin.o(i.rt_init_robin)
    rt_init_stack                            0x0800b519   Thumb Code   118  hal_cm.o(i.rt_init_stack)
    rt_mbx_check                             0x0800b599   Thumb Code     8  rt_mailbox.o(i.rt_mbx_check)
    rt_mbx_init                              0x0800b5a1   Thumb Code    26  rt_mailbox.o(i.rt_mbx_init)
    rt_mbx_psh                               0x0800b5bd   Thumb Code   236  rt_mailbox.o(i.rt_mbx_psh)
    rt_mbx_wait                              0x0800b6ad   Thumb Code   174  rt_mailbox.o(i.rt_mbx_wait)
    rt_mut_init                              0x0800b79d   Thumb Code    16  rt_mutex.o(i.rt_mut_init)
    rt_mut_release                           0x0800b7ad   Thumb Code   208  rt_mutex.o(i.rt_mut_release)
    rt_mut_wait                              0x0800b885   Thumb Code   100  rt_mutex.o(i.rt_mut_wait)
    rt_pop_req                               0x0800b8ed   Thumb Code   112  rt_system.o(i.rt_pop_req)
    rt_psh_req                               0x0800b969   Thumb Code    22  rt_system.o(i.rt_psh_req)
    rt_psq_enq                               0x0800b989   Thumb Code    88  rt_list.o(i.rt_psq_enq)
    rt_put_dly                               0x0800b9e5   Thumb Code    68  rt_list.o(i.rt_put_dly)
    rt_put_prio                              0x0800ba2d   Thumb Code    54  rt_list.o(i.rt_put_prio)
    rt_put_rdy_first                         0x0800ba65   Thumb Code    14  rt_list.o(i.rt_put_rdy_first)
    rt_resort_prio                           0x0800ba79   Thumb Code    46  rt_list.o(i.rt_resort_prio)
    rt_ret_val                               0x0800baad   Thumb Code     6  hal_cm.o(i.rt_ret_val)
    rt_ret_val2                              0x0800bab3   Thumb Code     8  hal_cm.o(i.rt_ret_val2)
    rt_rmv_dly                               0x0800babb   Thumb Code    40  rt_list.o(i.rt_rmv_dly)
    rt_rmv_list                              0x0800bae5   Thumb Code    44  rt_list.o(i.rt_rmv_list)
    rt_sem_init                              0x0800bb15   Thumb Code    12  rt_semaphore.o(i.rt_sem_init)
    rt_sem_psh                               0x0800bb21   Thumb Code    48  rt_semaphore.o(i.rt_sem_psh)
    rt_sem_send                              0x0800bb55   Thumb Code    42  rt_semaphore.o(i.rt_sem_send)
    rt_sem_wait                              0x0800bb81   Thumb Code    58  rt_semaphore.o(i.rt_sem_wait)
    rt_stk_check                             0x0800bbc1   Thumb Code    28  rt_system.o(i.rt_stk_check)
    rt_switch_req                            0x0800bbe5   Thumb Code    30  rt_task.o(i.rt_switch_req)
    rt_sys_init                              0x0800bc0d   Thumb Code   138  rt_task.o(i.rt_sys_init)
    rt_sys_start                             0x0800bcd9   Thumb Code   110  rt_task.o(i.rt_sys_start)
    rt_systick                               0x0800bd51   Thumb Code    50  rt_system.o(i.rt_systick)
    rt_tsk_create                            0x0800be15   Thumb Code   112  rt_task.o(i.rt_tsk_create)
    rt_tsk_delete                            0x0800be95   Thumb Code   342  rt_task.o(i.rt_tsk_delete)
    rt_tsk_pass                              0x0800c009   Thumb Code    38  rt_task.o(i.rt_tsk_pass)
    rt_tsk_prio                              0x0800c039   Thumb Code   108  rt_task.o(i.rt_tsk_prio)
    rt_tsk_self                              0x0800c0b5   Thumb Code    12  rt_task.o(i.rt_tsk_self)
    save_display_para_to_flash               0x0800c0c5   Thumb Code   680  http_server_cgi.o(i.save_display_para_to_flash)
    svcDelay                                 0x0800c589   Thumb Code    20  rt_cmsis.o(i.svcDelay)
    svcKernelInitialize                      0x0800c59d   Thumb Code    80  rt_cmsis.o(i.svcKernelInitialize)
    svcKernelStart                           0x0800c60d   Thumb Code    62  rt_cmsis.o(i.svcKernelStart)
    svcMessageCreate                         0x0800c655   Thumb Code    36  rt_cmsis.o(i.svcMessageCreate)
    svcMessageGet                            0x0800c679   Thumb Code    58  rt_cmsis.o(i.svcMessageGet)
    svcMutexCreate                           0x0800c6b3   Thumb Code    28  rt_cmsis.o(i.svcMutexCreate)
    svcMutexRelease                          0x0800c6cf   Thumb Code    34  rt_cmsis.o(i.svcMutexRelease)
    svcMutexWait                             0x0800c6f1   Thumb Code    54  rt_cmsis.o(i.svcMutexWait)
    svcSemaphoreCreate                       0x0800c727   Thumb Code    36  rt_cmsis.o(i.svcSemaphoreCreate)
    svcSemaphoreRelease                      0x0800c74b   Thumb Code    40  rt_cmsis.o(i.svcSemaphoreRelease)
    svcSemaphoreWait                         0x0800c773   Thumb Code    50  rt_cmsis.o(i.svcSemaphoreWait)
    svcSignalClear                           0x0800c7a5   Thumb Code    36  rt_cmsis.o(i.svcSignalClear)
    svcSignalSet                             0x0800c7c9   Thumb Code    36  rt_cmsis.o(i.svcSignalSet)
    svcSignalWait                            0x0800c7ed   Thumb Code    80  rt_cmsis.o(i.svcSignalWait)
    svcThreadCreate                          0x0800c841   Thumb Code   100  rt_cmsis.o(i.svcThreadCreate)
    svcThreadGetId                           0x0800c8b1   Thumb Code    22  rt_cmsis.o(i.svcThreadGetId)
    svcThreadTerminate                       0x0800c8cd   Thumb Code    50  rt_cmsis.o(i.svcThreadTerminate)
    svcThreadYield                           0x0800c905   Thumb Code    10  rt_cmsis.o(i.svcThreadYield)
    svcTimerCall                             0x0800c90f   Thumb Code    24  rt_cmsis.o(i.svcTimerCall)
    svcTimerCreate                           0x0800c929   Thumb Code    52  rt_cmsis.o(i.svcTimerCreate)
    svcTimerStart                            0x0800c961   Thumb Code    96  rt_cmsis.o(i.svcTimerStart)
    sysTimerTick                             0x0800c9c5   Thumb Code    84  rt_cmsis.o(i.sysTimerTick)
    imageLastModified                        0x0800d30c   Data           4  web.o(.constdata)
    ascii_Dot                                0x0801f47c   Data        1520  led_display.o(.constdata)
    os_thread_def_LED_Display                0x0801fa6c   Data          16  led_display.o(.constdata)
    os_thread_def_check_Display              0x0801fa7c   Data          16  led_display.o(.constdata)
    os_maxtaskrun                            0x0801fa8c   Data           2  rtx_conf_cm.o(.constdata)
    os_stackinfo                             0x0801fa90   Data           4  rtx_conf_cm.o(.constdata)
    os_rrobin                                0x0801fa94   Data           4  rtx_conf_cm.o(.constdata)
    os_tickfreq                              0x0801fa98   Data           4  rtx_conf_cm.o(.constdata)
    os_tickus_i                              0x0801fa9c   Data           2  rtx_conf_cm.o(.constdata)
    os_tickus_f                              0x0801fa9e   Data           2  rtx_conf_cm.o(.constdata)
    os_trv                                   0x0801faa0   Data           4  rtx_conf_cm.o(.constdata)
    os_flags                                 0x0801faa4   Data           1  rtx_conf_cm.o(.constdata)
    CMSIS_RTOS_API_Version                   0x0801faa8   Data           4  rtx_conf_cm.o(.constdata)
    CMSIS_RTOS_RTX_Version                   0x0801faac   Data           4  rtx_conf_cm.o(.constdata)
    os_clockrate                             0x0801fab0   Data           4  rtx_conf_cm.o(.constdata)
    os_timernum                              0x0801fab4   Data           4  rtx_conf_cm.o(.constdata)
    mp_tcb_size                              0x0801fab8   Data           2  rtx_conf_cm.o(.constdata)
    mp_stk_size                              0x0801fabc   Data           4  rtx_conf_cm.o(.constdata)
    os_stack_sz                              0x0801fac0   Data           4  rtx_conf_cm.o(.constdata)
    os_fifo_size                             0x0801fac4   Data           1  rtx_conf_cm.o(.constdata)
    os_thread_def_osTimerThread              0x0801fac8   Data          16  rtx_conf_cm.o(.constdata)
    os_messageQ_def_osTimerMessageQ          0x0801fad8   Data           8  rtx_conf_cm.o(.constdata)
    mp_tmr_size                              0x0801fae0   Data           2  rtx_conf_cm.o(.constdata)
    Driver_USART1                            0x0801fbc0   Data          56  usart_stm32f10x.o(.constdata)
    Driver_USART2                            0x0801fbf8   Data          56  usart_stm32f10x.o(.constdata)
    Driver_USART3                            0x0801fc30   Data          56  usart_stm32f10x.o(.constdata)
    os_mutex_def_net_lock                    0x0801fc78   Data           4  net_config.o(.constdata)
    os_mutex_def_mem_lock                    0x0801fc7c   Data           4  net_config.o(.constdata)
    net_sys_config                           0x0801fc80   Data          32  net_config.o(.constdata)
    os_semaphore_def_slip_lock               0x0801fcb0   Data           4  net_config.o(.constdata)
    net_slip_config                          0x0801fcb4   Data          40  net_config.o(.constdata)
    net_localm                               0x0801fcdc   Data          12  net_config.o(.constdata)
    net_localm6                              0x0801fce8   Data          12  net_config.o(.constdata)
    net_tcp_config                           0x0801fcf4   Data          20  net_config.o(.constdata)
    net_http_config                          0x0801fd08   Data          40  net_config.o(.constdata)
    net_sys_func                             0x0801fd30   Data          48  net_config.o(.constdata)
    Driver_MODEM                             0x0801fd60   Data          28  modem_null.o(.constdata)
    net_ping_payload                         0x0801feba   Data          18  net_ping.o(.constdata)
    os_timer_def_net_tick                    0x0801fecc   Data           8  net_sys.o(.constdata)
    net_addr4_bcast                          0x0801ff82   Data           4  net_ip4.o(.constdata)
    net_addr4_loopback                       0x0801ff86   Data           4  net_ip4.o(.constdata)
    net_http_error                           0x0801ffbc   Data          24  net_http_server_err.o(.constdata)
    __ctype_table                            0x0801ffd4   Data         129  ctype_o.o(.constdata)
    Region$$Table$$Base                      0x08020480   Number         0  anon$$obj.o(Region$$Table)
    Region$$Table$$Limit                     0x080204a0   Number         0  anon$$obj.o(Region$$Table)
    current_area                             0x20000000   Data           1  http_server_cgi.o(.data)
    LEDrun                                   0x20000008   Data           1  main.o(.data)
    LED_display_thread_id                    0x2000000c   Data           4  led_display.o(.data)
    power_on                                 0x20000010   Data           1  led_display.o(.data)
    check_on                                 0x20000011   Data           1  led_display.o(.data)
    screen                                   0x20000012   Data           8  led_display.o(.data)
    max_len                                  0x2000001a   Data           1  led_display.o(.data)
    osThreadId_osTimerThread                 0x20000020   Data           4  rtx_conf_cm.o(.data)
    osMessageQId_osTimerMessageQ             0x20000024   Data           4  rtx_conf_cm.o(.data)
    os_tmr                                   0x20000028   Data           4  rtx_conf_cm.o(.data)
    m_tmr                                    0x2000002c   Data           4  rtx_conf_cm.o(.data)
    os_thread_def_main                       0x20000030   Data          16  rtx_conf_cm.o(.data)
    os_initialized                           0x20000050   Data           1  rt_cmsis.o(.data)
    os_running                               0x20000051   Data           1  rt_cmsis.o(.data)
    os_timer_head                            0x20000054   Data           4  rt_cmsis.o(.data)
    os_tsk                                   0x20000088   Data           8  rt_task.o(.data)
    os_tick_irqn                             0x20000094   Data           4  rt_system.o(.data)
    os_time                                  0x20000098   Data           4  rt_time.o(.data)
    dbg_msg                                  0x2000009c   Data           1  hal_cm.o(.data)
    os_robin                                 0x200000a8   Data           8  rt_robin.o(.data)
    __stdout                                 0x200000b4   Data           4  stdout.o(.data)
    area                                     0x200000bc   Data         126  led_display.o(.bss)
    screen_dot_red                           0x2000013a   Data         256  led_display.o(.bss)
    screen_dot_green                         0x2000023a   Data         256  led_display.o(.bss)
    current_row_dot                          0x2000033a   Data          30  led_display.o(.bss)
    mp_tcb                                   0x20000358   Data         584  rtx_conf_cm.o(.bss)
    mp_stk                                   0x200005a0   Data        4016  rtx_conf_cm.o(.bss)
    os_stack_mem                             0x20001550   Data        2832  rtx_conf_cm.o(.bss)
    os_fifo                                  0x20002060   Data         132  rtx_conf_cm.o(.bss)
    os_active_TCB                            0x200020e4   Data          44  rtx_conf_cm.o(.bss)
    os_messageQ_q_osTimerMessageQ            0x20002110   Data          32  rtx_conf_cm.o(.bss)
    net_ping_control                         0x200055a4   Data          32  net_ping.o(.bss)
    net_sys_control                          0x200055c4   Data          48  net_sys.o(.bss)
    os_timer_cb_net_tick                     0x200055f4   Data          24  net_sys.o(.bss)
    os_idle_TCB                              0x2000560c   Data          52  rt_task.o(.bss)
    os_rdy                                   0x20005640   Data          24  rt_list.o(.bss)
    os_dly                                   0x20005658   Data          24  rt_list.o(.bss)
    __initial_sp                             0x20005c30   Data           0  startup_stm32f10x_cl.o(STACK)



==============================================================================

Memory Map of the image

  Image Entry point : 0x08000151

  Load Region LR_IROM1 (Base: 0x08000000, Size: 0x0002055c, Max: 0x00040000, ABSOLUTE)

    Execution Region ER_IROM1 (Base: 0x08000000, Size: 0x000204a0, Max: 0x00040000, ABSOLUTE)

    Base Addr    Size         Type   Attr      Idx    E Section Name        Object

    0x08000000   0x00000150   Data   RO         2390    RESET               startup_stm32f10x_cl.o
    0x08000150   0x00000000   Code   RO         4437  * .ARM.Collect$$$$00000000  mc_w.l(entry.o)
    0x08000150   0x00000004   Code   RO         4731    .ARM.Collect$$$$00000001  mc_w.l(entry2.o)
    0x08000154   0x00000004   Code   RO         4734    .ARM.Collect$$$$00000004  mc_w.l(entry5.o)
    0x08000158   0x00000000   Code   RO         4736    .ARM.Collect$$$$00000008  mc_w.l(entry7b.o)
    0x08000158   0x00000000   Code   RO         4738    .ARM.Collect$$$$0000000A  mc_w.l(entry8b.o)
    0x08000158   0x00000000   Code   RO         4739    .ARM.Collect$$$$0000000D  mc_w.l(entry10a.o)
    0x08000158   0x00000000   Code   RO         4741    .ARM.Collect$$$$0000000F  mc_w.l(entry11a.o)
    0x08000158   0x00000018   Code   RO          719    .ARM.Collect$$$$000000FF  rtx_conf_cm.o
    0x08000170   0x00000004   Code   RO         4732    .ARM.Collect$$$$00002712  mc_w.l(entry2.o)
    0x08000174   0x00000008   Code   RO         3619    .emb_text           Net4_Dbg_CM3_L.lib(net_sys.o)
    0x0800017c   0x00000130   Code   RO         4424    .emb_text           RTX_CM3.lib(hal_cm3.o)
    0x080002ac   0x00000024   Code   RO         2391    .text               startup_stm32f10x_cl.o
    0x080002d0   0x00000062   Code   RO         4440    .text               mc_w.l(uldiv.o)
    0x08000332   0x00000024   Code   RO         4442    .text               mc_w.l(memcpya.o)
    0x08000356   0x00000024   Code   RO         4444    .text               mc_w.l(memseta.o)
    0x0800037a   0x0000000e   Code   RO         4446    .text               mc_w.l(strlen.o)
    0x08000388   0x0000001c   Code   RO         4448    .text               mc_w.l(strcmp.o)
    0x080003a4   0x0000001a   Code   RO         4450    .text               mc_w.l(memcmp.o)
    0x080003be   0x00000012   Code   RO         4452    .text               mc_w.l(strcpy.o)
    0x080003d0   0x0000001e   Code   RO         4454    .text               mc_w.l(strncmp.o)
    0x080003ee   0x00000002   PAD
    0x080003f0   0x00000044   Code   RO         4456    .text               mc_w.l(strtok.o)
    0x08000434   0x00000038   Code   RO         4725    .text               mc_w.l(__0sscanf.o)
    0x0800046c   0x0000014c   Code   RO         4727    .text               mc_w.l(_scanf_int.o)
    0x080005b8   0x0000001a   Code   RO         4729    .text               mc_w.l(atoi.o)
    0x080005d2   0x0000002c   Code   RO         4744    .text               mc_w.l(uidiv.o)
    0x080005fe   0x0000001e   Code   RO         4746    .text               mc_w.l(llshl.o)
    0x0800061c   0x00000020   Code   RO         4748    .text               mc_w.l(llushr.o)
    0x0800063c   0x0000001c   Code   RO         4757    .text               mc_w.l(_chval.o)
    0x08000658   0x00000028   Code   RO         4759    .text               mc_w.l(scanf_char.o)
    0x08000680   0x00000040   Code   RO         4761    .text               mc_w.l(_sgetc.o)
    0x080006c0   0x00000070   Code   RO         4763    .text               mc_w.l(strtol.o)
    0x08000730   0x00000000   Code   RO         4765    .text               mc_w.l(iusefp.o)
    0x08000730   0x0000014e   Code   RO         4766    .text               mf_w.l(dadd.o)
    0x0800087e   0x000000e4   Code   RO         4768    .text               mf_w.l(dmul.o)
    0x08000962   0x000000de   Code   RO         4770    .text               mf_w.l(ddiv.o)
    0x08000a40   0x00000030   Code   RO         4772    .text               mf_w.l(dfixul.o)
    0x08000a70   0x00000030   Code   RO         4774    .text               mf_w.l(cdrcmple.o)
    0x08000aa0   0x00000024   Code   RO         4776    .text               mc_w.l(init.o)
    0x08000ac4   0x00000024   Code   RO         4778    .text               mc_w.l(llsshr.o)
    0x08000ae8   0x00000008   Code   RO         4782    .text               mc_w.l(ctype_o.o)
    0x08000af0   0x00000012   Code   RO         4804    .text               mc_w.l(isspace_o.o)
    0x08000b02   0x00000002   PAD
    0x08000b04   0x0000032c   Code   RO         4810    .text               mc_w.l(_scanf.o)
    0x08000e30   0x0000009e   Code   RO         4812    .text               mc_w.l(_strtoul.o)
    0x08000ece   0x000000ba   Code   RO         4814    .text               mf_w.l(depilogue.o)
    0x08000f88   0x00000004   Code   RO         4434    SVC_TABLE           RTX_CM3.lib(svc_table.o)
    0x08000f8c   0x00000002   Code   RO         2142    i.DMA1_Channel1_Event  dma_stm32f10x.o
    0x08000f8e   0x00000002   PAD
    0x08000f90   0x0000001c   Code   RO         2143    i.DMA1_Channel1_IRQHandler  dma_stm32f10x.o
    0x08000fac   0x00000002   Code   RO         2144    i.DMA1_Channel2_Event  dma_stm32f10x.o
    0x08000fae   0x00000002   PAD
    0x08000fb0   0x0000001c   Code   RO         2145    i.DMA1_Channel2_IRQHandler  dma_stm32f10x.o
    0x08000fcc   0x00000002   Code   RO         2146    i.DMA1_Channel3_Event  dma_stm32f10x.o
    0x08000fce   0x00000002   PAD
    0x08000fd0   0x0000001c   Code   RO         2147    i.DMA1_Channel3_IRQHandler  dma_stm32f10x.o
    0x08000fec   0x00000002   Code   RO         2148    i.DMA1_Channel4_Event  dma_stm32f10x.o
    0x08000fee   0x00000002   PAD
    0x08000ff0   0x0000001c   Code   RO         2149    i.DMA1_Channel4_IRQHandler  dma_stm32f10x.o
    0x0800100c   0x00000002   Code   RO         2150    i.DMA1_Channel5_Event  dma_stm32f10x.o
    0x0800100e   0x00000002   PAD
    0x08001010   0x0000001c   Code   RO         2151    i.DMA1_Channel5_IRQHandler  dma_stm32f10x.o
    0x0800102c   0x00000002   Code   RO         2152    i.DMA1_Channel6_Event  dma_stm32f10x.o
    0x0800102e   0x00000002   PAD
    0x08001030   0x0000001c   Code   RO         2153    i.DMA1_Channel6_IRQHandler  dma_stm32f10x.o
    0x0800104c   0x00000002   Code   RO         2154    i.DMA1_Channel7_Event  dma_stm32f10x.o
    0x0800104e   0x00000002   PAD
    0x08001050   0x0000001c   Code   RO         2155    i.DMA1_Channel7_IRQHandler  dma_stm32f10x.o
    0x0800106c   0x00000002   Code   RO         2156    i.DMA2_Channel1_Event  dma_stm32f10x.o
    0x0800106e   0x00000002   PAD
    0x08001070   0x0000001c   Code   RO         2157    i.DMA2_Channel1_IRQHandler  dma_stm32f10x.o
    0x0800108c   0x00000002   Code   RO         2158    i.DMA2_Channel2_Event  dma_stm32f10x.o
    0x0800108e   0x00000002   PAD
    0x08001090   0x00000020   Code   RO         2159    i.DMA2_Channel2_IRQHandler  dma_stm32f10x.o
    0x080010b0   0x00000002   Code   RO         2160    i.DMA2_Channel3_Event  dma_stm32f10x.o
    0x080010b2   0x00000002   PAD
    0x080010b4   0x00000020   Code   RO         2161    i.DMA2_Channel3_IRQHandler  dma_stm32f10x.o
    0x080010d4   0x00000002   Code   RO         2164    i.DMA2_Channel5_Event  dma_stm32f10x.o
    0x080010d6   0x00000002   PAD
    0x080010d8   0x00000020   Code   RO         2165    i.DMA2_Channel5_IRQHandler  dma_stm32f10x.o
    0x080010f8   0x0000004c   Code   RO         2648    i.Dial              modem_null.o
    0x08001144   0x00000044   Code   RO          143    i.ESP8266_GPIO_Config  esp8266.o
    0x08001188   0x00000020   Code   RO          144    i.ESP8266_init      esp8266.o
    0x080011a8   0x000000d0   Code   RO          534    i.FLASH_SPI_initialize  flash_spi.o
    0x08001278   0x00000058   Code   RO         2346    i.GPIO_AFConfigure  gpio_stm32f10x.o
    0x080012d0   0x00000098   Code   RO         2347    i.GPIO_GetPortClockState  gpio_stm32f10x.o
    0x08001368   0x00000116   Code   RO         1234    i.GPIO_Init         stm32f10x_gpio.o
    0x0800147e   0x00000078   Code   RO         2348    i.GPIO_PinConfigure  gpio_stm32f10x.o
    0x080014f6   0x00000002   PAD
    0x080014f8   0x0000013c   Code   RO         2349    i.GPIO_PortClock    gpio_stm32f10x.o
    0x08001634   0x00000004   Code   RO         1241    i.GPIO_ResetBits    stm32f10x_gpio.o
    0x08001638   0x00000004   Code   RO         1242    i.GPIO_SetBits      stm32f10x_gpio.o
    0x0800163c   0x0000003c   Code   RO          535    i.GetGBKCode_from_EXFlash  flash_spi.o
    0x08001678   0x0000002c   Code   RO         2649    i.Hangup            modem_null.o
    0x080016a4   0x0000001c   Code   RO         2650    i.Initialize        modem_null.o
    0x080016c0   0x00000014   Code   RO         2651    i.IsOnline          modem_null.o
    0x080016d4   0x00000360   Code   RO          443    i.LED_Display       led_display.o
    0x08001a34   0x00000268   Code   RO          444    i.LED_display_init  led_display.o
    0x08001c9c   0x00000028   Code   RO          445    i.LED_display_power_off  led_display.o
    0x08001cc4   0x00000030   Code   RO          446    i.LED_display_start  led_display.o
    0x08001cf4   0x00000038   Code   RO         2652    i.Listen            modem_null.o
    0x08001d2c   0x00000094   Code   RO         2653    i.Notify            modem_null.o
    0x08001dc0   0x0000000c   Code   RO         1354    i.PWR_BackupAccessCmd  stm32f10x_pwr.o
    0x08001dcc   0x000000b4   Code   RO          338    i.Port_08_12_Comm_GPIO_Config  port_08_12.o
    0x08001e80   0x0000002c   Code   RO          339    i.Port_08_12_GPIO_Config  port_08_12.o
    0x08001eac   0x00000074   Code   RO          340    i.Port_08_1_GPIO_Config  port_08_12.o
    0x08001f20   0x00000074   Code   RO          341    i.Port_08_2_GPIO_Config  port_08_12.o
    0x08001f94   0x00000048   Code   RO          342    i.Port_12_1_GPIO_Config  port_08_12.o
    0x08001fdc   0x00000048   Code   RO          343    i.Port_12_2_GPIO_Config  port_08_12.o
    0x08002024   0x00000044   Code   RO          344    i.Port_12_3_GPIO_Config  port_08_12.o
    0x08002068   0x00000044   Code   RO          345    i.Port_12_4_GPIO_Config  port_08_12.o
    0x080020ac   0x00000020   Code   RO         1429    i.RCC_APB1PeriphClockCmd  stm32f10x_rcc.o
    0x080020cc   0x00000020   Code   RO         1431    i.RCC_APB2PeriphClockCmd  stm32f10x_rcc.o
    0x080020ec   0x00000014   Code   RO         1694    i.RTC_EnterConfigMode  stm32f10x_rtc.o
    0x08002100   0x00000014   Code   RO         1695    i.RTC_ExitConfigMode  stm32f10x_rtc.o
    0x08002114   0x0000001c   Code   RO         1702    i.RTC_SetCounter    stm32f10x_rtc.o
    0x08002130   0x00000014   Code   RO         1704    i.RTC_WaitForLastTask  stm32f10x_rtc.o
    0x08002144   0x00000018   Code   RO         1799    i.SPI_Cmd           stm32f10x_spi.o
    0x0800215c   0x00000050   Code   RO          536    i.SPI_FLASH_BufferRead  flash_spi.o
    0x080021ac   0x00000122   Code   RO          537    i.SPI_FLASH_BufferWrite  flash_spi.o
    0x080022ce   0x00000002   PAD
    0x080022d0   0x00000060   Code   RO          539    i.SPI_FLASH_PageWrite  flash_spi.o
    0x08002330   0x00000050   Code   RO          542    i.SPI_FLASH_ReadID  flash_spi.o
    0x08002380   0x00000044   Code   RO          543    i.SPI_FLASH_SectorErase  flash_spi.o
    0x080023c4   0x00000074   Code   RO          544    i.SPI_FLASH_SendByte  flash_spi.o
    0x08002438   0x00000054   Code   RO          547    i.SPI_FLASH_WaitForWriteEnd  flash_spi.o
    0x0800248c   0x00000020   Code   RO          548    i.SPI_FLASH_WriteEnable  flash_spi.o
    0x080024ac   0x00000012   Code   RO         1807    i.SPI_I2S_GetFlagStatus  stm32f10x_spi.o
    0x080024be   0x00000006   Code   RO         1810    i.SPI_I2S_ReceiveData  stm32f10x_spi.o
    0x080024c4   0x00000004   Code   RO         1811    i.SPI_I2S_SendData  stm32f10x_spi.o
    0x080024c8   0x0000003c   Code   RO         1812    i.SPI_Init          stm32f10x_spi.o
    0x08002504   0x00000034   Code   RO          551    i.SPI_TIMEOUT_UserCallback  flash_spi.o
    0x08002538   0x00000008   Code   RO         2398    i.SetSysClock       system_stm32f10x.o
    0x08002540   0x00000118   Code   RO         2399    i.SetSysClockTo72   system_stm32f10x.o
    0x08002658   0x0000006c   Code   RO         2401    i.SystemInit        system_stm32f10x.o
    0x080026c4   0x0000002a   Code   RO          668    i.Time_Adjust       rtc.o
    0x080026ee   0x00000002   PAD
    0x080026f0   0x00000018   Code   RO          757    i.USART1_Control    usart_stm32f10x.o
    0x08002708   0x00000010   Code   RO          758    i.USART1_GetCapabilities  usart_stm32f10x.o
    0x08002718   0x00000010   Code   RO          759    i.USART1_GetModemStatus  usart_stm32f10x.o
    0x08002728   0x00000010   Code   RO          760    i.USART1_GetRxCount  usart_stm32f10x.o
    0x08002738   0x00000010   Code   RO          761    i.USART1_GetStatus  usart_stm32f10x.o
    0x08002748   0x00000010   Code   RO          762    i.USART1_GetTxCount  usart_stm32f10x.o
    0x08002758   0x00000010   Code   RO          763    i.USART1_IRQHandler  usart_stm32f10x.o
    0x08002768   0x00000014   Code   RO          764    i.USART1_Initialize  usart_stm32f10x.o
    0x0800277c   0x00000014   Code   RO          765    i.USART1_PowerControl  usart_stm32f10x.o
    0x08002790   0x00000018   Code   RO          766    i.USART1_Receive    usart_stm32f10x.o
    0x080027a8   0x00000018   Code   RO          767    i.USART1_Send       usart_stm32f10x.o
    0x080027c0   0x00000014   Code   RO          768    i.USART1_SetModemControl  usart_stm32f10x.o
    0x080027d4   0x0000001c   Code   RO          769    i.USART1_Transfer   usart_stm32f10x.o
    0x080027f0   0x00000010   Code   RO          770    i.USART1_Uninitialize  usart_stm32f10x.o
    0x08002800   0x00000018   Code   RO          771    i.USART2_Control    usart_stm32f10x.o
    0x08002818   0x00000010   Code   RO          772    i.USART2_GetCapabilities  usart_stm32f10x.o
    0x08002828   0x00000010   Code   RO          773    i.USART2_GetModemStatus  usart_stm32f10x.o
    0x08002838   0x00000010   Code   RO          774    i.USART2_GetRxCount  usart_stm32f10x.o
    0x08002848   0x00000010   Code   RO          775    i.USART2_GetStatus  usart_stm32f10x.o
    0x08002858   0x00000010   Code   RO          776    i.USART2_GetTxCount  usart_stm32f10x.o
    0x08002868   0x00000010   Code   RO          777    i.USART2_IRQHandler  usart_stm32f10x.o
    0x08002878   0x00000014   Code   RO          778    i.USART2_Initialize  usart_stm32f10x.o
    0x0800288c   0x00000014   Code   RO          779    i.USART2_PowerControl  usart_stm32f10x.o
    0x080028a0   0x00000018   Code   RO          780    i.USART2_Receive    usart_stm32f10x.o
    0x080028b8   0x00000018   Code   RO          781    i.USART2_Send       usart_stm32f10x.o
    0x080028d0   0x00000014   Code   RO          782    i.USART2_SetModemControl  usart_stm32f10x.o
    0x080028e4   0x0000001c   Code   RO          783    i.USART2_Transfer   usart_stm32f10x.o
    0x08002900   0x00000010   Code   RO          784    i.USART2_Uninitialize  usart_stm32f10x.o
    0x08002910   0x00000018   Code   RO          785    i.USART3_Control    usart_stm32f10x.o
    0x08002928   0x00000010   Code   RO          786    i.USART3_GetCapabilities  usart_stm32f10x.o
    0x08002938   0x00000010   Code   RO          787    i.USART3_GetModemStatus  usart_stm32f10x.o
    0x08002948   0x00000010   Code   RO          788    i.USART3_GetRxCount  usart_stm32f10x.o
    0x08002958   0x00000010   Code   RO          789    i.USART3_GetStatus  usart_stm32f10x.o
    0x08002968   0x00000010   Code   RO          790    i.USART3_GetTxCount  usart_stm32f10x.o
    0x08002978   0x00000010   Code   RO          791    i.USART3_IRQHandler  usart_stm32f10x.o
    0x08002988   0x00000014   Code   RO          792    i.USART3_Initialize  usart_stm32f10x.o
    0x0800299c   0x00000014   Code   RO          793    i.USART3_PowerControl  usart_stm32f10x.o
    0x080029b0   0x00000018   Code   RO          794    i.USART3_Receive    usart_stm32f10x.o
    0x080029c8   0x00000018   Code   RO          795    i.USART3_Send       usart_stm32f10x.o
    0x080029e0   0x00000014   Code   RO          796    i.USART3_SetModemControl  usart_stm32f10x.o
    0x080029f4   0x0000001c   Code   RO          797    i.USART3_Transfer   usart_stm32f10x.o
    0x08002a10   0x00000010   Code   RO          798    i.USART3_Uninitialize  usart_stm32f10x.o
    0x08002a20   0x00000800   Code   RO          799    i.USART_Control     usart_stm32f10x.o
    0x08003220   0x00000006   Code   RO          800    i.USART_GetCapabilities  usart_stm32f10x.o
    0x08003226   0x0000001a   Code   RO         1957    i.USART_GetFlagStatus  stm32f10x_usart.o
    0x08003240   0x0000005e   Code   RO          801    i.USART_GetModemStatus  usart_stm32f10x.o
    0x0800329e   0x00000008   Code   RO          802    i.USART_GetRxCount  usart_stm32f10x.o
    0x080032a6   0x00000076   Code   RO          803    i.USART_GetStatus   usart_stm32f10x.o
    0x0800331c   0x00000008   Code   RO          804    i.USART_GetTxCount  usart_stm32f10x.o
    0x08003324   0x0000025a   Code   RO          805    i.USART_IRQHandler  usart_stm32f10x.o
    0x0800357e   0x000000a2   Code   RO          806    i.USART_Initialize  usart_stm32f10x.o
    0x08003620   0x000003d8   Code   RO          807    i.USART_PowerControl  usart_stm32f10x.o
    0x080039f8   0x000000a2   Code   RO          808    i.USART_Receive     usart_stm32f10x.o
    0x08003a9a   0x00000088   Code   RO          809    i.USART_Send        usart_stm32f10x.o
    0x08003b22   0x00000008   Code   RO         1971    i.USART_SendData    stm32f10x_usart.o
    0x08003b2a   0x00000094   Code   RO          810    i.USART_SetModemControl  usart_stm32f10x.o
    0x08003bbe   0x0000006a   Code   RO          811    i.USART_Transfer    usart_stm32f10x.o
    0x08003c28   0x0000006c   Code   RO          812    i.USART_Uninitialize  usart_stm32f10x.o
    0x08003c94   0x00000010   Code   RO          813    i.USARTx_GetVersion  usart_stm32f10x.o
    0x08003ca4   0x0000000c   Code   RO         2654    i.Uninitialize      modem_null.o
    0x08003cb0   0x00000020   Code   RO         4671    i.__0printf$8       mc_w.l(printf8.o)
    0x08003cd0   0x00000028   Code   RO         4673    i.__0sprintf$8      mc_w.l(printf8.o)
    0x08003cf8   0x00000010   Code   RO         4701    i.__0vprintf        mc_w.l(printfa.o)
    0x08003d08   0x00000008   Code   RO         4750    i.__aeabi_errno_addr  mc_w.l(errno.o)
    0x08003d10   0x0000000e   Code   RO         4820    i.__scatterload_copy  mc_w.l(handlers.o)
    0x08003d1e   0x00000002   Code   RO         4821    i.__scatterload_null  mc_w.l(handlers.o)
    0x08003d20   0x0000000e   Code   RO         4822    i.__scatterload_zeroinit  mc_w.l(handlers.o)
    0x08003d2e   0x00000002   PAD
    0x08003d30   0x00000164   Code   RO         4704    i._fp_digits        mc_w.l(printfa.o)
    0x08003e94   0x00000046   Code   RO         4108    i._init_box         RTX_CM3.lib(rt_membox.o)
    0x08003eda   0x00000002   PAD
    0x08003edc   0x00000410   Code   RO         4678    i._printf_core      mc_w.l(printf8.o)
    0x080042ec   0x000006dc   Code   RO         4705    i._printf_core      mc_w.l(printfa.o)
    0x080049c8   0x00000024   Code   RO         4679    i._printf_post_padding  mc_w.l(printf8.o)
    0x080049ec   0x00000024   Code   RO         4706    i._printf_post_padding  mc_w.l(printfa.o)
    0x08004a10   0x0000002e   Code   RO         4680    i._printf_pre_padding  mc_w.l(printf8.o)
    0x08004a3e   0x0000002e   Code   RO         4707    i._printf_pre_padding  mc_w.l(printfa.o)
    0x08004a6c   0x0000000a   Code   RO         4682    i._sputc            mc_w.l(printf8.o)
    0x08004a76   0x00000002   PAD
    0x08004a78   0x00000034   Code   RO         3487    i.add_server_id     Net4_Dbg_CM3_L.lib(net_http_server.o)
    0x08004aac   0x00000048   Code   RO          447    i.buffer_to_display  led_display.o
    0x08004af4   0x00000008   Code   RO          448    i.check_Display     led_display.o
    0x08004afc   0x000000c8   Code   RO          449    i.check_screen      led_display.o
    0x08004bc4   0x00000188   Code   RO         3488    i.chk_post_req      Net4_Dbg_CM3_L.lib(net_http_server.o)
    0x08004d4c   0x0000001e   Code   RO         3489    i.cmp_fname_ext     Net4_Dbg_CM3_L.lib(net_http_server.o)
    0x08004d6a   0x00000028   Code   RO         3490    i.cmp_header        Net4_Dbg_CM3_L.lib(net_http_server.o)
    0x08004d92   0x00000002   PAD
    0x08004d94   0x0000002c   Code   RO         4253    i.com_notify        Net4_Dbg_CM3_L.lib(net_serial.o)
    0x08004dc0   0x00000024   Code   RO            1    i.crc32_8bit        web.o
    0x08004de4   0x00000030   Code   RO         4161    i.dbg_init          RTX_CM3.lib(hal_cm.o)
    0x08004e14   0x00000020   Code   RO         4162    i.dbg_task_notify   RTX_CM3.lib(hal_cm.o)
    0x08004e34   0x00000010   Code   RO         4163    i.dbg_task_switch   RTX_CM3.lib(hal_cm.o)
    0x08004e44   0x000000f4   Code   RO         3370    i.debug_inf2        Net4_Dbg_CM3_L.lib(net_tcp.o)
    0x08004f38   0x00000038   Code   RO         3354    i.debug_info        Net4_Dbg_CM3_L.lib(net_loop.o)
    0x08004f70   0x0000003c   Code   RO         3371    i.debug_info        Net4_Dbg_CM3_L.lib(net_tcp.o)
    0x08004fac   0x000000d8   Code   RO         4209    i.debug_info        Net4_Dbg_CM3_L.lib(net_ip4.o)
    0x08005084   0x000000d0   Code   RO         4239    i.debug_info        Net4_Dbg_CM3_L.lib(net_icmp.o)
    0x08005154   0x00000090   Code   RO          450    i.del_area          led_display.o
    0x080051e4   0x00000398   Code   RO          451    i.dispay_scan_4_up_to_down_1for16row  led_display.o
    0x0800557c   0x0000004e   Code   RO          452    i.fill_point        led_display.o
    0x080055ca   0x00000002   PAD
    0x080055cc   0x00000024   Code   RO          406    i.fputc             usart1.o
    0x080055f0   0x00000028   Code   RO         3491    i.get_next_field    Net4_Dbg_CM3_L.lib(net_http_server.o)
    0x08005618   0x00000032   Code   RO         3492    i.get_next_par      Net4_Dbg_CM3_L.lib(net_http_server.o)
    0x0800564a   0x00000012   Code   RO         3493    i.hex2byte          Net4_Dbg_CM3_L.lib(net_http_server.o)
    0x0800565c   0x0000033c   Code   RO         3494    i.http_add_header   Net4_Dbg_CM3_L.lib(net_http_server.o)
    0x08005998   0x000001b4   Code   RO         3495    i.http_error_msg    Net4_Dbg_CM3_L.lib(net_http_server.o)
    0x08005b4c   0x00000078   Code   RO         3496    i.http_get_ftype    Net4_Dbg_CM3_L.lib(net_http_server.o)
    0x08005bc4   0x0000005e   Code   RO         3497    i.http_kill_session  Net4_Dbg_CM3_L.lib(net_http_server.o)
    0x08005c22   0x00000002   PAD
    0x08005c24   0x000003cc   Code   RO         3498    i.http_listener     Net4_Dbg_CM3_L.lib(net_http_server.o)
    0x08005ff0   0x00000208   Code   RO         3499    i.http_open_file    Net4_Dbg_CM3_L.lib(net_http_server.o)
    0x080061f8   0x000001a0   Code   RO         3500    i.http_proc_header  Net4_Dbg_CM3_L.lib(net_http_server.o)
    0x08006398   0x00000230   Code   RO         3501    i.http_proc_multipart  Net4_Dbg_CM3_L.lib(net_http_server.o)
    0x080065c8   0x000001d8   Code   RO         3502    i.http_proc_post    Net4_Dbg_CM3_L.lib(net_http_server.o)
    0x080067a0   0x00000584   Code   RO         3503    i.http_server_run   Net4_Dbg_CM3_L.lib(net_http_server.o)
    0x08006d24   0x00000060   Code   RO         3504    i.http_server_start  Net4_Dbg_CM3_L.lib(net_http_server.o)
    0x08006d84   0x00000020   Code   RO         3505    i.http_strcpy       Net4_Dbg_CM3_L.lib(net_http_server.o)
    0x08006da4   0x000000a4   Code   RO         3506    i.http_to_utc       Net4_Dbg_CM3_L.lib(net_http_server.o)
    0x08006e48   0x00000064   Code   RO            2    i.imageFileInfo     web.o
    0x08006eac   0x0000000a   Code   RO         4210    i.ip4_get_chksum    Net4_Dbg_CM3_L.lib(net_ip4.o)
    0x08006eb6   0x00000002   PAD
    0x08006eb8   0x00000090   Code   RO         4211    i.ip4_get_route     Net4_Dbg_CM3_L.lib(net_ip4.o)
    0x08006f48   0x00000034   Code   RO         4356    i.ip4_ntoa          Net4_Dbg_CM3_L.lib(net_addr.o)
    0x08006f7c   0x0000002a   Code   RO         2696    i.isrMessageGet     RTX_CM3.lib(rt_cmsis.o)
    0x08006fa6   0x0000002c   Code   RO         2697    i.isrMessagePut     RTX_CM3.lib(rt_cmsis.o)
    0x08006fd2   0x00000028   Code   RO         2698    i.isrSemaphoreRelease  RTX_CM3.lib(rt_cmsis.o)
    0x08006ffa   0x00000024   Code   RO         2699    i.isrSignalSet      RTX_CM3.lib(rt_cmsis.o)
    0x0800701e   0x00000002   PAD
    0x08007020   0x00000028   Code   RO         3836    i.isr_evt_set       RTX_CM3.lib(rt_event.o)
    0x08007048   0x00000052   Code   RO         3954    i.isr_mbx_receive   RTX_CM3.lib(rt_mailbox.o)
    0x0800709a   0x0000000e   Code   RO         3955    i.isr_mbx_send      RTX_CM3.lib(rt_mailbox.o)
    0x080070a8   0x00000010   Code   RO         4002    i.isr_sem_send      RTX_CM3.lib(rt_semaphore.o)
    0x080070b8   0x00000060   Code   RO          287    i.main              main.o
    0x08007118   0x00000010   Code   RO         4305    i.mem_lock          Net4_Dbg_CM3_L.lib(net_mem.o)
    0x08007128   0x0000000c   Code   RO         4306    i.mem_unlock        Net4_Dbg_CM3_L.lib(net_mem.o)
    0x08007134   0x00000080   Code   RO          669    i.mktimev           rtc.o
    0x080071b4   0x00000050   Code   RO         4272    i.modem_request     Net4_Dbg_CM3_L.lib(net_modem_drv.o)
    0x08007204   0x00000014   Code   RO         4273    i.modem_send_cmd    Net4_Dbg_CM3_L.lib(net_modem_drv.o)
    0x08007218   0x00000004   Code   RO         3507    i.netCGI_Charset    Net4_Dbg_CM3_L.lib(net_http_server.o)
    0x0800721c   0x00000004   Code   RO         3508    i.netCGI_ContentType  Net4_Dbg_CM3_L.lib(net_http_server.o)
    0x08007220   0x0000006c   Code   RO         3509    i.netCGI_GetEnvVar  Net4_Dbg_CM3_L.lib(net_http_server.o)
    0x0800728c   0x0000014c   Code   RO          185    i.netCGI_ProcessData  http_server_cgi.o
    0x080073d8   0x000003b4   Code   RO          186    i.netCGI_ProcessQuery  http_server_cgi.o
    0x0800778c   0x00000004   Code   RO         3512    i.netCGI_Redirect   Net4_Dbg_CM3_L.lib(net_http_server.o)
    0x08007790   0x00000520   Code   RO          187    i.netCGI_Script     http_server_cgi.o
    0x08007cb0   0x00000004   Code   RO         3514    i.netCGX_ContentType  Net4_Dbg_CM3_L.lib(net_http_server.o)
    0x08007cb4   0x00000058   Code   RO         3620    i.netCore_Thread    Net4_Dbg_CM3_L.lib(net_sys.o)
    0x08007d0c   0x00000004   Code   RO         3515    i.netHTTPs_AcceptClient  Net4_Dbg_CM3_L.lib(net_http_server.o)
    0x08007d10   0x00000004   Code   RO         3516    i.netHTTPs_CheckAccount  Net4_Dbg_CM3_L.lib(net_http_server.o)
    0x08007d14   0x00000004   Code   RO         3517    i.netHTTPs_FileAccess  Net4_Dbg_CM3_L.lib(net_http_server.o)
    0x08007d18   0x0000000c   Code   RO         3521    i.netHTTPs_GetPassword  Net4_Dbg_CM3_L.lib(net_http_server.o)
    0x08007d24   0x0000000c   Code   RO         3526    i.netHTTPs_LoginActive  Net4_Dbg_CM3_L.lib(net_http_server.o)
    0x08007d30   0x0000001c   Code   RO         3527    i.netHTTPs_LoginOnOff  Net4_Dbg_CM3_L.lib(net_http_server.o)
    0x08007d4c   0x00000002   Code   RO         2441    i.netHTTPs_fclose   net_config.o
    0x08007d4e   0x00000004   Code   RO         2442    i.netHTTPs_fgets    net_config.o
    0x08007d52   0x00000004   Code   RO         2443    i.netHTTPs_fopen    net_config.o
    0x08007d56   0x00000004   Code   RO         2444    i.netHTTPs_fread    net_config.o
    0x08007d5a   0x00000002   Code   RO         2445    i.netHTTPs_fstat    net_config.o
    0x08007d5c   0x00000114   Code   RO         3623    i.netInitialize     Net4_Dbg_CM3_L.lib(net_sys.o)
    0x08007e70   0x00000048   Code   RO         3318    i.netSLIP_Listen    Net4_Dbg_CM3_L.lib(net_slip.o)
    0x08007eb8   0x00000064   Code   RO         3319    i.netSLIP_Thread    Net4_Dbg_CM3_L.lib(net_slip.o)
    0x08007f1c   0x00000004   Code   RO         2447    i.netTLS_buf        net_config.o
    0x08007f20   0x00000002   Code   RO         2448    i.netTLS_close      net_config.o
    0x08007f22   0x00000002   Code   RO         2449    i.netTLS_send       net_config.o
    0x08007f24   0x00000004   Code   RO         2450    i.netTLS_socket     net_config.o
    0x08007f28   0x00000068   Code   RO         4362    i.net_addr4_aton    Net4_Dbg_CM3_L.lib(net_addr.o)
    0x08007f90   0x0000001a   Code   RO         4363    i.net_addr4_is_subnet  Net4_Dbg_CM3_L.lib(net_addr.o)
    0x08007faa   0x00000002   PAD
    0x08007fac   0x0000000c   Code   RO         4364    i.net_addr4_ntoa    Net4_Dbg_CM3_L.lib(net_addr.o)
    0x08007fb8   0x00000014   Code   RO         4370    i.net_addr_ntoa     Net4_Dbg_CM3_L.lib(net_addr.o)
    0x08007fcc   0x0000007a   Code   RO         4328    i.net_b64_decode    Net4_Dbg_CM3_L.lib(net_common.o)
    0x08008046   0x00000002   PAD
    0x08008048   0x00000024   Code   RO         4254    i.net_com_flush_buf  Net4_Dbg_CM3_L.lib(net_serial.o)
    0x0800806c   0x00000070   Code   RO         4255    i.net_com_init      Net4_Dbg_CM3_L.lib(net_serial.o)
    0x080080dc   0x0000002c   Code   RO         4256    i.net_com_recv_char  Net4_Dbg_CM3_L.lib(net_serial.o)
    0x08008108   0x00000034   Code   RO         4257    i.net_com_send_char  Net4_Dbg_CM3_L.lib(net_serial.o)
    0x0800813c   0x0000001c   Code   RO         4258    i.net_com_tx_active  Net4_Dbg_CM3_L.lib(net_serial.o)
    0x08008158   0x0000007c   Code   RO         2614    i.net_dbg_error     net_debug.o
    0x080081d4   0x00000004   Code   RO         2615    i.net_dbg_info      net_debug.o
    0x080081d8   0x00000010   Code   RO         3626    i.net_dbg_proc      Net4_Dbg_CM3_L.lib(net_sys.o)
    0x080081e8   0x00000002   Code   RO         2616    i.net_debug_init    net_debug.o
    0x080081ea   0x00000004   Code   RO         2453    i.net_eth_is_my_addr  net_config.o
    0x080081ee   0x00000004   Code   RO         2454    i.net_eth_send_frame  net_config.o
    0x080081f2   0x00000002   PAD
    0x080081f4   0x00000118   Code   RO         3534    i.net_http_server_init  Net4_Dbg_CM3_L.lib(net_http_server.o)
    0x0800830c   0x00000014   Code   RO         3535    i.net_http_server_run  Net4_Dbg_CM3_L.lib(net_http_server.o)
    0x08008320   0x0000026c   Code   RO         4240    i.net_icmp_process  Net4_Dbg_CM3_L.lib(net_icmp.o)
    0x0800858c   0x00000084   Code   RO         4241    i.net_icmp_send_echo  Net4_Dbg_CM3_L.lib(net_icmp.o)
    0x08008610   0x00000004   Code   RO         2457    i.net_igmp_is_member  net_config.o
    0x08008614   0x0000004c   Code   RO         4212    i.net_ip4_checksum  Net4_Dbg_CM3_L.lib(net_ip4.o)
    0x08008660   0x000001dc   Code   RO         4213    i.net_ip4_chk_frame  Net4_Dbg_CM3_L.lib(net_ip4.o)
    0x0800883c   0x00000032   Code   RO         4214    i.net_ip4_chksum_buf  Net4_Dbg_CM3_L.lib(net_ip4.o)
    0x0800886e   0x00000002   PAD
    0x08008870   0x00000040   Code   RO         4215    i.net_ip4_get_local  Net4_Dbg_CM3_L.lib(net_ip4.o)
    0x080088b0   0x00000010   Code   RO         4216    i.net_ip4_init      Net4_Dbg_CM3_L.lib(net_ip4.o)
    0x080088c0   0x0000002c   Code   RO         4217    i.net_ip4_is_subcast  Net4_Dbg_CM3_L.lib(net_ip4.o)
    0x080088ec   0x00000188   Code   RO         4218    i.net_ip4_send_frame  Net4_Dbg_CM3_L.lib(net_ip4.o)
    0x08008a74   0x00000034   Code   RO         4219    i.net_ip4_tx_offload  Net4_Dbg_CM3_L.lib(net_ip4.o)
    0x08008aa8   0x0000003c   Code   RO         3355    i.net_loop_iface_init  Net4_Dbg_CM3_L.lib(net_loop.o)
    0x08008ae4   0x00000090   Code   RO         3356    i.net_loop_iface_run  Net4_Dbg_CM3_L.lib(net_loop.o)
    0x08008b74   0x0000008c   Code   RO         3357    i.net_loop_send_frame  Net4_Dbg_CM3_L.lib(net_loop.o)
    0x08008c00   0x00000124   Code   RO         4307    i.net_mem_alloc     Net4_Dbg_CM3_L.lib(net_mem.o)
    0x08008d24   0x0000001c   Code   RO         4308    i.net_mem_avail     Net4_Dbg_CM3_L.lib(net_mem.o)
    0x08008d40   0x000000ec   Code   RO         4309    i.net_mem_free      Net4_Dbg_CM3_L.lib(net_mem.o)
    0x08008e2c   0x000000b0   Code   RO         4310    i.net_mem_init      Net4_Dbg_CM3_L.lib(net_mem.o)
    0x08008edc   0x00000060   Code   RO         4311    i.net_mem_shrink    Net4_Dbg_CM3_L.lib(net_mem.o)
    0x08008f3c   0x00000014   Code   RO         4275    i.net_modem_hangup  Net4_Dbg_CM3_L.lib(net_modem_drv.o)
    0x08008f50   0x00000028   Code   RO         4276    i.net_modem_init    Net4_Dbg_CM3_L.lib(net_modem_drv.o)
    0x08008f78   0x0000001c   Code   RO         4277    i.net_modem_listen  Net4_Dbg_CM3_L.lib(net_modem_drv.o)
    0x08008f94   0x00000010   Code   RO         4278    i.net_modem_online  Net4_Dbg_CM3_L.lib(net_modem_drv.o)
    0x08008fa4   0x00000088   Code   RO         4279    i.net_modem_process  Net4_Dbg_CM3_L.lib(net_modem_drv.o)
    0x0800902c   0x00000050   Code   RO         4280    i.net_modem_run     Net4_Dbg_CM3_L.lib(net_modem_drv.o)
    0x0800907c   0x00000034   Code   RO         3628    i.net_path          Net4_Dbg_CM3_L.lib(net_sys.o)
    0x080090b0   0x00000028   Code   RO         3604    i.net_ping_client_init  Net4_Dbg_CM3_L.lib(net_ping.o)
    0x080090d8   0x0000008c   Code   RO         3605    i.net_ping_client_run  Net4_Dbg_CM3_L.lib(net_ping.o)
    0x08009164   0x00000004   Code   RO         2461    i.net_ppp_send_frame  net_config.o
    0x08009168   0x0000001c   Code   RO         3629    i.net_rand32        Net4_Dbg_CM3_L.lib(net_sys.o)
    0x08009184   0x000000d4   Code   RO         3321    i.net_slip_iface_init  Net4_Dbg_CM3_L.lib(net_slip.o)
    0x08009258   0x000000ec   Code   RO         3322    i.net_slip_iface_run  Net4_Dbg_CM3_L.lib(net_slip.o)
    0x08009344   0x000000bc   Code   RO         3323    i.net_slip_send_frame  Net4_Dbg_CM3_L.lib(net_slip.o)
    0x08009400   0x00000016   Code   RO         4333    i.net_strchr        Net4_Dbg_CM3_L.lib(net_common.o)
    0x08009416   0x0000001a   Code   RO         4334    i.net_strcmp        Net4_Dbg_CM3_L.lib(net_common.o)
    0x08009430   0x00000012   Code   RO         4335    i.net_strcpy        Net4_Dbg_CM3_L.lib(net_common.o)
    0x08009442   0x00000002   Code   RO         2463    i.net_sys_error     net_config.o
    0x08009444   0x00000010   Code   RO         3630    i.net_sys_lock      Net4_Dbg_CM3_L.lib(net_sys.o)
    0x08009454   0x00000014   Code   RO         3631    i.net_sys_tick      Net4_Dbg_CM3_L.lib(net_sys.o)
    0x08009468   0x0000000c   Code   RO         3632    i.net_sys_unlock    Net4_Dbg_CM3_L.lib(net_sys.o)
    0x08009474   0x00000020   Code   RO         3633    i.net_sys_wakeup    Net4_Dbg_CM3_L.lib(net_sys.o)
    0x08009494   0x000000cc   Code   RO         3388    i.net_tcp_abort     Net4_Dbg_CM3_L.lib(net_tcp.o)
    0x08009560   0x00000140   Code   RO         3391    i.net_tcp_close     Net4_Dbg_CM3_L.lib(net_tcp.o)
    0x080096a0   0x00000044   Code   RO         3394    i.net_tcp_get_buf   Net4_Dbg_CM3_L.lib(net_tcp.o)
    0x080096e4   0x00000028   Code   RO         3396    i.net_tcp_get_mss   Net4_Dbg_CM3_L.lib(net_tcp.o)
    0x0800970c   0x000000b8   Code   RO         3398    i.net_tcp_get_socket  Net4_Dbg_CM3_L.lib(net_tcp.o)
    0x080097c4   0x0000002c   Code   RO         3399    i.net_tcp_get_state  Net4_Dbg_CM3_L.lib(net_tcp.o)
    0x080097f0   0x00000114   Code   RO         3401    i.net_tcp_listen    Net4_Dbg_CM3_L.lib(net_tcp.o)
    0x08009904   0x00000b14   Code   RO         3403    i.net_tcp_process   Net4_Dbg_CM3_L.lib(net_tcp.o)
    0x0800a418   0x00000250   Code   RO         3407    i.net_tcp_send      Net4_Dbg_CM3_L.lib(net_tcp.o)
    0x0800a668   0x000001f8   Code   RO         3408    i.net_tcp_set_option  Net4_Dbg_CM3_L.lib(net_tcp.o)
    0x0800a860   0x00000050   Code   RO         3409    i.net_tcp_socket_init  Net4_Dbg_CM3_L.lib(net_tcp.o)
    0x0800a8b0   0x000004a0   Code   RO         3410    i.net_tcp_socket_run  Net4_Dbg_CM3_L.lib(net_tcp.o)
    0x0800ad50   0x00000002   Code   RO         2464    i.net_udp_process   net_config.o
    0x0800ad52   0x00000002   PAD
    0x0800ad54   0x00000018   Code   RO         2700    i.osDelay           RTX_CM3.lib(rt_cmsis.o)
    0x0800ad6c   0x00000024   Code   RO         2701    i.osKernelInitialize  RTX_CM3.lib(rt_cmsis.o)
    0x0800ad90   0x0000006c   Code   RO         2703    i.osKernelStart     RTX_CM3.lib(rt_cmsis.o)
    0x0800adfc   0x00000018   Code   RO         2712    i.osMessageGet      RTX_CM3.lib(rt_cmsis.o)
    0x0800ae14   0x00000030   Code   RO         2714    i.osMutexCreate     RTX_CM3.lib(rt_cmsis.o)
    0x0800ae44   0x00000018   Code   RO         2716    i.osMutexRelease    RTX_CM3.lib(rt_cmsis.o)
    0x0800ae5c   0x00000018   Code   RO         2717    i.osMutexWait       RTX_CM3.lib(rt_cmsis.o)
    0x0800ae74   0x00000030   Code   RO         2722    i.osSemaphoreCreate  RTX_CM3.lib(rt_cmsis.o)
    0x0800aea4   0x00000018   Code   RO         2724    i.osSemaphoreRelease  RTX_CM3.lib(rt_cmsis.o)
    0x0800aebc   0x00000018   Code   RO         2725    i.osSemaphoreWait   RTX_CM3.lib(rt_cmsis.o)
    0x0800aed4   0x00000018   Code   RO         2726    i.osSignalClear     RTX_CM3.lib(rt_cmsis.o)
    0x0800aeec   0x00000018   Code   RO         2727    i.osSignalSet       RTX_CM3.lib(rt_cmsis.o)
    0x0800af04   0x00000018   Code   RO         2728    i.osSignalWait      RTX_CM3.lib(rt_cmsis.o)
    0x0800af1c   0x00000030   Code   RO         2729    i.osThreadCreate    RTX_CM3.lib(rt_cmsis.o)
    0x0800af4c   0x00000018   Code   RO         2730    i.osThreadExit      RTX_CM3.lib(rt_cmsis.o)
    0x0800af64   0x00000018   Code   RO         2734    i.osThreadTerminate  RTX_CM3.lib(rt_cmsis.o)
    0x0800af7c   0x00000018   Code   RO         2735    i.osThreadYield     RTX_CM3.lib(rt_cmsis.o)
    0x0800af94   0x0000000c   Code   RO         2736    i.osTimerCall       RTX_CM3.lib(rt_cmsis.o)
    0x0800afa0   0x00000034   Code   RO         2737    i.osTimerCreate     RTX_CM3.lib(rt_cmsis.o)
    0x0800afd4   0x00000018   Code   RO         2739    i.osTimerStart      RTX_CM3.lib(rt_cmsis.o)
    0x0800afec   0x0000002c   Code   RO         2741    i.osTimerThread     RTX_CM3.lib(rt_cmsis.o)
    0x0800b018   0x00000020   Code   RO          720    i.os_error          rtx_conf_cm.o
    0x0800b038   0x00000004   Code   RO          721    i.os_idle_demon     rtx_conf_cm.o
    0x0800b03c   0x00000028   Code   RO         3746    i.os_tick_init      RTX_CM3.lib(rt_system.o)
    0x0800b064   0x00000002   Code   RO         3747    i.os_tick_irqack    RTX_CM3.lib(rt_system.o)
    0x0800b066   0x00000002   PAD
    0x0800b068   0x00000010   Code   RO         3606    i.ping_send_req     Net4_Dbg_CM3_L.lib(net_ping.o)
    0x0800b078   0x0000002c   Code   RO         3537    i.proc_req_line     Net4_Dbg_CM3_L.lib(net_http_server.o)
    0x0800b0a4   0x00000018   Code   RO         3325    i.que_add_tail      Net4_Dbg_CM3_L.lib(net_slip.o)
    0x0800b0bc   0x0000000a   Code   RO         3326    i.que_get_first     Net4_Dbg_CM3_L.lib(net_slip.o)
    0x0800b0c6   0x000000a0   Code   RO         3538    i.read_script_line  Net4_Dbg_CM3_L.lib(net_http_server.o)
    0x0800b166   0x0000001a   Code   RO         4109    i.rt_alloc_box      RTX_CM3.lib(rt_membox.o)
    0x0800b180   0x0000003e   Code   RO         4137    i.rt_alloc_mem      RTX_CM3.lib(rt_memory.o)
    0x0800b1be   0x00000002   PAD
    0x0800b1c0   0x00000038   Code   RO         3661    i.rt_block          RTX_CM3.lib(rt_task.o)
    0x0800b1f8   0x00000048   Code   RO         4403    i.rt_chk_robin      RTX_CM3.lib(rt_robin.o)
    0x0800b240   0x00000070   Code   RO         3878    i.rt_dec_dly        RTX_CM3.lib(rt_list.o)
    0x0800b2b0   0x00000044   Code   RO         3662    i.rt_dispatch       RTX_CM3.lib(rt_task.o)
    0x0800b2f4   0x00000006   Code   RO         4044    i.rt_dly_wait       RTX_CM3.lib(rt_time.o)
    0x0800b2fa   0x00000002   PAD
    0x0800b2fc   0x0000001c   Code   RO         3837    i.rt_evt_clr        RTX_CM3.lib(rt_event.o)
    0x0800b318   0x00000050   Code   RO         3839    i.rt_evt_psh        RTX_CM3.lib(rt_event.o)
    0x0800b368   0x0000005c   Code   RO         3840    i.rt_evt_set        RTX_CM3.lib(rt_event.o)
    0x0800b3c4   0x0000003c   Code   RO         3841    i.rt_evt_wait       RTX_CM3.lib(rt_event.o)
    0x0800b400   0x00000020   Code   RO         4110    i.rt_free_box       RTX_CM3.lib(rt_membox.o)
    0x0800b420   0x00000028   Code   RO         4138    i.rt_free_mem       RTX_CM3.lib(rt_memory.o)
    0x0800b448   0x00000028   Code   RO         3879    i.rt_get_first      RTX_CM3.lib(rt_list.o)
    0x0800b470   0x00000024   Code   RO         3880    i.rt_get_same_rdy_prio  RTX_CM3.lib(rt_list.o)
    0x0800b494   0x00000008   Code   RO         2746    i.rt_id2obj         RTX_CM3.lib(rt_cmsis.o)
    0x0800b49c   0x00000048   Code   RO         3663    i.rt_init_context   RTX_CM3.lib(rt_task.o)
    0x0800b4e4   0x0000001a   Code   RO         4139    i.rt_init_mem       RTX_CM3.lib(rt_memory.o)
    0x0800b4fe   0x00000002   PAD
    0x0800b500   0x00000018   Code   RO         4404    i.rt_init_robin     RTX_CM3.lib(rt_robin.o)
    0x0800b518   0x00000080   Code   RO         4164    i.rt_init_stack     RTX_CM3.lib(hal_cm.o)
    0x0800b598   0x00000008   Code   RO         3956    i.rt_mbx_check      RTX_CM3.lib(rt_mailbox.o)
    0x0800b5a0   0x0000001a   Code   RO         3957    i.rt_mbx_init       RTX_CM3.lib(rt_mailbox.o)
    0x0800b5ba   0x00000002   PAD
    0x0800b5bc   0x000000f0   Code   RO         3958    i.rt_mbx_psh        RTX_CM3.lib(rt_mailbox.o)
    0x0800b6ac   0x000000b4   Code   RO         3960    i.rt_mbx_wait       RTX_CM3.lib(rt_mailbox.o)
    0x0800b760   0x0000003c   Code   RO         2747    i.rt_ms2tick        RTX_CM3.lib(rt_cmsis.o)
    0x0800b79c   0x00000010   Code   RO         4078    i.rt_mut_init       RTX_CM3.lib(rt_mutex.o)
    0x0800b7ac   0x000000d8   Code   RO         4079    i.rt_mut_release    RTX_CM3.lib(rt_mutex.o)
    0x0800b884   0x00000068   Code   RO         4080    i.rt_mut_wait       RTX_CM3.lib(rt_mutex.o)
    0x0800b8ec   0x0000007c   Code   RO         3750    i.rt_pop_req        RTX_CM3.lib(rt_system.o)
    0x0800b968   0x00000020   Code   RO         3751    i.rt_psh_req        RTX_CM3.lib(rt_system.o)
    0x0800b988   0x0000005c   Code   RO         3881    i.rt_psq_enq        RTX_CM3.lib(rt_list.o)
    0x0800b9e4   0x00000048   Code   RO         3882    i.rt_put_dly        RTX_CM3.lib(rt_list.o)
    0x0800ba2c   0x00000036   Code   RO         3883    i.rt_put_prio       RTX_CM3.lib(rt_list.o)
    0x0800ba62   0x00000002   PAD
    0x0800ba64   0x00000014   Code   RO         3884    i.rt_put_rdy_first  RTX_CM3.lib(rt_list.o)
    0x0800ba78   0x00000034   Code   RO         3885    i.rt_resort_prio    RTX_CM3.lib(rt_list.o)
    0x0800baac   0x00000006   Code   RO         4165    i.rt_ret_val        RTX_CM3.lib(hal_cm.o)
    0x0800bab2   0x00000008   Code   RO         4166    i.rt_ret_val2       RTX_CM3.lib(hal_cm.o)
    0x0800baba   0x00000028   Code   RO         3886    i.rt_rmv_dly        RTX_CM3.lib(rt_list.o)
    0x0800bae2   0x00000002   PAD
    0x0800bae4   0x00000030   Code   RO         3887    i.rt_rmv_list       RTX_CM3.lib(rt_list.o)
    0x0800bb14   0x0000000c   Code   RO         4004    i.rt_sem_init       RTX_CM3.lib(rt_semaphore.o)
    0x0800bb20   0x00000034   Code   RO         4005    i.rt_sem_psh        RTX_CM3.lib(rt_semaphore.o)
    0x0800bb54   0x0000002a   Code   RO         4006    i.rt_sem_send       RTX_CM3.lib(rt_semaphore.o)
    0x0800bb7e   0x00000002   PAD
    0x0800bb80   0x00000040   Code   RO         4007    i.rt_sem_wait       RTX_CM3.lib(rt_semaphore.o)
    0x0800bbc0   0x00000024   Code   RO         3753    i.rt_stk_check      RTX_CM3.lib(rt_system.o)
    0x0800bbe4   0x00000028   Code   RO         3664    i.rt_switch_req     RTX_CM3.lib(rt_task.o)
    0x0800bc0c   0x000000cc   Code   RO         3665    i.rt_sys_init       RTX_CM3.lib(rt_task.o)
    0x0800bcd8   0x00000078   Code   RO         3666    i.rt_sys_start      RTX_CM3.lib(rt_task.o)
    0x0800bd50   0x00000040   Code   RO         3755    i.rt_systick        RTX_CM3.lib(rt_system.o)
    0x0800bd90   0x00000012   Code   RO         2748    i.rt_tid2ptcb       RTX_CM3.lib(rt_cmsis.o)
    0x0800bda2   0x00000002   PAD
    0x0800bda4   0x00000034   Code   RO         2749    i.rt_timer_insert   RTX_CM3.lib(rt_cmsis.o)
    0x0800bdd8   0x0000003c   Code   RO         2750    i.rt_timer_remove   RTX_CM3.lib(rt_cmsis.o)
    0x0800be14   0x00000080   Code   RO         3667    i.rt_tsk_create     RTX_CM3.lib(rt_task.o)
    0x0800be94   0x00000174   Code   RO         3668    i.rt_tsk_delete     RTX_CM3.lib(rt_task.o)
    0x0800c008   0x00000030   Code   RO         3669    i.rt_tsk_pass       RTX_CM3.lib(rt_task.o)
    0x0800c038   0x0000007c   Code   RO         3670    i.rt_tsk_prio       RTX_CM3.lib(rt_task.o)
    0x0800c0b4   0x00000010   Code   RO         3671    i.rt_tsk_self       RTX_CM3.lib(rt_task.o)
    0x0800c0c4   0x000002b0   Code   RO          188    i.save_display_para_to_flash  http_server_cgi.o
    0x0800c374   0x00000048   Code   RO         3539    i.search_delim      Net4_Dbg_CM3_L.lib(net_http_server.o)
    0x0800c3bc   0x00000010   Code   RO         3327    i.slip_lock         Net4_Dbg_CM3_L.lib(net_slip.o)
    0x0800c3cc   0x000000e8   Code   RO         3328    i.slip_receive      Net4_Dbg_CM3_L.lib(net_slip.o)
    0x0800c4b4   0x000000c8   Code   RO         3329    i.slip_transmit     Net4_Dbg_CM3_L.lib(net_slip.o)
    0x0800c57c   0x0000000c   Code   RO         3330    i.slip_unlock       Net4_Dbg_CM3_L.lib(net_slip.o)
    0x0800c588   0x00000014   Code   RO         2751    i.svcDelay          RTX_CM3.lib(rt_cmsis.o)
    0x0800c59c   0x00000070   Code   RO         2752    i.svcKernelInitialize  RTX_CM3.lib(rt_cmsis.o)
    0x0800c60c   0x00000048   Code   RO         2754    i.svcKernelStart    RTX_CM3.lib(rt_cmsis.o)
    0x0800c654   0x00000024   Code   RO         2757    i.svcMessageCreate  RTX_CM3.lib(rt_cmsis.o)
    0x0800c678   0x0000003a   Code   RO         2758    i.svcMessageGet     RTX_CM3.lib(rt_cmsis.o)
    0x0800c6b2   0x0000001c   Code   RO         2760    i.svcMutexCreate    RTX_CM3.lib(rt_cmsis.o)
    0x0800c6ce   0x00000022   Code   RO         2762    i.svcMutexRelease   RTX_CM3.lib(rt_cmsis.o)
    0x0800c6f0   0x00000036   Code   RO         2763    i.svcMutexWait      RTX_CM3.lib(rt_cmsis.o)
    0x0800c726   0x00000024   Code   RO         2765    i.svcSemaphoreCreate  RTX_CM3.lib(rt_cmsis.o)
    0x0800c74a   0x00000028   Code   RO         2767    i.svcSemaphoreRelease  RTX_CM3.lib(rt_cmsis.o)
    0x0800c772   0x00000032   Code   RO         2768    i.svcSemaphoreWait  RTX_CM3.lib(rt_cmsis.o)
    0x0800c7a4   0x00000024   Code   RO         2769    i.svcSignalClear    RTX_CM3.lib(rt_cmsis.o)
    0x0800c7c8   0x00000024   Code   RO         2770    i.svcSignalSet      RTX_CM3.lib(rt_cmsis.o)
    0x0800c7ec   0x00000054   Code   RO         2771    i.svcSignalWait     RTX_CM3.lib(rt_cmsis.o)
    0x0800c840   0x00000070   Code   RO         2772    i.svcThreadCreate   RTX_CM3.lib(rt_cmsis.o)
    0x0800c8b0   0x0000001c   Code   RO         2773    i.svcThreadGetId    RTX_CM3.lib(rt_cmsis.o)
    0x0800c8cc   0x00000038   Code   RO         2776    i.svcThreadTerminate  RTX_CM3.lib(rt_cmsis.o)
    0x0800c904   0x0000000a   Code   RO         2777    i.svcThreadYield    RTX_CM3.lib(rt_cmsis.o)
    0x0800c90e   0x00000018   Code   RO         2778    i.svcTimerCall      RTX_CM3.lib(rt_cmsis.o)
    0x0800c926   0x00000002   PAD
    0x0800c928   0x00000038   Code   RO         2779    i.svcTimerCreate    RTX_CM3.lib(rt_cmsis.o)
    0x0800c960   0x00000064   Code   RO         2781    i.svcTimerStart     RTX_CM3.lib(rt_cmsis.o)
    0x0800c9c4   0x0000005c   Code   RO         2787    i.sysTimerTick      RTX_CM3.lib(rt_cmsis.o)
    0x0800ca20   0x0000004c   Code   RO         3634    i.sys_proc_tick     Net4_Dbg_CM3_L.lib(net_sys.o)
    0x0800ca6c   0x0000010c   Code   RO         3411    i.tcp_map_socket    Net4_Dbg_CM3_L.lib(net_tcp.o)
    0x0800cb78   0x000000a8   Code   RO         3412    i.tcp_parse_opt     Net4_Dbg_CM3_L.lib(net_tcp.o)
    0x0800cc20   0x0000010c   Code   RO         3413    i.tcp_proc_acknr    Net4_Dbg_CM3_L.lib(net_tcp.o)
    0x0800cd2c   0x000000cc   Code   RO         3414    i.tcp_proc_dupack   Net4_Dbg_CM3_L.lib(net_tcp.o)
    0x0800cdf8   0x0000001a   Code   RO         3415    i.tcp_que_free      Net4_Dbg_CM3_L.lib(net_tcp.o)
    0x0800ce12   0x0000001a   Code   RO         3416    i.tcp_que_init      Net4_Dbg_CM3_L.lib(net_tcp.o)
    0x0800ce2c   0x000000dc   Code   RO         3417    i.tcp_que_resend    Net4_Dbg_CM3_L.lib(net_tcp.o)
    0x0800cf08   0x0000009c   Code   RO         3418    i.tcp_send_ctrl     Net4_Dbg_CM3_L.lib(net_tcp.o)
    0x0800cfa4   0x00000088   Code   RO         3419    i.tcp_send_data     Net4_Dbg_CM3_L.lib(net_tcp.o)
    0x0800d02c   0x00000084   Code   RO         3420    i.tcp_send_reset    Net4_Dbg_CM3_L.lib(net_tcp.o)
    0x0800d0b0   0x00000044   Code   RO         3421    i.tcp_set_cwnd      Net4_Dbg_CM3_L.lib(net_tcp.o)
    0x0800d0f4   0x00000068   Code   RO         3422    i.tcp_transit       Net4_Dbg_CM3_L.lib(net_tcp.o)
    0x0800d15c   0x000000c0   Code   RO         3423    i.tcp_write         Net4_Dbg_CM3_L.lib(net_tcp.o)
    0x0800d21c   0x000000f0   Code   RO         3540    i.utc_to_http       Net4_Dbg_CM3_L.lib(net_http_server.o)
    0x0800d30c   0x00012170   Data   RO            3    .constdata          web.o
    0x0801f47c   0x00000610   Data   RO          454    .constdata          led_display.o
    0x0801fa8c   0x00000056   Data   RO          723    .constdata          rtx_conf_cm.o
    0x0801fae2   0x00000002   PAD
    0x0801fae4   0x00000184   Data   RO          815    .constdata          usart_stm32f10x.o
    0x0801fc68   0x000000f8   Data   RO         2466    .constdata          net_config.o
    0x0801fd60   0x0000001c   Data   RO         2655    .constdata          modem_null.o
    0x0801fd7c   0x00000044   Data   RO         3424    .constdata          Net4_Dbg_CM3_L.lib(net_tcp.o)
    0x0801fdc0   0x000000fa   Data   RO         3541    .constdata          Net4_Dbg_CM3_L.lib(net_http_server.o)
    0x0801feba   0x00000012   Data   RO         3608    .constdata          Net4_Dbg_CM3_L.lib(net_ping.o)
    0x0801fecc   0x000000b6   Data   RO         3637    .constdata          Net4_Dbg_CM3_L.lib(net_sys.o)
    0x0801ff82   0x00000020   Data   RO         4220    .constdata          Net4_Dbg_CM3_L.lib(net_ip4.o)
    0x0801ffa2   0x00000002   PAD
    0x0801ffa4   0x00000018   Data   RO         4242    .constdata          Net4_Dbg_CM3_L.lib(net_icmp.o)
    0x0801ffbc   0x00000018   Data   RO         4297    .constdata          Net4_Dbg_CM3_L.lib(net_http_server_err.o)
    0x0801ffd4   0x00000081   Data   RO         4783    .constdata          mc_w.l(ctype_o.o)
    0x08020055   0x00000003   PAD
    0x08020058   0x00000004   Data   RO         4784    .constdata          mc_w.l(ctype_o.o)
    0x0802005c   0x00000128   Data   RO          189    .conststring        http_server_cgi.o
    0x08020184   0x00000045   Data   RO         2467    .conststring        net_config.o
    0x080201c9   0x00000003   PAD
    0x080201cc   0x0000006d   Data   RO         3425    .conststring        Net4_Dbg_CM3_L.lib(net_tcp.o)
    0x08020239   0x00000003   PAD
    0x0802023c   0x00000043   Data   RO         4243    .conststring        Net4_Dbg_CM3_L.lib(net_icmp.o)
    0x0802027f   0x00000001   PAD
    0x08020280   0x000001ff   Data   RO         4298    .conststring        Net4_Dbg_CM3_L.lib(net_http_server_err.o)
    0x0802047f   0x00000001   PAD
    0x08020480   0x00000020   Data   RO         4819    Region$$Table       anon$$obj.o


    Execution Region RW_IRAM1 (Base: 0x20000000, Size: 0x00005c30, Max: 0x00010000, ABSOLUTE)

    Base Addr    Size         Type   Attr      Idx    E Section Name        Object

    0x20000000   0x00000008   Data   RW          190    .data               http_server_cgi.o
    0x20000008   0x00000001   Data   RW          290    .data               main.o
    0x20000009   0x00000003   PAD
    0x2000000c   0x0000000f   Data   RW          455    .data               led_display.o
    0x2000001b   0x00000001   PAD
    0x2000001c   0x00000004   Data   RW          553    .data               flash_spi.o
    0x20000020   0x00000020   Data   RW          724    .data               rtx_conf_cm.o
    0x20000040   0x00000008   Data   RW         2468    .data               net_config.o
    0x20000048   0x00000008   Data   RW         2656    .data               modem_null.o
    0x20000050   0x00000008   Data   RW         2790    .data               RTX_CM3.lib(rt_cmsis.o)
    0x20000058   0x00000008   Data   RW         3358    .data               Net4_Dbg_CM3_L.lib(net_loop.o)
    0x20000060   0x00000004   Data   RW         3426    .data               Net4_Dbg_CM3_L.lib(net_tcp.o)
    0x20000064   0x00000010   Data   RW         3542    .data               Net4_Dbg_CM3_L.lib(net_http_server.o)
    0x20000074   0x00000014   Data   RW         3638    .data               Net4_Dbg_CM3_L.lib(net_sys.o)
    0x20000088   0x00000008   Data   RW         3673    .data               RTX_CM3.lib(rt_task.o)
    0x20000090   0x00000008   Data   RW         3758    .data               RTX_CM3.lib(rt_system.o)
    0x20000098   0x00000004   Data   RW         4048    .data               RTX_CM3.lib(rt_time.o)
    0x2000009c   0x00000001   Data   RW         4167    .data               RTX_CM3.lib(hal_cm.o)
    0x2000009d   0x00000003   PAD
    0x200000a0   0x00000008   Data   RW         4221    .data               Net4_Dbg_CM3_L.lib(net_ip4.o)
    0x200000a8   0x00000008   Data   RW         4405    .data               RTX_CM3.lib(rt_robin.o)
    0x200000b0   0x00000004   Data   RW         4457    .data               mc_w.l(strtok.o)
    0x200000b4   0x00000004   Data   RW         4743    .data               mc_w.l(stdout.o)
    0x200000b8   0x00000004   Data   RW         4753    .data               mc_w.l(errno.o)
    0x200000bc   0x0000029c   Zero   RW          453    .bss                led_display.o
    0x20000358   0x00001dd8   Zero   RW          722    .bss                rtx_conf_cm.o
    0x20002130   0x000000a8   Zero   RW          814    .bss                usart_stm32f10x.o
    0x200021d8   0x000033b4   Zero   RW         2465    .bss                net_config.o
    0x2000558c   0x00000018   Zero   RW         3331    .bss                Net4_Dbg_CM3_L.lib(net_slip.o)
    0x200055a4   0x00000020   Zero   RW         3607    .bss                Net4_Dbg_CM3_L.lib(net_ping.o)
    0x200055c4   0x00000030   Zero   RW         3635    .bss                Net4_Dbg_CM3_L.lib(net_sys.o)
    0x200055f4   0x00000018   Zero   RW         3636    .bss                Net4_Dbg_CM3_L.lib(net_sys.o)
    0x2000560c   0x00000034   Zero   RW         3672    .bss                RTX_CM3.lib(rt_task.o)
    0x20005640   0x00000030   Zero   RW         3888    .bss                RTX_CM3.lib(rt_list.o)
    0x20005670   0x0000014c   Zero   RW         4259    .bss                Net4_Dbg_CM3_L.lib(net_serial.o)
    0x200057bc   0x0000003c   Zero   RW         4281    .bss                Net4_Dbg_CM3_L.lib(net_modem_drv.o)
    0x200057f8   0x00000014   Zero   RW         4312    .bss                Net4_Dbg_CM3_L.lib(net_mem.o)
    0x2000580c   0x00000022   Zero   RW         4372    .bss                Net4_Dbg_CM3_L.lib(net_addr.o)
    0x2000582e   0x00000002   PAD
    0x20005830   0x00000400   Zero   RW         2388    STACK               startup_stm32f10x_cl.o


==============================================================================

Image component sizes


      Code (inc. data)   RO Data    RW Data    ZI Data      Debug   Object Name

         0          0          0          0          0     234080   board_led.o
       342         52          0          0          0      11407   dma_stm32f10x.o
       100          8          0          0          0       4837   esp8266.o
      1166        100          0          4          0       6854   flash_spi.o
       676         76          0          0          0       6437   gpio_stm32f10x.o
      3280        606        296          8          0      43024   http_server_cgi.o
      2990        128       1552         15        668       7905   led_display.o
        96         38          0          1          0       1331   main.o
       384         94         28          8          0       4539   modem_null.o
        48          0        317          8      13236      18514   net_config.o
       130         34          0          0          0       3324   net_debug.o
       736         52          0          0          0       3903   port_08_12.o
       170          4          0          0          0       1380   rtc.o
        60          6         86         32       7640       7400   rtx_conf_cm.o
        36          8        336          0       1024        784   startup_stm32f10x_cl.o
       286          0          0          0          0       3140   stm32f10x_gpio.o
        12          6          0          0          0        546   stm32f10x_pwr.o
        64         12          0          0          0       1210   stm32f10x_rcc.o
        88         18          0          0          0       2102   stm32f10x_rtc.o
       112          0          0          0          0       4002   stm32f10x_spi.o
        34          0          0          0          0       2671   stm32f10x_usart.o
       396         32          0          0          0       1893   system_stm32f10x.o
        36          4          0          0          0        488   usart1.o
      5522        308        388          0        168      67494   usart_stm32f10x.o
       136          8      74096          0          0       6252   web.o

    ----------------------------------------------------------------------
     16934       1594      77136         80      22736     445517   Object Totals
         0          0         32          0          0          0   (incl. Generated)
        34          0          5          4          0          0   (incl. Padding)

    ----------------------------------------------------------------------

      Code (inc. data)   RO Data    RW Data    ZI Data      Debug   Library Member Name

       214         52          0          0         34        364   net_addr.o
       188          0          0          0          0        288   net_common.o
      7748       2580        250         16          0       2852   net_http_server.o
         0          0        535          0          0          0   net_http_server_err.o
       960        438         91          0          0        248   net_icmp.o
      1540        466         32          8          0        912   net_ip4.o
       400        142          0          8          0        312   net_loop.o
       856        340          0          0         20        564   net_mem.o
       420         44          0          0         60        632   net_modem_drv.o
       196         76         18          0         32        220   net_ping.o
       316         36          0          0        332        444   net_serial.o
      1302        312          0          0         24        876   net_slip.o
       624        172        182         20         72        780   net_sys.o
      8604       3260        177          4          0       2368   net_tcp.o
       238         24          0          1          0       2968   hal_cm.o
       304         36          0          0          0        760   hal_cm3.o
      2242        246          0          8          0      45895   rt_cmsis.o
       300         24          0          0          0       2735   rt_event.o
       566         44          0          0         48       7844   rt_list.o
       550         10          0          0          0       3373   rt_mailbox.o
       128          0          0          0          0       1677   rt_membox.o
       128          0          0          0          0       2059   rt_memory.o
       336         12          0          0          0       1825   rt_mutex.o
        96         22          0          8          0       1134   rt_robin.o
       186         10          0          0          0       2554   rt_semaphore.o
       298         52          0          8          0       5951   rt_system.o
      1248        184          0          8         52       9263   rt_task.o
         6          0          0          4          0        620   rt_time.o
         4          4          0          0          0        200   svc_table.o
        56          8          0          0          0         84   __0sscanf.o
        28          0          0          0          0         68   _chval.o
       812          4          0          0          0        112   _scanf.o
       332          0          0          0          0         96   _scanf_int.o
        64          0          0          0          0         84   _sgetc.o
       158          0          0          0          0         92   _strtoul.o
        26          0          0          0          0         80   atoi.o
         8          4        133          0          0         68   ctype_o.o
         0          0          0          0          0          0   entry.o
         0          0          0          0          0          0   entry10a.o
         0          0          0          0          0          0   entry11a.o
         8          4          0          0          0          0   entry2.o
         4          0          0          0          0          0   entry5.o
         0          0          0          0          0          0   entry7b.o
         0          0          0          0          0          0   entry8b.o
         8          4          0          4          0         68   errno.o
        30          0          0          0          0          0   handlers.o
        36          8          0          0          0         68   init.o
        18          0          0          0          0         76   isspace_o.o
         0          0          0          0          0          0   iusefp.o
        30          0          0          0          0         68   llshl.o
        36          0          0          0          0         68   llsshr.o
        32          0          0          0          0         68   llushr.o
        26          0          0          0          0         80   memcmp.o
        36          0          0          0          0         68   memcpya.o
        36          0          0          0          0        108   memseta.o
      1204         60          0          0          0        504   printf8.o
      2210         88          0          0          0        428   printfa.o
        40          8          0          0          0         84   scanf_char.o
         0          0          0          4          0          0   stdout.o
        28          0          0          0          0         76   strcmp.o
        18          0          0          0          0         68   strcpy.o
        14          0          0          0          0         68   strlen.o
        30          0          0          0          0         80   strncmp.o
        68          6          0          4          0         80   strtok.o
       112          0          0          0          0         88   strtol.o
        44          0          0          0          0         80   uidiv.o
        98          0          0          0          0         92   uldiv.o
        48          0          0          0          0         68   cdrcmple.o
       334          0          0          0          0        148   dadd.o
       222          0          0          0          0        100   ddiv.o
       186          0          0          0          0        176   depilogue.o
        48          0          0          0          0         68   dfixul.o
       228          0          0          0          0         96   dmul.o

    ----------------------------------------------------------------------
     36758       8780       1428        108        676     103378   Library Totals
        44          0         10          3          2          0   (incl. Padding)

    ----------------------------------------------------------------------

      Code (inc. data)   RO Data    RW Data    ZI Data      Debug   Library Name

     23368       7918       1285         56        574      10860   Net4_Dbg_CM3_L.lib
      6630        668          0         37        100      88858   RTX_CM3.lib
      5650        194        133         12          0       3004   mc_w.l
      1066          0          0          0          0        656   mf_w.l

    ----------------------------------------------------------------------
     36758       8780       1428        108        676     103378   Library Totals

    ----------------------------------------------------------------------

==============================================================================


      Code (inc. data)   RO Data    RW Data    ZI Data      Debug   

     53692      10374      78564        188      23412     525283   Grand Totals
     53692      10374      78564        188      23412     525283   ELF Image Totals
     53692      10374      78564        188          0          0   ROM Totals

==============================================================================

    Total RO  Size (Code + RO Data)               132256 ( 129.16kB)
    Total RW  Size (RW Data + ZI Data)             23600 (  23.05kB)
    Total ROM Size (Code + RO Data + RW Data)     132444 ( 129.34kB)

==============================================================================

